
> joule-hvac@1.0.0 test
> vitest --run --reporter=verbose


[1m[46m RUN [49m[22m [36mv4.0.8 [39m[90mC:/Users/Thomas/calculators/engineering-tools[39m

 [32mΓ£ô[39m src/lib/csvNormalization.test.js[2m > [22mnormalizeCsvData runtime unit conversion[2m > [22mconverts minutes to seconds for Heat Stage 1 and leaves others intact[32m 8[2mms[22m[39m
 [32mΓ£ô[39m src/lib/csvNormalization.test.js[2m > [22mnormalizeCsvData runtime unit conversion[2m > [22mconverts milliseconds to seconds for Aux Heat 1 and rounds[32m 1[2mms[22m[39m
 [32mΓ£ô[39m src/lib/csvNormalization.test.js[2m > [22mnormalizeCsvData runtime unit conversion[2m > [22minfers minutes when header lacks unit but values are small[32m 1[2mms[22m[39m
node.exe : [90mstderr[2m | src/lib/__tests__/fullPrecisionEstimate.test.js[2m > [22m[2mreturns 
near-zero energy and cost when indoor equals outdoor for all hours
At line:1 char:1
+ & "C:\Program Files\nodejs/node.exe" "C:\Program Files\nodejs/node_mo ...
+ ~~~~~~~~~~~~~~~~~~~~~~~~~~~~~~~~~~~~~~~~~~~~~~~~~~~~~~~~~~~~~~~~~~~~~
    + CategoryInfo          : NotSpecified: ([90mstderr[2m...r for all hours:String) [], RemoteEx 
   ception
    + FullyQualifiedErrorId : NativeCommandError
 
[22m[39mcomputeHourlyCoolingPerformance received invalid inputs {
  tons: [33m2.5[39m,
  indoorTemp: [33m70[39m,
  heatLossBtu: [33mNaN[39m,
  seer2: [33m15[39m,
  solarExposure: [33m1[39m,
  outdoorTemp: [33m70[39m,
  humidity: [33m50[39m
}
computeHourlyCoolingPerformance received invalid inputs {
  tons: [33m2.5[39m,
  indoorTemp: [33m70[39m,
  heatLossBtu: [33mNaN[39m,
  seer2: [33m15[39m,
  solarExposure: [33m1[39m,
  outdoorTemp: [33m70[39m,
  humidity: [33m50[39m
}
computeHourlyCoolingPerformance received invalid inputs {
  tons: [33m2.5[39m,
  indoorTemp: [33m70[39m,
  heatLossBtu: [33mNaN[39m,
  seer2: [33m15[39m,
  solarExposure: [33m1[39m,
  outdoorTemp: [33m70[39m,
  humidity: [33m50[39m
}
computeHourlyCoolingPerformance received invalid inputs {
  tons: [33m2.5[39m,
  indoorTemp: [33m70[39m,
  heatLossBtu: [33mNaN[39m,
  seer2: [33m15[39m,
  solarExposure: [33m1[39m,
  outdoorTemp: [33m70[39m,
  humidity: [33m50[39m
}
computeHourlyCoolingPerformance received invalid inputs {
  tons: [33m2.5[39m,
  indoorTemp: [33m70[39m,
  heatLossBtu: [33mNaN[39m,
  seer2: [33m15[39m,
  solarExposure: [33m1[39m,
  outdoorTemp: [33m70[39m,
  humidity: [33m50[39m
}
computeHourlyCoolingPerformance received invalid inputs {
  tons: [33m2.5[39m,
  indoorTemp: [33m70[39m,
  heatLossBtu: [33mNaN[39m,
  seer2: [33m15[39m,
  solarExposure: [33m1[39m,
  outdoorTemp: [33m70[39m,
  humidity: [33m50[39m
}
computeHourlyCoolingPerformance received invalid inputs {
  tons: [33m2.5[39m,
  indoorTemp: [33m70[39m,
  heatLossBtu: [33mNaN[39m,
  seer2: [33m15[39m,
  solarExposure: [33m1[39m,
  outdoorTemp: [33m70[39m,
  humidity: [33m50[39m
}
computeHourlyCoolingPerformance received invalid inputs {
  tons: [33m2.5[39m,
  indoorTemp: [33m70[39m,
  heatLossBtu: [33mNaN[39m,
  seer2: [33m15[39m,
  solarExposure: [33m1[39m,
  outdoorTemp: [33m70[39m,
  humidity: [33m50[39m
}
computeHourlyCoolingPerformance received invalid inputs {
  tons: [33m2.5[39m,
  indoorTemp: [33m70[39m,
  heatLossBtu: [33mNaN[39m,
  seer2: [33m15[39m,
  solarExposure: [33m1[39m,
  outdoorTemp: [33m70[39m,
  humidity: [33m50[39m
}
computeHourlyCoolingPerformance received invalid inputs {
  tons: [33m2.5[39m,
  indoorTemp: [33m70[39m,
  heatLossBtu: [33mNaN[39m,
  seer2: [33m15[39m,
  solarExposure: [33m1[39m,
  outdoorTemp: [33m70[39m,
  humidity: [33m50[39m
}
computeHourlyCoolingPerformance received invalid inputs {
  tons: [33m2.5[39m,
  indoorTemp: [33m70[39m,
  heatLossBtu: [33mNaN[39m,
  seer2: [33m15[39m,
  solarExposure: [33m1[39m,
  outdoorTemp: [33m70[39m,
  humidity: [33m50[39m
}
computeHourlyCoolingPerformance received invalid inputs {
  tons: [33m2.5[39m,
  indoorTemp: [33m70[39m,
  heatLossBtu: [33mNaN[39m,
  seer2: [33m15[39m,
  solarExposure: [33m1[39m,
  outdoorTemp: [33m70[39m,
  humidity: [33m50[39m
}
computeHourlyCoolingPerformance received invalid inputs {
  tons: [33m2.5[39m,
  indoorTemp: [33m70[39m,
  heatLossBtu: [33mNaN[39m,
  seer2: [33m15[39m,
  solarExposure: [33m1[39m,
  outdoorTemp: [33m70[39m,
  humidity: [33m50[39m
}
computeHourlyCoolingPerformance received invalid inputs {
  tons: [33m2.5[39m,
  indoorTemp: [33m70[39m,
  heatLossBtu: [33mNaN[39m,
  seer2: [33m15[39m,
  solarExposure: [33m1[39m,
  outdoorTemp: [33m70[39m,
  humidity: [33m50[39m
}
computeHourlyCoolingPerformance received invalid inputs {
  tons: [33m2.5[39m,
  indoorTemp: [33m70[39m,
  heatLossBtu: [33mNaN[39m,
  seer2: [33m15[39m,
  solarExposure: [33m1[39m,
  outdoorTemp: [33m70[39m,
  humidity: [33m50[39m
}
computeHourlyCoolingPerformance received invalid inputs {
  tons: [33m2.5[39m,
  indoorTemp: [33m70[39m,
  heatLossBtu: [33mNaN[39m,
  seer2: [33m15[39m,
  solarExposure: [33m1[39m,
  outdoorTemp: [33m70[39m,
  humidity: [33m50[39m
}
computeHourlyCoolingPerformance received invalid inputs {
  tons: [33m2.5[39m,
  indoorTemp: [33m70[39m,
  heatLossBtu: [33mNaN[39m,
  seer2: [33m15[39m,
  solarExposure: [33m1[39m,
  outdoorTemp: [33m70[39m,
  humidity: [33m50[39m
}
computeHourlyCoolingPerformance received invalid inputs {
  tons: [33m2.5[39m,
  indoorTemp: [33m70[39m,
  heatLossBtu: [33mNaN[39m,
  seer2: [33m15[39m,
  solarExposure: [33m1[39m,
  outdoorTemp: [33m70[39m,
  humidity: [33m50[39m
}
computeHourlyCoolingPerformance received invalid inputs {
  tons: [33m2.5[39m,
  indoorTemp: [33m70[39m,
  heatLossBtu: [33mNaN[39m,
  seer2: [33m15[39m,
  solarExposure: [33m1[39m,
  outdoorTemp: [33m70[39m,
  humidity: [33m50[39m
}
computeHourlyCoolingPerformance received invalid inputs {
  tons: [33m2.5[39m,
  indoorTemp: [33m70[39m,
  heatLossBtu: [33mNaN[39m,
  seer2: [33m15[39m,
  solarExposure: [33m1[39m,
  outdoorTemp: [33m70[39m,
  humidity: [33m50[39m
}
computeHourlyCoolingPerformance received invalid inputs {
  tons: [33m2.5[39m,
  indoorTemp: [33m70[39m,
  heatLossBtu: [33mNaN[39m,
  seer2: [33m15[39m,
  solarExposure: [33m1[39m,
  outdoorTemp: [33m70[39m,
  humidity: [33m50[39m
}
computeHourlyCoolingPerformance received invalid inputs {
  tons: [33m2.5[39m,
  indoorTemp: [33m70[39m,
  heatLossBtu: [33mNaN[39m,
  seer2: [33m15[39m,
  solarExposure: [33m1[39m,
  outdoorTemp: [33m70[39m,
  humidity: [33m50[39m
}
computeHourlyCoolingPerformance received invalid inputs {
  tons: [33m2.5[39m,
  indoorTemp: [33m70[39m,
  heatLossBtu: [33mNaN[39m,
  seer2: [33m15[39m,
  solarExposure: [33m1[39m,
  outdoorTemp: [33m70[39m,
  humidity: [33m50[39m
}
computeHourlyCoolingPerformance received invalid inputs {
  tons: [33m2.5[39m,
  indoorTemp: [33m70[39m,
  heatLossBtu: [33mNaN[39m,
  seer2: [33m15[39m,
  solarExposure: [33m1[39m,
  outdoorTemp: [33m70[39m,
  humidity: [33m50[39m
}
computeHourlyCoolingPerformance received invalid inputs {
  tons: [33m2.5[39m,
  indoorTemp: [33m70[39m,
  heatLossBtu: [33mNaN[39m,
  seer2: [33m15[39m,
  solarExposure: [33m1[39m,
  outdoorTemp: [33m70[39m,
  humidity: [33m50[39m
}
computeHourlyCoolingPerformance received invalid inputs {
  tons: [33m2.5[39m,
  indoorTemp: [33m70[39m,
  heatLossBtu: [33mNaN[39m,
  seer2: [33m15[39m,
  solarExposure: [33m1[39m,
  outdoorTemp: [33m70[39m,
  humidity: [33m50[39m
}
computeHourlyCoolingPerformance received invalid inputs {
  tons: [33m2.5[39m,
  indoorTemp: [33m70[39m,
  heatLossBtu: [33mNaN[39m,
  seer2: [33m15[39m,
  solarExposure: [33m1[39m,
  outdoorTemp: [33m70[39m,
  humidity: [33m50[39m
}
computeHourlyCoolingPerformance received invalid inputs {
  tons: [33m2.5[39m,
  indoorTemp: [33m70[39m,
  heatLossBtu: [33mNaN[39m,
  seer2: [33m15[39m,
  solarExposure: [33m1[39m,
  outdoorTemp: [33m70[39m,
  humidity: [33m50[39m
}
computeHourlyCoolingPerformance received invalid inputs {
  tons: [33m2.5[39m,
  indoorTemp: [33m70[39m,
  heatLossBtu: [33mNaN[39m,
  seer2: [33m15[39m,
  solarExposure: [33m1[39m,
  outdoorTemp: [33m70[39m,
  humidity: [33m50[39m
}
computeHourlyCoolingPerformance received invalid inputs {
  tons: [33m2.5[39m,
  indoorTemp: [33m70[39m,
  heatLossBtu: [33mNaN[39m,
  seer2: [33m15[39m,
  solarExposure: [33m1[39m,
  outdoorTemp: [33m70[39m,
  humidity: [33m50[39m
}
computeHourlyCoolingPerformance received invalid inputs {
  tons: [33m2.5[39m,
  indoorTemp: [33m70[39m,
  heatLossBtu: [33mNaN[39m,
  seer2: [33m15[39m,
  solarExposure: [33m1[39m,
  outdoorTemp: [33m70[39m,
  humidity: [33m50[39m
}
computeHourlyCoolingPerformance received invalid inputs {
  tons: [33m2.5[39m,
  indoorTemp: [33m70[39m,
  heatLossBtu: [33mNaN[39m,
  seer2: [33m15[39m,
  solarExposure: [33m1[39m,
  outdoorTemp: [33m70[39m,
  humidity: [33m50[39m
}
computeHourlyCoolingPerformance received invalid inputs {
  tons: [33m2.5[39m,
  indoorTemp: [33m70[39m,
  heatLossBtu: [33mNaN[39m,
  seer2: [33m15[39m,
  solarExposure: [33m1[39m,
  outdoorTemp: [33m70[39m,
  humidity: [33m50[39m
}
computeHourlyCoolingPerformance received invalid inputs {
  tons: [33m2.5[39m,
  indoorTemp: [33m70[39m,
  heatLossBtu: [33mNaN[39m,
  seer2: [33m15[39m,
  solarExposure: [33m1[39m,
  outdoorTemp: [33m70[39m,
  humidity: [33m50[39m
}
computeHourlyCoolingPerformance received invalid inputs {
  tons: [33m2.5[39m,
  indoorTemp: [33m70[39m,
  heatLossBtu: [33mNaN[39m,
  seer2: [33m15[39m,
  solarExposure: [33m1[39m,
  outdoorTemp: [33m70[39m,
  humidity: [33m50[39m
}
computeHourlyCoolingPerformance received invalid inputs {
  tons: [33m2.5[39m,
  indoorTemp: [33m70[39m,
  heatLossBtu: [33mNaN[39m,
  seer2: [33m15[39m,
  solarExposure: [33m1[39m,
  outdoorTemp: [33m70[39m,
  humidity: [33m50[39m
}
computeHourlyCoolingPerformance received invalid inputs {
  tons: [33m2.5[39m,
  indoorTemp: [33m70[39m,
  heatLossBtu: [33mNaN[39m,
  seer2: [33m15[39m,
  solarExposure: [33m1[39m,
  outdoorTemp: [33m70[39m,
  humidity: [33m50[39m
}
computeHourlyCoolingPerformance received invalid inputs {
  tons: [33m2.5[39m,
  indoorTemp: [33m70[39m,
  heatLossBtu: [33mNaN[39m,
  seer2: [33m15[39m,
  solarExposure: [33m1[39m,
  outdoorTemp: [33m70[39m,
  humidity: [33m50[39m
}
computeHourlyCoolingPerformance received invalid inputs {
  tons: [33m2.5[39m,
  indoorTemp: [33m70[39m,
  heatLossBtu: [33mNaN[39m,
  seer2: [33m15[39m,
  solarExposure: [33m1[39m,
  outdoorTemp: [33m70[39m,
  humidity: [33m50[39m
}
computeHourlyCoolingPerformance received invalid inputs {
  tons: [33m2.5[39m,
  indoorTemp: [33m70[39m,
  heatLossBtu: [33mNaN[39m,
  seer2: [33m15[39m,
  solarExposure: [33m1[39m,
  outdoorTemp: [33m70[39m,
  humidity: [33m50[39m
}
computeHourlyCoolingPerformance received invalid inputs {
  tons: [33m2.5[39m,
  indoorTemp: [33m70[39m,
  heatLossBtu: [33mNaN[39m,
  seer2: [33m15[39m,
  solarExposure: [33m1[39m,
  outdoorTemp: [33m70[39m,
  humidity: [33m50[39m
}
computeHourlyCoolingPerformance received invalid inputs {
  tons: [33m2.5[39m,
  indoorTemp: [33m70[39m,
  heatLossBtu: [33mNaN[39m,
  seer2: [33m15[39m,
  solarExposure: [33m1[39m,
  outdoorTemp: [33m70[39m,
  humidity: [33m50[39m
}
computeHourlyCoolingPerformance received invalid inputs {
  tons: [33m2.5[39m,
  indoorTemp: [33m70[39m,
  heatLossBtu: [33mNaN[39m,
  seer2: [33m15[39m,
  solarExposure: [33m1[39m,
  outdoorTemp: [33m70[39m,
  humidity: [33m50[39m
}
computeHourlyCoolingPerformance received invalid inputs {
  tons: [33m2.5[39m,
  indoorTemp: [33m70[39m,
  heatLossBtu: [33mNaN[39m,
  seer2: [33m15[39m,
  solarExposure: [33m1[39m,
  outdoorTemp: [33m70[39m,
  humidity: [33m50[39m
}
computeHourlyCoolingPerformance received invalid inputs {
  tons: [33m2.5[39m,
  indoorTemp: [33m70[39m,
  heatLossBtu: [33mNaN[39m,
  seer2: [33m15[39m,
  solarExposure: [33m1[39m,
  outdoorTemp: [33m70[39m,
  humidity: [33m50[39m
}
computeHourlyCoolingPerformance received invalid inputs {
  tons: [33m2.5[39m,
  indoorTemp: [33m70[39m,
  heatLossBtu: [33mNaN[39m,
  seer2: [33m15[39m,
  solarExposure: [33m1[39m,
  outdoorTemp: [33m70[39m,
  humidity: [33m50[39m
}
computeHourlyCoolingPerformance received invalid inputs {
  tons: [33m2.5[39m,
  indoorTemp: [33m70[39m,
  heatLossBtu: [33mNaN[39m,
  seer2: [33m15[39m,
  solarExposure: [33m1[39m,
  outdoorTemp: [33m70[39m,
  humidity: [33m50[39m
}
computeHourlyCoolingPerformance received invalid inputs {
  tons: [33m2.5[39m,
  indoorTemp: [33m70[39m,
  heatLossBtu: [33mNaN[39m,
  seer2: [33m15[39m,
  solarExposure: [33m1[39m,
  outdoorTemp: [33m70[39m,
  humidity: [33m50[39m
}
computeHourlyCoolingPerformance received invalid inputs {
  tons: [33m2.5[39m,
  indoorTemp: [33m70[39m,
  heatLossBtu: [33mNaN[39m,
  seer2: [33m15[39m,
  solarExposure: [33m1[39m,
  outdoorTemp: [33m70[39m,
  humidity: [33m50[39m
}
computeHourlyCoolingPerformance received invalid inputs {
  tons: [33m2.5[39m,
  indoorTemp: [33m70[39m,
  heatLossBtu: [33mNaN[39m,
  seer2: [33m15[39m,
  solarExposure: [33m1[39m,
  outdoorTemp: [33m70[39m,
  humidity: [33m50[39m
}
computeHourlyCoolingPerformance received invalid inputs {
  tons: [33m2.5[39m,
  indoorTemp: [33m70[39m,
  heatLossBtu: [33mNaN[39m,
  seer2: [33m15[39m,
  solarExposure: [33m1[39m,
  outdoorTemp: [33m70[39m,
  humidity: [33m50[39m
}
computeHourlyCoolingPerformance received invalid inputs {
  tons: [33m2.5[39m,
  indoorTemp: [33m70[39m,
  heatLossBtu: [33mNaN[39m,
  seer2: [33m15[39m,
  solarExposure: [33m1[39m,
  outdoorTemp: [33m70[39m,
  humidity: [33m50[39m
}
computeHourlyCoolingPerformance received invalid inputs {
  tons: [33m2.5[39m,
  indoorTemp: [33m70[39m,
  heatLossBtu: [33mNaN[39m,
  seer2: [33m15[39m,
  solarExposure: [33m1[39m,
  outdoorTemp: [33m70[39m,
  humidity: [33m50[39m
}
computeHourlyCoolingPerformance received invalid inputs {
  tons: [33m2.5[39m,
  indoorTemp: [33m70[39m,
  heatLossBtu: [33mNaN[39m,
  seer2: [33m15[39m,
  solarExposure: [33m1[39m,
  outdoorTemp: [33m70[39m,
  humidity: [33m50[39m
}
computeHourlyCoolingPerformance received invalid inputs {
  tons: [33m2.5[39m,
  indoorTemp: [33m70[39m,
  heatLossBtu: [33mNaN[39m,
  seer2: [33m15[39m,
  solarExposure: [33m1[39m,
  outdoorTemp: [33m70[39m,
  humidity: [33m50[39m
}
computeHourlyCoolingPerformance received invalid inputs {
  tons: [33m2.5[39m,
  indoorTemp: [33m70[39m,
  heatLossBtu: [33mNaN[39m,
  seer2: [33m15[39m,
  solarExposure: [33m1[39m,
  outdoorTemp: [33m70[39m,
  humidity: [33m50[39m
}
computeHourlyCoolingPerformance received invalid inputs {
  tons: [33m2.5[39m,
  indoorTemp: [33m70[39m,
  heatLossBtu: [33mNaN[39m,
  seer2: [33m15[39m,
  solarExposure: [33m1[39m,
  outdoorTemp: [33m70[39m,
  humidity: [33m50[39m
}
computeHourlyCoolingPerformance received invalid inputs {
  tons: [33m2.5[39m,
  indoorTemp: [33m70[39m,
  heatLossBtu: [33mNaN[39m,
  seer2: [33m15[39m,
  solarExposure: [33m1[39m,
  outdoorTemp: [33m70[39m,
  humidity: [33m50[39m
}
computeHourlyCoolingPerformance received invalid inputs {
  tons: [33m2.5[39m,
  indoorTemp: [33m70[39m,
  heatLossBtu: [33mNaN[39m,
  seer2: [33m15[39m,
  solarExposure: [33m1[39m,
  outdoorTemp: [33m70[39m,
  humidity: [33m50[39m
}
computeHourlyCoolingPerformance received invalid inputs {
  tons: [33m2.5[39m,
  indoorTemp: [33m70[39m,
  heatLossBtu: [33mNaN[39m,
  seer2: [33m15[39m,
  solarExposure: [33m1[39m,
  outdoorTemp: [33m70[39m,
  humidity: [33m50[39m
}
computeHourlyCoolingPerformance received invalid inputs {
  tons: [33m2.5[39m,
  indoorTemp: [33m70[39m,
  heatLossBtu: [33mNaN[39m,
  seer2: [33m15[39m,
  solarExposure: [33m1[39m,
  outdoorTemp: [33m70[39m,
  humidity: [33m50[39m
}
computeHourlyCoolingPerformance received invalid inputs {
  tons: [33m2.5[39m,
  indoorTemp: [33m70[39m,
  heatLossBtu: [33mNaN[39m,
  seer2: [33m15[39m,
  solarExposure: [33m1[39m,
  outdoorTemp: [33m70[39m,
  humidity: [33m50[39m
}
computeHourlyCoolingPerformance received invalid inputs {
  tons: [33m2.5[39m,
  indoorTemp: [33m70[39m,
  heatLossBtu: [33mNaN[39m,
  seer2: [33m15[39m,
  solarExposure: [33m1[39m,
  outdoorTemp: [33m70[39m,
  humidity: [33m50[39m
}
computeHourlyCoolingPerformance received invalid inputs {
  tons: [33m2.5[39m,
  indoorTemp: [33m70[39m,
  heatLossBtu: [33mNaN[39m,
  seer2: [33m15[39m,
  solarExposure: [33m1[39m,
  outdoorTemp: [33m70[39m,
  humidity: [33m50[39m
}
computeHourlyCoolingPerformance received invalid inputs {
  tons: [33m2.5[39m,
  indoorTemp: [33m70[39m,
  heatLossBtu: [33mNaN[39m,
  seer2: [33m15[39m,
  solarExposure: [33m1[39m,
  outdoorTemp: [33m70[39m,
  humidity: [33m50[39m
}
computeHourlyCoolingPerformance received invalid inputs {
  tons: [33m2.5[39m,
  indoorTemp: [33m70[39m,
  heatLossBtu: [33mNaN[39m,
  seer2: [33m15[39m,
  solarExposure: [33m1[39m,
  outdoorTemp: [33m70[39m,
  humidity: [33m50[39m
}
computeHourlyCoolingPerformance received invalid inputs {
  tons: [33m2.5[39m,
  indoorTemp: [33m70[39m,
  heatLossBtu: [33mNaN[39m,
  seer2: [33m15[39m,
  solarExposure: [33m1[39m,
  outdoorTemp: [33m70[39m,
  humidity: [33m50[39m
}
computeHourlyCoolingPerformance received invalid inputs {
  tons: [33m2.5[39m,
  indoorTemp: [33m70[39m,
  heatLossBtu: [33mNaN[39m,
  seer2: [33m15[39m,
  solarExposure: [33m1[39m,
  outdoorTemp: [33m70[39m,
  humidity: [33m50[39m
}
computeHourlyCoolingPerformance received invalid inputs {
  tons: [33m2.5[39m,
  indoorTemp: [33m70[39m,
  heatLossBtu: [33mNaN[39m,
  seer2: [33m15[39m,
  solarExposure: [33m1[39m,
  outdoorTemp: [33m70[39m,
  humidity: [33m50[39m
}
computeHourlyCoolingPerformance received invalid inputs {
  tons: [33m2.5[39m,
  indoorTemp: [33m70[39m,
  heatLossBtu: [33mNaN[39m,
  seer2: [33m15[39m,
  solarExposure: [33m1[39m,
  outdoorTemp: [33m70[39m,
  humidity: [33m50[39m
}
computeHourlyCoolingPerformance received invalid inputs {
  tons: [33m2.5[39m,
  indoorTemp: [33m70[39m,
  heatLossBtu: [33mNaN[39m,
  seer2: [33m15[39m,
  solarExposure: [33m1[39m,
  outdoorTemp: [33m70[39m,
  humidity: [33m50[39m
}
computeHourlyCoolingPerformance received invalid inputs {
  tons: [33m2.5[39m,
  indoorTemp: [33m70[39m,
  heatLossBtu: [33mNaN[39m,
  seer2: [33m15[39m,
  solarExposure: [33m1[39m,
  outdoorTemp: [33m70[39m,
  humidity: [33m50[39m
}
computeHourlyCoolingPerformance received invalid inputs {
  tons: [33m2.5[39m,
  indoorTemp: [33m70[39m,
  heatLossBtu: [33mNaN[39m,
  seer2: [33m15[39m,
  solarExposure: [33m1[39m,
  outdoorTemp: [33m70[39m,
  humidity: [33m50[39m
}
computeHourlyCoolingPerformance received invalid inputs {
  tons: [33m2.5[39m,
  indoorTemp: [33m70[39m,
  heatLossBtu: [33mNaN[39m,
  seer2: [33m15[39m,
  solarExposure: [33m1[39m,
  outdoorTemp: [33m70[39m,
  humidity: [33m50[39m
}
computeHourlyCoolingPerformance received invalid inputs {
  tons: [33m2.5[39m,
  indoorTemp: [33m70[39m,
  heatLossBtu: [33mNaN[39m,
  seer2: [33m15[39m,
  solarExposure: [33m1[39m,
  outdoorTemp: [33m70[39m,
  humidity: [33m50[39m
}
computeHourlyCoolingPerformance received invalid inputs {
  tons: [33m2.5[39m,
  indoorTemp: [33m70[39m,
  heatLossBtu: [33mNaN[39m,
  seer2: [33m15[39m,
  solarExposure: [33m1[39m,
  outdoorTemp: [33m70[39m,
  humidity: [33m50[39m
}
computeHourlyCoolingPerformance received invalid inputs {
  tons: [33m2.5[39m,
  indoorTemp: [33m70[39m,
  heatLossBtu: [33mNaN[39m,
  seer2: [33m15[39m,
  solarExposure: [33m1[39m,
  outdoorTemp: [33m70[39m,
  humidity: [33m50[39m
}
computeHourlyCoolingPerformance received invalid inputs {
  tons: [33m2.5[39m,
  indoorTemp: [33m70[39m,
  heatLossBtu: [33mNaN[39m,
  seer2: [33m15[39m,
  solarExposure: [33m1[39m,
  outdoorTemp: [33m70[39m,
  humidity: [33m50[39m
}
computeHourlyCoolingPerformance received invalid inputs {
  tons: [33m2.5[39m,
  indoorTemp: [33m70[39m,
  heatLossBtu: [33mNaN[39m,
  seer2: [33m15[39m,
  solarExposure: [33m1[39m,
  outdoorTemp: [33m70[39m,
  humidity: [33m50[39m
}
computeHourlyCoolingPerformance received invalid inputs {
  tons: [33m2.5[39m,
  indoorTemp: [33m70[39m,
  heatLossBtu: [33mNaN[39m,
  seer2: [33m15[39m,
  solarExposure: [33m1[39m,
  outdoorTemp: [33m70[39m,
  humidity: [33m50[39m
}
computeHourlyCoolingPerformance received invalid inputs {
  tons: [33m2.5[39m,
  indoorTemp: [33m70[39m,
  heatLossBtu: [33mNaN[39m,
  seer2: [33m15[39m,
  solarExposure: [33m1[39m,
  outdoorTemp: [33m70[39m,
  humidity: [33m50[39m
}
computeHourlyCoolingPerformance received invalid inputs {
  tons: [33m2.5[39m,
  indoorTemp: [33m70[39m,
  heatLossBtu: [33mNaN[39m,
  seer2: [33m15[39m,
  solarExposure: [33m1[39m,
  outdoorTemp: [33m70[39m,
  humidity: [33m50[39m
}
computeHourlyCoolingPerformance received invalid inputs {
  tons: [33m2.5[39m,
  indoorTemp: [33m70[39m,
  heatLossBtu: [33mNaN[39m,
  seer2: [33m15[39m,
  solarExposure: [33m1[39m,
  outdoorTemp: [33m70[39m,
  humidity: [33m50[39m
}
computeHourlyCoolingPerformance received invalid inputs {
  tons: [33m2.5[39m,
  indoorTemp: [33m70[39m,
  heatLossBtu: [33mNaN[39m,
  seer2: [33m15[39m,
  solarExposure: [33m1[39m,
  outdoorTemp: [33m70[39m,
  humidity: [33m50[39m
}
computeHourlyCoolingPerformance received invalid inputs {
  tons: [33m2.5[39m,
  indoorTemp: [33m70[39m,
  heatLossBtu: [33mNaN[39m,
  seer2: [33m15[39m,
  solarExposure: [33m1[39m,
  outdoorTemp: [33m70[39m,
  humidity: [33m50[39m
}
computeHourlyCoolingPerformance received invalid inputs {
  tons: [33m2.5[39m,
  indoorTemp: [33m70[39m,
  heatLossBtu: [33mNaN[39m,
  seer2: [33m15[39m,
  solarExposure: [33m1[39m,
  outdoorTemp: [33m70[39m,
  humidity: [33m50[39m
}
computeHourlyCoolingPerformance received invalid inputs {
  tons: [33m2.5[39m,
  indoorTemp: [33m70[39m,
  heatLossBtu: [33mNaN[39m,
  seer2: [33m15[39m,
  solarExposure: [33m1[39m,
  outdoorTemp: [33m70[39m,
  humidity: [33m50[39m
}
computeHourlyCoolingPerformance received invalid inputs {
  tons: [33m2.5[39m,
  indoorTemp: [33m70[39m,
  heatLossBtu: [33mNaN[39m,
  seer2: [33m15[39m,
  solarExposure: [33m1[39m,
  outdoorTemp: [33m70[39m,
  humidity: [33m50[39m
}
computeHourlyCoolingPerformance received invalid inputs {
  tons: [33m2.5[39m,
  indoorTemp: [33m70[39m,
  heatLossBtu: [33mNaN[39m,
  seer2: [33m15[39m,
  solarExposure: [33m1[39m,
  outdoorTemp: [33m70[39m,
  humidity: [33m50[39m
}
computeHourlyCoolingPerformance received invalid inputs {
  tons: [33m2.5[39m,
  indoorTemp: [33m70[39m,
  heatLossBtu: [33mNaN[39m,
  seer2: [33m15[39m,
  solarExposure: [33m1[39m,
  outdoorTemp: [33m70[39m,
  humidity: [33m50[39m
}
computeHourlyCoolingPerformance received invalid inputs {
  tons: [33m2.5[39m,
  indoorTemp: [33m70[39m,
  heatLossBtu: [33mNaN[39m,
  seer2: [33m15[39m,
  solarExposure: [33m1[39m,
  outdoorTemp: [33m70[39m,
  humidity: [33m50[39m
}
computeHourlyCoolingPerformance received invalid inputs {
  tons: [33m2.5[39m,
  indoorTemp: [33m70[39m,
  heatLossBtu: [33mNaN[39m,
  seer2: [33m15[39m,
  solarExposure: [33m1[39m,
  outdoorTemp: [33m70[39m,
  humidity: [33m50[39m
}
computeHourlyCoolingPerformance received invalid inputs {
  tons: [33m2.5[39m,
  indoorTemp: [33m70[39m,
  heatLossBtu: [33mNaN[39m,
  seer2: [33m15[39m,
  solarExposure: [33m1[39m,
  outdoorTemp: [33m70[39m,
  humidity: [33m50[39m
}
computeHourlyCoolingPerformance received invalid inputs {
  tons: [33m2.5[39m,
  indoorTemp: [33m70[39m,
  heatLossBtu: [33mNaN[39m,
  seer2: [33m15[39m,
  solarExposure: [33m1[39m,
  outdoorTemp: [33m70[39m,
  humidity: [33m50[39m
}
computeHourlyCoolingPerformance received invalid inputs {
  tons: [33m2.5[39m,
  indoorTemp: [33m70[39m,
  heatLossBtu: [33mNaN[39m,
  seer2: [33m15[39m,
  solarExposure: [33m1[39m,
  outdoorTemp: [33m70[39m,
  humidity: [33m50[39m
}
computeHourlyCoolingPerformance received invalid inputs {
  tons: [33m2.5[39m,
  indoorTemp: [33m70[39m,
  heatLossBtu: [33mNaN[39m,
  seer2: [33m15[39m,
  solarExposure: [33m1[39m,
  outdoorTemp: [33m70[39m,
  humidity: [33m50[39m
}
computeHourlyCoolingPerformance received invalid inputs {
  tons: [33m2.5[39m,
  indoorTemp: [33m70[39m,
  heatLossBtu: [33mNaN[39m,
  seer2: [33m15[39m,
  solarExposure: [33m1[39m,
  outdoorTemp: [33m70[39m,
  humidity: [33m50[39m
}
computeHourlyCoolingPerformance received invalid inputs {
  tons: [33m2.5[39m,
  indoorTemp: [33m70[39m,
  heatLossBtu: [33mNaN[39m,
  seer2: [33m15[39m,
  solarExposure: [33m1[39m,
  outdoorTemp: [33m70[39m,
  humidity: [33m50[39m
}
computeHourlyCoolingPerformance received invalid inputs {
  tons: [33m2.5[39m,
  indoorTemp: [33m70[39m,
  heatLossBtu: [33mNaN[39m,
  seer2: [33m15[39m,
  solarExposure: [33m1[39m,
  outdoorTemp: [33m70[39m,
  humidity: [33m50[39m
}
computeHourlyCoolingPerformance received invalid inputs {
  tons: [33m2.5[39m,
  indoorTemp: [33m70[39m,
  heatLossBtu: [33mNaN[39m,
  seer2: [33m15[39m,
  solarExposure: [33m1[39m,
  outdoorTemp: [33m70[39m,
  humidity: [33m50[39m
}
computeHourlyCoolingPerformance received invalid inputs {
  tons: [33m2.5[39m,
  indoorTemp: [33m70[39m,
  heatLossBtu: [33mNaN[39m,
  seer2: [33m15[39m,
  solarExposure: [33m1[39m,
  outdoorTemp: [33m70[39m,
  humidity: [33m50[39m
}
computeHourlyCoolingPerformance received invalid inputs {
  tons: [33m2.5[39m,
  indoorTemp: [33m70[39m,
  heatLossBtu: [33mNaN[39m,
  seer2: [33m15[39m,
  solarExposure: [33m1[39m,
  outdoorTemp: [33m70[39m,
  humidity: [33m50[39m
}
computeHourlyCoolingPerformance received invalid inputs {
  tons: [33m2.5[39m,
  indoorTemp: [33m70[39m,
  heatLossBtu: [33mNaN[39m,
  seer2: [33m15[39m,
  solarExposure: [33m1[39m,
  outdoorTemp: [33m70[39m,
  humidity: [33m50[39m
}
computeHourlyCoolingPerformance received invalid inputs {
  tons: [33m2.5[39m,
  indoorTemp: [33m70[39m,
  heatLossBtu: [33mNaN[39m,
  seer2: [33m15[39m,
  solarExposure: [33m1[39m,
  outdoorTemp: [33m70[39m,
  humidity: [33m50[39m
}
computeHourlyCoolingPerformance received invalid inputs {
  tons: [33m2.5[39m,
  indoorTemp: [33m70[39m,
  heatLossBtu: [33mNaN[39m,
  seer2: [33m15[39m,
  solarExposure: [33m1[39m,
  outdoorTemp: [33m70[39m,
  humidity: [33m50[39m
}
computeHourlyCoolingPerformance received invalid inputs {
  tons: [33m2.5[39m,
  indoorTemp: [33m70[39m,
  heatLossBtu: [33mNaN[39m,
  seer2: [33m15[39m,
  solarExposure: [33m1[39m,
  outdoorTemp: [33m70[39m,
  humidity: [33m50[39m
}
computeHourlyCoolingPerformance received invalid inputs {
  tons: [33m2.5[39m,
  indoorTemp: [33m70[39m,
  heatLossBtu: [33mNaN[39m,
  seer2: [33m15[39m,
  solarExposure: [33m1[39m,
  outdoorTemp: [33m70[39m,
  humidity: [33m50[39m
}
computeHourlyCoolingPerformance received invalid inputs {
  tons: [33m2.5[39m,
  indoorTemp: [33m70[39m,
  heatLossBtu: [33mNaN[39m,
  seer2: [33m15[39m,
  solarExposure: [33m1[39m,
  outdoorTemp: [33m70[39m,
  humidity: [33m50[39m
}
computeHourlyCoolingPerformance received invalid inputs {
  tons: [33m2.5[39m,
  indoorTemp: [33m70[39m,
  heatLossBtu: [33mNaN[39m,
  seer2: [33m15[39m,
  solarExposure: [33m1[39m,
  outdoorTemp: [33m70[39m,
  humidity: [33m50[39m
}
computeHourlyCoolingPerformance received invalid inputs {
  tons: [33m2.5[39m,
  indoorTemp: [33m70[39m,
  heatLossBtu: [33mNaN[39m,
  seer2: [33m15[39m,
  solarExposure: [33m1[39m,
  outdoorTemp: [33m70[39m,
  humidity: [33m50[39m
}
computeHourlyCoolingPerformance received invalid inputs {
  tons: [33m2.5[39m,
  indoorTemp: [33m70[39m,
  heatLossBtu: [33mNaN[39m,
  seer2: [33m15[39m,
  solarExposure: [33m1[39m,
  outdoorTemp: [33m70[39m,
  humidity: [33m50[39m
}
computeHourlyCoolingPerformance received invalid inputs {
  tons: [33m2.5[39m,
  indoorTemp: [33m70[39m,
  heatLossBtu: [33mNaN[39m,
  seer2: [33m15[39m,
  solarExposure: [33m1[39m,
  outdoorTemp: [33m70[39m,
  humidity: [33m50[39m
}
computeHourlyCoolingPerformance received invalid inputs {
  tons: [33m2.5[39m,
  indoorTemp: [33m70[39m,
  heatLossBtu: [33mNaN[39m,
  seer2: [33m15[39m,
  solarExposure: [33m1[39m,
  outdoorTemp: [33m70[39m,
  humidity: [33m50[39m
}
computeHourlyCoolingPerformance received invalid inputs {
  tons: [33m2.5[39m,
  indoorTemp: [33m70[39m,
  heatLossBtu: [33mNaN[39m,
  seer2: [33m15[39m,
  solarExposure: [33m1[39m,
  outdoorTemp: [33m70[39m,
  humidity: [33m50[39m
}
computeHourlyCoolingPerformance received invalid inputs {
  tons: [33m2.5[39m,
  indoorTemp: [33m70[39m,
  heatLossBtu: [33mNaN[39m,
  seer2: [33m15[39m,
  solarExposure: [33m1[39m,
  outdoorTemp: [33m70[39m,
  humidity: [33m50[39m
}
computeHourlyCoolingPerformance received invalid inputs {
  tons: [33m2.5[39m,
  indoorTemp: [33m70[39m,
  heatLossBtu: [33mNaN[39m,
  seer2: [33m15[39m,
  solarExposure: [33m1[39m,
  outdoorTemp: [33m70[39m,
  humidity: [33m50[39m
}
computeHourlyCoolingPerformance received invalid inputs {
  tons: [33m2.5[39m,
  indoorTemp: [33m70[39m,
  heatLossBtu: [33mNaN[39m,
  seer2: [33m15[39m,
  solarExposure: [33m1[39m,
  outdoorTemp: [33m70[39m,
  humidity: [33m50[39m
}
computeHourlyCoolingPerformance received invalid inputs {
  tons: [33m2.5[39m,
  indoorTemp: [33m70[39m,
  heatLossBtu: [33mNaN[39m,
  seer2: [33m15[39m,
  solarExposure: [33m1[39m,
  outdoorTemp: [33m70[39m,
  humidity: [33m50[39m
}
computeHourlyCoolingPerformance received invalid inputs {
  tons: [33m2.5[39m,
  indoorTemp: [33m70[39m,
  heatLossBtu: [33mNaN[39m,
  seer2: [33m15[39m,
  solarExposure: [33m1[39m,
  outdoorTemp: [33m70[39m,
  humidity: [33m50[39m
}
computeHourlyCoolingPerformance received invalid inputs {
  tons: [33m2.5[39m,
  indoorTemp: [33m70[39m,
  heatLossBtu: [33mNaN[39m,
  seer2: [33m15[39m,
  solarExposure: [33m1[39m,
  outdoorTemp: [33m70[39m,
  humidity: [33m50[39m
}
computeHourlyCoolingPerformance received invalid inputs {
  tons: [33m2.5[39m,
  indoorTemp: [33m70[39m,
  heatLossBtu: [33mNaN[39m,
  seer2: [33m15[39m,
  solarExposure: [33m1[39m,
  outdoorTemp: [33m70[39m,
  humidity: [33m50[39m
}
computeHourlyCoolingPerformance received invalid inputs {
  tons: [33m2.5[39m,
  indoorTemp: [33m70[39m,
  heatLossBtu: [33mNaN[39m,
  seer2: [33m15[39m,
  solarExposure: [33m1[39m,
  outdoorTemp: [33m70[39m,
  humidity: [33m50[39m
}
computeHourlyCoolingPerformance received invalid inputs {
  tons: [33m2.5[39m,
  indoorTemp: [33m70[39m,
  heatLossBtu: [33mNaN[39m,
  seer2: [33m15[39m,
  solarExposure: [33m1[39m,
  outdoorTemp: [33m70[39m,
  humidity: [33m50[39m
}
computeHourlyCoolingPerformance received invalid inputs {
  tons: [33m2.5[39m,
  indoorTemp: [33m70[39m,
  heatLossBtu: [33mNaN[39m,
  seer2: [33m15[39m,
  solarExposure: [33m1[39m,
  outdoorTemp: [33m70[39m,
  humidity: [33m50[39m
}
computeHourlyCoolingPerformance received invalid inputs {
  tons: [33m2.5[39m,
  indoorTemp: [33m70[39m,
  heatLossBtu: [33mNaN[39m,
  seer2: [33m15[39m,
  solarExposure: [33m1[39m,
  outdoorTemp: [33m70[39m,
  humidity: [33m50[39m
}
computeHourlyCoolingPerformance received invalid inputs {
  tons: [33m2.5[39m,
  indoorTemp: [33m70[39m,
  heatLossBtu: [33mNaN[39m,
  seer2: [33m15[39m,
  solarExposure: [33m1[39m,
  outdoorTemp: [33m70[39m,
  humidity: [33m50[39m
}
computeHourlyCoolingPerformance received invalid inputs {
  tons: [33m2.5[39m,
  indoorTemp: [33m70[39m,
  heatLossBtu: [33mNaN[39m,
  seer2: [33m15[39m,
  solarExposure: [33m1[39m,
  outdoorTemp: [33m70[39m,
  humidity: [33m50[39m
}
computeHourlyCoolingPerformance received invalid inputs {
  tons: [33m2.5[39m,
  indoorTemp: [33m70[39m,
  heatLossBtu: [33mNaN[39m,
  seer2: [33m15[39m,
  solarExposure: [33m1[39m,
  outdoorTemp: [33m70[39m,
  humidity: [33m50[39m
}
computeHourlyCoolingPerformance received invalid inputs {
  tons: [33m2.5[39m,
  indoorTemp: [33m70[39m,
  heatLossBtu: [33mNaN[39m,
  seer2: [33m15[39m,
  solarExposure: [33m1[39m,
  outdoorTemp: [33m70[39m,
  humidity: [33m50[39m
}
computeHourlyCoolingPerformance received invalid inputs {
  tons: [33m2.5[39m,
  indoorTemp: [33m70[39m,
  heatLossBtu: [33mNaN[39m,
  seer2: [33m15[39m,
  solarExposure: [33m1[39m,
  outdoorTemp: [33m70[39m,
  humidity: [33m50[39m
}
computeHourlyCoolingPerformance received invalid inputs {
  tons: [33m2.5[39m,
  indoorTemp: [33m70[39m,
  heatLossBtu: [33mNaN[39m,
  seer2: [33m15[39m,
  solarExposure: [33m1[39m,
  outdoorTemp: [33m70[39m,
  humidity: [33m50[39m
}
computeHourlyCoolingPerformance received invalid inputs {
  tons: [33m2.5[39m,
  indoorTemp: [33m70[39m,
  heatLossBtu: [33mNaN[39m,
  seer2: [33m15[39m,
  solarExposure: [33m1[39m,
  outdoorTemp: [33m70[39m,
  humidity: [33m50[39m
}
computeHourlyCoolingPerformance received invalid inputs {
  tons: [33m2.5[39m,
  indoorTemp: [33m70[39m,
  heatLossBtu: [33mNaN[39m,
  seer2: [33m15[39m,
  solarExposure: [33m1[39m,
  outdoorTemp: [33m70[39m,
  humidity: [33m50[39m
}
computeHourlyCoolingPerformance received invalid inputs {
  tons: [33m2.5[39m,
  indoorTemp: [33m70[39m,
  heatLossBtu: [33mNaN[39m,
  seer2: [33m15[39m,
  solarExposure: [33m1[39m,
  outdoorTemp: [33m70[39m,
  humidity: [33m50[39m
}
computeHourlyCoolingPerformance received invalid inputs {
  tons: [33m2.5[39m,
  indoorTemp: [33m70[39m,
  heatLossBtu: [33mNaN[39m,
  seer2: [33m15[39m,
  solarExposure: [33m1[39m,
  outdoorTemp: [33m70[39m,
  humidity: [33m50[39m
}
computeHourlyCoolingPerformance received invalid inputs {
  tons: [33m2.5[39m,
  indoorTemp: [33m70[39m,
  heatLossBtu: [33mNaN[39m,
  seer2: [33m15[39m,
  solarExposure: [33m1[39m,
  outdoorTemp: [33m70[39m,
  humidity: [33m50[39m
}
computeHourlyCoolingPerformance received invalid inputs {
  tons: [33m2.5[39m,
  indoorTemp: [33m70[39m,
  heatLossBtu: [33mNaN[39m,
  seer2: [33m15[39m,
  solarExposure: [33m1[39m,
  outdoorTemp: [33m70[39m,
  humidity: [33m50[39m
}
computeHourlyCoolingPerformance received invalid inputs {
  tons: [33m2.5[39m,
  indoorTemp: [33m70[39m,
  heatLossBtu: [33mNaN[39m,
  seer2: [33m15[39m,
  solarExposure: [33m1[39m,
  outdoorTemp: [33m70[39m,
  humidity: [33m50[39m
}
computeHourlyCoolingPerformance received invalid inputs {
  tons: [33m2.5[39m,
  indoorTemp: [33m70[39m,
  heatLossBtu: [33mNaN[39m,
  seer2: [33m15[39m,
  solarExposure: [33m1[39m,
  outdoorTemp: [33m70[39m,
  humidity: [33m50[39m
}
computeHourlyCoolingPerformance received invalid inputs {
  tons: [33m2.5[39m,
  indoorTemp: [33m70[39m,
  heatLossBtu: [33mNaN[39m,
  seer2: [33m15[39m,
  solarExposure: [33m1[39m,
  outdoorTemp: [33m70[39m,
  humidity: [33m50[39m
}
computeHourlyCoolingPerformance received invalid inputs {
  tons: [33m2.5[39m,
  indoorTemp: [33m70[39m,
  heatLossBtu: [33mNaN[39m,
  seer2: [33m15[39m,
  solarExposure: [33m1[39m,
  outdoorTemp: [33m70[39m,
  humidity: [33m50[39m
}
computeHourlyCoolingPerformance received invalid inputs {
  tons: [33m2.5[39m,
  indoorTemp: [33m70[39m,
  heatLossBtu: [33mNaN[39m,
  seer2: [33m15[39m,
  solarExposure: [33m1[39m,
  outdoorTemp: [33m70[39m,
  humidity: [33m50[39m
}
computeHourlyCoolingPerformance received invalid inputs {
  tons: [33m2.5[39m,
  indoorTemp: [33m70[39m,
  heatLossBtu: [33mNaN[39m,
  seer2: [33m15[39m,
  solarExposure: [33m1[39m,
  outdoorTemp: [33m70[39m,
  humidity: [33m50[39m
}
computeHourlyCoolingPerformance received invalid inputs {
  tons: [33m2.5[39m,
  indoorTemp: [33m70[39m,
  heatLossBtu: [33mNaN[39m,
  seer2: [33m15[39m,
  solarExposure: [33m1[39m,
  outdoorTemp: [33m70[39m,
  humidity: [33m50[39m
}
computeHourlyCoolingPerformance received invalid inputs {
  tons: [33m2.5[39m,
  indoorTemp: [33m70[39m,
  heatLossBtu: [33mNaN[39m,
  seer2: [33m15[39m,
  solarExposure: [33m1[39m,
  outdoorTemp: [33m70[39m,
  humidity: [33m50[39m
}
computeHourlyCoolingPerformance received invalid inputs {
  tons: [33m2.5[39m,
  indoorTemp: [33m70[39m,
  heatLossBtu: [33mNaN[39m,
  seer2: [33m15[39m,
  solarExposure: [33m1[39m,
  outdoorTemp: [33m70[39m,
  humidity: [33m50[39m
}
computeHourlyCoolingPerformance received invalid inputs {
  tons: [33m2.5[39m,
  indoorTemp: [33m70[39m,
  heatLossBtu: [33mNaN[39m,
  seer2: [33m15[39m,
  solarExposure: [33m1[39m,
  outdoorTemp: [33m70[39m,
  humidity: [33m50[39m
}
computeHourlyCoolingPerformance received invalid inputs {
  tons: [33m2.5[39m,
  indoorTemp: [33m70[39m,
  heatLossBtu: [33mNaN[39m,
  seer2: [33m15[39m,
  solarExposure: [33m1[39m,
  outdoorTemp: [33m70[39m,
  humidity: [33m50[39m
}
computeHourlyCoolingPerformance received invalid inputs {
  tons: [33m2.5[39m,
  indoorTemp: [33m70[39m,
  heatLossBtu: [33mNaN[39m,
  seer2: [33m15[39m,
  solarExposure: [33m1[39m,
  outdoorTemp: [33m70[39m,
  humidity: [33m50[39m
}
computeHourlyCoolingPerformance received invalid inputs {
  tons: [33m2.5[39m,
  indoorTemp: [33m70[39m,
  heatLossBtu: [33mNaN[39m,
  seer2: [33m15[39m,
  solarExposure: [33m1[39m,
  outdoorTemp: [33m70[39m,
  humidity: [33m50[39m
}
computeHourlyCoolingPerformance received invalid inputs {
  tons: [33m2.5[39m,
  indoorTemp: [33m70[39m,
  heatLossBtu: [33mNaN[39m,
  seer2: [33m15[39m,
  solarExposure: [33m1[39m,
  outdoorTemp: [33m70[39m,
  humidity: [33m50[39m
}
computeHourlyCoolingPerformance received invalid inputs {
  tons: [33m2.5[39m,
  indoorTemp: [33m70[39m,
  heatLossBtu: [33mNaN[39m,
  seer2: [33m15[39m,
  solarExposure: [33m1[39m,
  outdoorTemp: [33m70[39m,
  humidity: [33m50[39m
}
computeHourlyCoolingPerformance received invalid inputs {
  tons: [33m2.5[39m,
  indoorTemp: [33m70[39m,
  heatLossBtu: [33mNaN[39m,
  seer2: [33m15[39m,
  solarExposure: [33m1[39m,
  outdoorTemp: [33m70[39m,
  humidity: [33m50[39m
}
computeHourlyCoolingPerformance received invalid inputs {
  tons: [33m2.5[39m,
  indoorTemp: [33m70[39m,
  heatLossBtu: [33mNaN[39m,
  seer2: [33m15[39m,
  solarExposure: [33m1[39m,
  outdoorTemp: [33m70[39m,
  humidity: [33m50[39m
}
computeHourlyCoolingPerformance received invalid inputs {
  tons: [33m2.5[39m,
  indoorTemp: [33m70[39m,
  heatLossBtu: [33mNaN[39m,
  seer2: [33m15[39m,
  solarExposure: [33m1[39m,
  outdoorTemp: [33m70[39m,
  humidity: [33m50[39m
}
computeHourlyCoolingPerformance received invalid inputs {
  tons: [33m2.5[39m,
  indoorTemp: [33m70[39m,
  heatLossBtu: [33mNaN[39m,
  seer2: [33m15[39m,
  solarExposure: [33m1[39m,
  outdoorTemp: [33m70[39m,
  humidity: [33m50[39m
}
computeHourlyCoolingPerformance received invalid inputs {
  tons: [33m2.5[39m,
  indoorTemp: [33m70[39m,
  heatLossBtu: [33mNaN[39m,
  seer2: [33m15[39m,
  solarExposure: [33m1[39m,
  outdoorTemp: [33m70[39m,
  humidity: [33m50[39m
}
computeHourlyCoolingPerformance received invalid inputs {
  tons: [33m2.5[39m,
  indoorTemp: [33m70[39m,
  heatLossBtu: [33mNaN[39m,
  seer2: [33m15[39m,
  solarExposure: [33m1[39m,
  outdoorTemp: [33m70[39m,
  humidity: [33m50[39m
}
computeHourlyCoolingPerformance received invalid inputs {
  tons: [33m2.5[39m,
  indoorTemp: [33m70[39m,
  heatLossBtu: [33mNaN[39m,
  seer2: [33m15[39m,
  solarExposure: [33m1[39m,
  outdoorTemp: [33m70[39m,
  humidity: [33m50[39m
}
computeHourlyCoolingPerformance received invalid inputs {
  tons: [33m2.5[39m,
  indoorTemp: [33m70[39m,
  heatLossBtu: [33mNaN[39m,
  seer2: [33m15[39m,
  solarExposure: [33m1[39m,
  outdoorTemp: [33m70[39m,
  humidity: [33m50[39m
}
computeHourlyCoolingPerformance received invalid inputs {
  tons: [33m2.5[39m,
  indoorTemp: [33m70[39m,
  heatLossBtu: [33mNaN[39m,
  seer2: [33m15[39m,
  solarExposure: [33m1[39m,
  outdoorTemp: [33m70[39m,
  humidity: [33m50[39m
}
computeHourlyCoolingPerformance received invalid inputs {
  tons: [33m2.5[39m,
  indoorTemp: [33m70[39m,
  heatLossBtu: [33mNaN[39m,
  seer2: [33m15[39m,
  solarExposure: [33m1[39m,
  outdoorTemp: [33m70[39m,
  humidity: [33m50[39m
}
computeHourlyCoolingPerformance received invalid inputs {
  tons: [33m2.5[39m,
  indoorTemp: [33m70[39m,
  heatLossBtu: [33mNaN[39m,
  seer2: [33m15[39m,
  solarExposure: [33m1[39m,
  outdoorTemp: [33m70[39m,
  humidity: [33m50[39m
}
computeHourlyCoolingPerformance received invalid inputs {
  tons: [33m2.5[39m,
  indoorTemp: [33m70[39m,
  heatLossBtu: [33mNaN[39m,
  seer2: [33m15[39m,
  solarExposure: [33m1[39m,
  outdoorTemp: [33m70[39m,
  humidity: [33m50[39m
}
computeHourlyCoolingPerformance received invalid inputs {
  tons: [33m2.5[39m,
  indoorTemp: [33m70[39m,
  heatLossBtu: [33mNaN[39m,
  seer2: [33m15[39m,
  solarExposure: [33m1[39m,
  outdoorTemp: [33m70[39m,
  humidity: [33m50[39m
}
computeHourlyCoolingPerformance received invalid inputs {
  tons: [33m2.5[39m,
  indoorTemp: [33m70[39m,
  heatLossBtu: [33mNaN[39m,
  seer2: [33m15[39m,
  solarExposure: [33m1[39m,
  outdoorTemp: [33m70[39m,
  humidity: [33m50[39m
}
computeHourlyCoolingPerformance received invalid inputs {
  tons: [33m2.5[39m,
  indoorTemp: [33m70[39m,
  heatLossBtu: [33mNaN[39m,
  seer2: [33m15[39m,
  solarExposure: [33m1[39m,
  outdoorTemp: [33m70[39m,
  humidity: [33m50[39m
}
computeHourlyCoolingPerformance received invalid inputs {
  tons: [33m2.5[39m,
  indoorTemp: [33m70[39m,
  heatLossBtu: [33mNaN[39m,
  seer2: [33m15[39m,
  solarExposure: [33m1[39m,
  outdoorTemp: [33m70[39m,
  humidity: [33m50[39m
}
computeHourlyCoolingPerformance received invalid inputs {
  tons: [33m2.5[39m,
  indoorTemp: [33m70[39m,
  heatLossBtu: [33mNaN[39m,
  seer2: [33m15[39m,
  solarExposure: [33m1[39m,
  outdoorTemp: [33m70[39m,
  humidity: [33m50[39m
}
computeHourlyCoolingPerformance received invalid inputs {
  tons: [33m2.5[39m,
  indoorTemp: [33m70[39m,
  heatLossBtu: [33mNaN[39m,
  seer2: [33m15[39m,
  solarExposure: [33m1[39m,
  outdoorTemp: [33m70[39m,
  humidity: [33m50[39m
}
computeHourlyCoolingPerformance received invalid inputs {
  tons: [33m2.5[39m,
  indoorTemp: [33m70[39m,
  heatLossBtu: [33mNaN[39m,
  seer2: [33m15[39m,
  solarExposure: [33m1[39m,
  outdoorTemp: [33m70[39m,
  humidity: [33m50[39m
}
computeHourlyCoolingPerformance received invalid inputs {
  tons: [33m2.5[39m,
  indoorTemp: [33m70[39m,
  heatLossBtu: [33mNaN[39m,
  seer2: [33m15[39m,
  solarExposure: [33m1[39m,
  outdoorTemp: [33m70[39m,
  humidity: [33m50[39m
}
computeHourlyCoolingPerformance received invalid inputs {
  tons: [33m2.5[39m,
  indoorTemp: [33m70[39m,
  heatLossBtu: [33mNaN[39m,
  seer2: [33m15[39m,
  solarExposure: [33m1[39m,
  outdoorTemp: [33m70[39m,
  humidity: [33m50[39m
}
computeHourlyCoolingPerformance received invalid inputs {
  tons: [33m2.5[39m,
  indoorTemp: [33m70[39m,
  heatLossBtu: [33mNaN[39m,
  seer2: [33m15[39m,
  solarExposure: [33m1[39m,
  outdoorTemp: [33m70[39m,
  humidity: [33m50[39m
}
computeHourlyCoolingPerformance received invalid inputs {
  tons: [33m2.5[39m,
  indoorTemp: [33m70[39m,
  heatLossBtu: [33mNaN[39m,
  seer2: [33m15[39m,
  solarExposure: [33m1[39m,
  outdoorTemp: [33m70[39m,
  humidity: [33m50[39m
}
computeHourlyCoolingPerformance received invalid inputs {
  tons: [33m2.5[39m,
  indoorTemp: [33m70[39m,
  heatLossBtu: [33mNaN[39m,
  seer2: [33m15[39m,
  solarExposure: [33m1[39m,
  outdoorTemp: [33m70[39m,
  humidity: [33m50[39m
}
computeHourlyCoolingPerformance received invalid inputs {
  tons: [33m2.5[39m,
  indoorTemp: [33m70[39m,
  heatLossBtu: [33mNaN[39m,
  seer2: [33m15[39m,
  solarExposure: [33m1[39m,
  outdoorTemp: [33m70[39m,
  humidity: [33m50[39m
}
computeHourlyCoolingPerformance received invalid inputs {
  tons: [33m2.5[39m,
  indoorTemp: [33m70[39m,
  heatLossBtu: [33mNaN[39m,
  seer2: [33m15[39m,
  solarExposure: [33m1[39m,
  outdoorTemp: [33m70[39m,
  humidity: [33m50[39m
}
computeHourlyCoolingPerformance received invalid inputs {
  tons: [33m2.5[39m,
  indoorTemp: [33m70[39m,
  heatLossBtu: [33mNaN[39m,
  seer2: [33m15[39m,
  solarExposure: [33m1[39m,
  outdoorTemp: [33m70[39m,
  humidity: [33m50[39m
}
computeHourlyCoolingPerformance received invalid inputs {
  tons: [33m2.5[39m,
  indoorTemp: [33m70[39m,
  heatLossBtu: [33mNaN[39m,
  seer2: [33m15[39m,
  solarExposure: [33m1[39m,
  outdoorTemp: [33m70[39m,
  humidity: [33m50[39m
}
computeHourlyCoolingPerformance received invalid inputs {
  tons: [33m2.5[39m,
  indoorTemp: [33m70[39m,
  heatLossBtu: [33mNaN[39m,
  seer2: [33m15[39m,
  solarExposure: [33m1[39m,
  outdoorTemp: [33m70[39m,
  humidity: [33m50[39m
}
computeHourlyCoolingPerformance received invalid inputs {
  tons: [33m2.5[39m,
  indoorTemp: [33m70[39m,
  heatLossBtu: [33mNaN[39m,
  seer2: [33m15[39m,
  solarExposure: [33m1[39m,
  outdoorTemp: [33m70[39m,
  humidity: [33m50[39m
}
computeHourlyCoolingPerformance received invalid inputs {
  tons: [33m2.5[39m,
  indoorTemp: [33m70[39m,
  heatLossBtu: [33mNaN[39m,
  seer2: [33m15[39m,
  solarExposure: [33m1[39m,
  outdoorTemp: [33m70[39m,
  humidity: [33m50[39m
}
computeHourlyCoolingPerformance received invalid inputs {
  tons: [33m2.5[39m,
  indoorTemp: [33m70[39m,
  heatLossBtu: [33mNaN[39m,
  seer2: [33m15[39m,
  solarExposure: [33m1[39m,
  outdoorTemp: [33m70[39m,
  humidity: [33m50[39m
}
computeHourlyCoolingPerformance received invalid inputs {
  tons: [33m2.5[39m,
  indoorTemp: [33m70[39m,
  heatLossBtu: [33mNaN[39m,
  seer2: [33m15[39m,
  solarExposure: [33m1[39m,
  outdoorTemp: [33m70[39m,
  humidity: [33m50[39m
}
computeHourlyCoolingPerformance received invalid inputs {
  tons: [33m2.5[39m,
  indoorTemp: [33m70[39m,
  heatLossBtu: [33mNaN[39m,
  seer2: [33m15[39m,
  solarExposure: [33m1[39m,
  outdoorTemp: [33m70[39m,
  humidity: [33m50[39m
}
computeHourlyCoolingPerformance received invalid inputs {
  tons: [33m2.5[39m,
  indoorTemp: [33m70[39m,
  heatLossBtu: [33mNaN[39m,
  seer2: [33m15[39m,
  solarExposure: [33m1[39m,
  outdoorTemp: [33m70[39m,
  humidity: [33m50[39m
}
computeHourlyCoolingPerformance received invalid inputs {
  tons: [33m2.5[39m,
  indoorTemp: [33m70[39m,
  heatLossBtu: [33mNaN[39m,
  seer2: [33m15[39m,
  solarExposure: [33m1[39m,
  outdoorTemp: [33m70[39m,
  humidity: [33m50[39m
}
computeHourlyCoolingPerformance received invalid inputs {
  tons: [33m2.5[39m,
  indoorTemp: [33m70[39m,
  heatLossBtu: [33mNaN[39m,
  seer2: [33m15[39m,
  solarExposure: [33m1[39m,
  outdoorTemp: [33m70[39m,
  humidity: [33m50[39m
}
computeHourlyCoolingPerformance received invalid inputs {
  tons: [33m2.5[39m,
  indoorTemp: [33m70[39m,
  heatLossBtu: [33mNaN[39m,
  seer2: [33m15[39m,
  solarExposure: [33m1[39m,
  outdoorTemp: [33m70[39m,
  humidity: [33m50[39m
}
computeHourlyCoolingPerformance received invalid inputs {
  tons: [33m2.5[39m,
  indoorTemp: [33m70[39m,
  heatLossBtu: [33mNaN[39m,
  seer2: [33m15[39m,
  solarExposure: [33m1[39m,
  outdoorTemp: [33m70[39m,
  humidity: [33m50[39m
}
computeHourlyCoolingPerformance received invalid inputs {
  tons: [33m2.5[39m,
  indoorTemp: [33m70[39m,
  heatLossBtu: [33mNaN[39m,
  seer2: [33m15[39m,
  solarExposure: [33m1[39m,
  outdoorTemp: [33m70[39m,
  humidity: [33m50[39m
}
computeHourlyCoolingPerformance received invalid inputs {
  tons: [33m2.5[39m,
  indoorTemp: [33m70[39m,
  heatLossBtu: [33mNaN[39m,
  seer2: [33m15[39m,
  solarExposure: [33m1[39m,
  outdoorTemp: [33m70[39m,
  humidity: [33m50[39m
}
computeHourlyCoolingPerformance received invalid inputs {
  tons: [33m2.5[39m,
  indoorTemp: [33m70[39m,
  heatLossBtu: [33mNaN[39m,
  seer2: [33m15[39m,
  solarExposure: [33m1[39m,
  outdoorTemp: [33m70[39m,
  humidity: [33m50[39m
}
computeHourlyCoolingPerformance received invalid inputs {
  tons: [33m2.5[39m,
  indoorTemp: [33m70[39m,
  heatLossBtu: [33mNaN[39m,
  seer2: [33m15[39m,
  solarExposure: [33m1[39m,
  outdoorTemp: [33m70[39m,
  humidity: [33m50[39m
}
computeHourlyCoolingPerformance received invalid inputs {
  tons: [33m2.5[39m,
  indoorTemp: [33m70[39m,
  heatLossBtu: [33mNaN[39m,
  seer2: [33m15[39m,
  solarExposure: [33m1[39m,
  outdoorTemp: [33m70[39m,
  humidity: [33m50[39m
}
computeHourlyCoolingPerformance received invalid inputs {
  tons: [33m2.5[39m,
  indoorTemp: [33m70[39m,
  heatLossBtu: [33mNaN[39m,
  seer2: [33m15[39m,
  solarExposure: [33m1[39m,
  outdoorTemp: [33m70[39m,
  humidity: [33m50[39m
}
computeHourlyCoolingPerformance received invalid inputs {
  tons: [33m2.5[39m,
  indoorTemp: [33m70[39m,
  heatLossBtu: [33mNaN[39m,
  seer2: [33m15[39m,
  solarExposure: [33m1[39m,
  outdoorTemp: [33m70[39m,
  humidity: [33m50[39m
}
computeHourlyCoolingPerformance received invalid inputs {
  tons: [33m2.5[39m,
  indoorTemp: [33m70[39m,
  heatLossBtu: [33mNaN[39m,
  seer2: [33m15[39m,
  solarExposure: [33m1[39m,
  outdoorTemp: [33m70[39m,
  humidity: [33m50[39m
}
computeHourlyCoolingPerformance received invalid inputs {
  tons: [33m2.5[39m,
  indoorTemp: [33m70[39m,
  heatLossBtu: [33mNaN[39m,
  seer2: [33m15[39m,
  solarExposure: [33m1[39m,
  outdoorTemp: [33m70[39m,
  humidity: [33m50[39m
}
computeHourlyCoolingPerformance received invalid inputs {
  tons: [33m2.5[39m,
  indoorTemp: [33m70[39m,
  heatLossBtu: [33mNaN[39m,
  seer2: [33m15[39m,
  solarExposure: [33m1[39m,
  outdoorTemp: [33m70[39m,
  humidity: [33m50[39m
}
computeHourlyCoolingPerformance received invalid inputs {
  tons: [33m2.5[39m,
  indoorTemp: [33m70[39m,
  heatLossBtu: [33mNaN[39m,
  seer2: [33m15[39m,
  solarExposure: [33m1[39m,
  outdoorTemp: [33m70[39m,
  humidity: [33m50[39m
}
computeHourlyCoolingPerformance received invalid inputs {
  tons: [33m2.5[39m,
  indoorTemp: [33m70[39m,
  heatLossBtu: [33mNaN[39m,
  seer2: [33m15[39m,
  solarExposure: [33m1[39m,
  outdoorTemp: [33m70[39m,
  humidity: [33m50[39m
}
computeHourlyCoolingPerformance received invalid inputs {
  tons: [33m2.5[39m,
  indoorTemp: [33m70[39m,
  heatLossBtu: [33mNaN[39m,
  seer2: [33m15[39m,
  solarExposure: [33m1[39m,
  outdoorTemp: [33m70[39m,
  humidity: [33m50[39m
}
computeHourlyCoolingPerformance received invalid inputs {
  tons: [33m2.5[39m,
  indoorTemp: [33m70[39m,
  heatLossBtu: [33mNaN[39m,
  seer2: [33m15[39m,
  solarExposure: [33m1[39m,
  outdoorTemp: [33m70[39m,
  humidity: [33m50[39m
}
computeHourlyCoolingPerformance received invalid inputs {
  tons: [33m2.5[39m,
  indoorTemp: [33m70[39m,
  heatLossBtu: [33mNaN[39m,
  seer2: [33m15[39m,
  solarExposure: [33m1[39m,
  outdoorTemp: [33m70[39m,
  humidity: [33m50[39m
}
computeHourlyCoolingPerformance received invalid inputs {
  tons: [33m2.5[39m,
  indoorTemp: [33m70[39m,
  heatLossBtu: [33mNaN[39m,
  seer2: [33m15[39m,
  solarExposure: [33m1[39m,
  outdoorTemp: [33m70[39m,
  humidity: [33m50[39m
}
computeHourlyCoolingPerformance received invalid inputs {
  tons: [33m2.5[39m,
  indoorTemp: [33m70[39m,
  heatLossBtu: [33mNaN[39m,
  seer2: [33m15[39m,
  solarExposure: [33m1[39m,
  outdoorTemp: [33m70[39m,
  humidity: [33m50[39m
}
computeHourlyCoolingPerformance received invalid inputs {
  tons: [33m2.5[39m,
  indoorTemp: [33m70[39m,
  heatLossBtu: [33mNaN[39m,
  seer2: [33m15[39m,
  solarExposure: [33m1[39m,
  outdoorTemp: [33m70[39m,
  humidity: [33m50[39m
}
computeHourlyCoolingPerformance received invalid inputs {
  tons: [33m2.5[39m,
  indoorTemp: [33m70[39m,
  heatLossBtu: [33mNaN[39m,
  seer2: [33m15[39m,
  solarExposure: [33m1[39m,
  outdoorTemp: [33m70[39m,
  humidity: [33m50[39m
}
computeHourlyCoolingPerformance received invalid inputs {
  tons: [33m2.5[39m,
  indoorTemp: [33m70[39m,
  heatLossBtu: [33mNaN[39m,
  seer2: [33m15[39m,
  solarExposure: [33m1[39m,
  outdoorTemp: [33m70[39m,
  humidity: [33m50[39m
}
computeHourlyCoolingPerformance received invalid inputs {
  tons: [33m2.5[39m,
  indoorTemp: [33m70[39m,
  heatLossBtu: [33mNaN[39m,
  seer2: [33m15[39m,
  solarExposure: [33m1[39m,
  outdoorTemp: [33m70[39m,
  humidity: [33m50[39m
}
computeHourlyCoolingPerformance received invalid inputs {
  tons: [33m2.5[39m,
  indoorTemp: [33m70[39m,
  heatLossBtu: [33mNaN[39m,
  seer2: [33m15[39m,
  solarExposure: [33m1[39m,
  outdoorTemp: [33m70[39m,
  humidity: [33m50[39m
}
computeHourlyCoolingPerformance received invalid inputs {
  tons: [33m2.5[39m,
  indoorTemp: [33m70[39m,
  heatLossBtu: [33mNaN[39m,
  seer2: [33m15[39m,
  solarExposure: [33m1[39m,
  outdoorTemp: [33m70[39m,
  humidity: [33m50[39m
}
computeHourlyCoolingPerformance received invalid inputs {
  tons: [33m2.5[39m,
  indoorTemp: [33m70[39m,
  heatLossBtu: [33mNaN[39m,
  seer2: [33m15[39m,
  solarExposure: [33m1[39m,
  outdoorTemp: [33m70[39m,
  humidity: [33m50[39m
}
computeHourlyCoolingPerformance received invalid inputs {
  tons: [33m2.5[39m,
  indoorTemp: [33m70[39m,
  heatLossBtu: [33mNaN[39m,
  seer2: [33m15[39m,
  solarExposure: [33m1[39m,
  outdoorTemp: [33m70[39m,
  humidity: [33m50[39m
}
computeHourlyCoolingPerformance received invalid inputs {
  tons: [33m2.5[39m,
  indoorTemp: [33m70[39m,
  heatLossBtu: [33mNaN[39m,
  seer2: [33m15[39m,
  solarExposure: [33m1[39m,
  outdoorTemp: [33m70[39m,
  humidity: [33m50[39m
}
computeHourlyCoolingPerformance received invalid inputs {
  tons: [33m2.5[39m,
  indoorTemp: [33m70[39m,
  heatLossBtu: [33mNaN[39m,
  seer2: [33m15[39m,
  solarExposure: [33m1[39m,
  outdoorTemp: [33m70[39m,
  humidity: [33m50[39m
}
computeHourlyCoolingPerformance received invalid inputs {
  tons: [33m2.5[39m,
  indoorTemp: [33m70[39m,
  heatLossBtu: [33mNaN[39m,
  seer2: [33m15[39m,
  solarExposure: [33m1[39m,
  outdoorTemp: [33m70[39m,
  humidity: [33m50[39m
}
computeHourlyCoolingPerformance received invalid inputs {
  tons: [33m2.5[39m,
  indoorTemp: [33m70[39m,
  heatLossBtu: [33mNaN[39m,
  seer2: [33m15[39m,
  solarExposure: [33m1[39m,
  outdoorTemp: [33m70[39m,
  humidity: [33m50[39m
}
computeHourlyCoolingPerformance received invalid inputs {
  tons: [33m2.5[39m,
  indoorTemp: [33m70[39m,
  heatLossBtu: [33mNaN[39m,
  seer2: [33m15[39m,
  solarExposure: [33m1[39m,
  outdoorTemp: [33m70[39m,
  humidity: [33m50[39m
}
computeHourlyCoolingPerformance received invalid inputs {
  tons: [33m2.5[39m,
  indoorTemp: [33m70[39m,
  heatLossBtu: [33mNaN[39m,
  seer2: [33m15[39m,
  solarExposure: [33m1[39m,
  outdoorTemp: [33m70[39m,
  humidity: [33m50[39m
}
computeHourlyCoolingPerformance received invalid inputs {
  tons: [33m2.5[39m,
  indoorTemp: [33m70[39m,
  heatLossBtu: [33mNaN[39m,
  seer2: [33m15[39m,
  solarExposure: [33m1[39m,
  outdoorTemp: [33m70[39m,
  humidity: [33m50[39m
}
computeHourlyCoolingPerformance received invalid inputs {
  tons: [33m2.5[39m,
  indoorTemp: [33m70[39m,
  heatLossBtu: [33mNaN[39m,
  seer2: [33m15[39m,
  solarExposure: [33m1[39m,
  outdoorTemp: [33m70[39m,
  humidity: [33m50[39m
}
computeHourlyCoolingPerformance received invalid inputs {
  tons: [33m2.5[39m,
  indoorTemp: [33m70[39m,
  heatLossBtu: [33mNaN[39m,
  seer2: [33m15[39m,
  solarExposure: [33m1[39m,
  outdoorTemp: [33m70[39m,
  humidity: [33m50[39m
}
computeHourlyCoolingPerformance received invalid inputs {
  tons: [33m2.5[39m,
  indoorTemp: [33m70[39m,
  heatLossBtu: [33mNaN[39m,
  seer2: [33m15[39m,
  solarExposure: [33m1[39m,
  outdoorTemp: [33m70[39m,
  humidity: [33m50[39m
}
computeHourlyCoolingPerformance received invalid inputs {
  tons: [33m2.5[39m,
  indoorTemp: [33m70[39m,
  heatLossBtu: [33mNaN[39m,
  seer2: [33m15[39m,
  solarExposure: [33m1[39m,
  outdoorTemp: [33m70[39m,
  humidity: [33m50[39m
}
computeHourlyCoolingPerformance received invalid inputs {
  tons: [33m2.5[39m,
  indoorTemp: [33m70[39m,
  heatLossBtu: [33mNaN[39m,
  seer2: [33m15[39m,
  solarExposure: [33m1[39m,
  outdoorTemp: [33m70[39m,
  humidity: [33m50[39m
}
computeHourlyCoolingPerformance received invalid inputs {
  tons: [33m2.5[39m,
  indoorTemp: [33m70[39m,
  heatLossBtu: [33mNaN[39m,
  seer2: [33m15[39m,
  solarExposure: [33m1[39m,
  outdoorTemp: [33m70[39m,
  humidity: [33m50[39m
}
computeHourlyCoolingPerformance received invalid inputs {
  tons: [33m2.5[39m,
  indoorTemp: [33m70[39m,
  heatLossBtu: [33mNaN[39m,
  seer2: [33m15[39m,
  solarExposure: [33m1[39m,
  outdoorTemp: [33m70[39m,
  humidity: [33m50[39m
}
computeHourlyCoolingPerformance received invalid inputs {
  tons: [33m2.5[39m,
  indoorTemp: [33m70[39m,
  heatLossBtu: [33mNaN[39m,
  seer2: [33m15[39m,
  solarExposure: [33m1[39m,
  outdoorTemp: [33m70[39m,
  humidity: [33m50[39m
}
computeHourlyCoolingPerformance received invalid inputs {
  tons: [33m2.5[39m,
  indoorTemp: [33m70[39m,
  heatLossBtu: [33mNaN[39m,
  seer2: [33m15[39m,
  solarExposure: [33m1[39m,
  outdoorTemp: [33m70[39m,
  humidity: [33m50[39m
}
computeHourlyCoolingPerformance received invalid inputs {
  tons: [33m2.5[39m,
  indoorTemp: [33m70[39m,
  heatLossBtu: [33mNaN[39m,
  seer2: [33m15[39m,
  solarExposure: [33m1[39m,
  outdoorTemp: [33m70[39m,
  humidity: [33m50[39m
}
computeHourlyCoolingPerformance received invalid inputs {
  tons: [33m2.5[39m,
  indoorTemp: [33m70[39m,
  heatLossBtu: [33mNaN[39m,
  seer2: [33m15[39m,
  solarExposure: [33m1[39m,
  outdoorTemp: [33m70[39m,
  humidity: [33m50[39m
}
computeHourlyCoolingPerformance received invalid inputs {
  tons: [33m2.5[39m,
  indoorTemp: [33m70[39m,
  heatLossBtu: [33mNaN[39m,
  seer2: [33m15[39m,
  solarExposure: [33m1[39m,
  outdoorTemp: [33m70[39m,
  humidity: [33m50[39m
}
computeHourlyCoolingPerformance received invalid inputs {
  tons: [33m2.5[39m,
  indoorTemp: [33m70[39m,
  heatLossBtu: [33mNaN[39m,
  seer2: [33m15[39m,
  solarExposure: [33m1[39m,
  outdoorTemp: [33m70[39m,
  humidity: [33m50[39m
}
computeHourlyCoolingPerformance received invalid inputs {
  tons: [33m2.5[39m,
  indoorTemp: [33m70[39m,
  heatLossBtu: [33mNaN[39m,
  seer2: [33m15[39m,
  solarExposure: [33m1[39m,
  outdoorTemp: [33m70[39m,
  humidity: [33m50[39m
}
computeHourlyCoolingPerformance received invalid inputs {
  tons: [33m2.5[39m,
  indoorTemp: [33m70[39m,
  heatLossBtu: [33mNaN[39m,
  seer2: [33m15[39m,
  solarExposure: [33m1[39m,
  outdoorTemp: [33m70[39m,
  humidity: [33m50[39m
}
computeHourlyCoolingPerformance received invalid inputs {
  tons: [33m2.5[39m,
  indoorTemp: [33m70[39m,
  heatLossBtu: [33mNaN[39m,
  seer2: [33m15[39m,
  solarExposure: [33m1[39m,
  outdoorTemp: [33m70[39m,
  humidity: [33m50[39m
}
computeHourlyCoolingPerformance received invalid inputs {
  tons: [33m2.5[39m,
  indoorTemp: [33m70[39m,
  heatLossBtu: [33mNaN[39m,
  seer2: [33m15[39m,
  solarExposure: [33m1[39m,
  outdoorTemp: [33m70[39m,
  humidity: [33m50[39m
}
computeHourlyCoolingPerformance received invalid inputs {
  tons: [33m2.5[39m,
  indoorTemp: [33m70[39m,
  heatLossBtu: [33mNaN[39m,
  seer2: [33m15[39m,
  solarExposure: [33m1[39m,
  outdoorTemp: [33m70[39m,
  humidity: [33m50[39m
}
computeHourlyCoolingPerformance received invalid inputs {
  tons: [33m2.5[39m,
  indoorTemp: [33m70[39m,
  heatLossBtu: [33mNaN[39m,
  seer2: [33m15[39m,
  solarExposure: [33m1[39m,
  outdoorTemp: [33m70[39m,
  humidity: [33m50[39m
}
computeHourlyCoolingPerformance received invalid inputs {
  tons: [33m2.5[39m,
  indoorTemp: [33m70[39m,
  heatLossBtu: [33mNaN[39m,
  seer2: [33m15[39m,
  solarExposure: [33m1[39m,
  outdoorTemp: [33m70[39m,
  humidity: [33m50[39m
}
computeHourlyCoolingPerformance received invalid inputs {
  tons: [33m2.5[39m,
  indoorTemp: [33m70[39m,
  heatLossBtu: [33mNaN[39m,
  seer2: [33m15[39m,
  solarExposure: [33m1[39m,
  outdoorTemp: [33m70[39m,
  humidity: [33m50[39m
}
computeHourlyCoolingPerformance received invalid inputs {
  tons: [33m2.5[39m,
  indoorTemp: [33m70[39m,
  heatLossBtu: [33mNaN[39m,
  seer2: [33m15[39m,
  solarExposure: [33m1[39m,
  outdoorTemp: [33m70[39m,
  humidity: [33m50[39m
}
computeHourlyCoolingPerformance received invalid inputs {
  tons: [33m2.5[39m,
  indoorTemp: [33m70[39m,
  heatLossBtu: [33mNaN[39m,
  seer2: [33m15[39m,
  solarExposure: [33m1[39m,
  outdoorTemp: [33m70[39m,
  humidity: [33m50[39m
}
computeHourlyCoolingPerformance received invalid inputs {
  tons: [33m2.5[39m,
  indoorTemp: [33m70[39m,
  heatLossBtu: [33mNaN[39m,
  seer2: [33m15[39m,
  solarExposure: [33m1[39m,
  outdoorTemp: [33m70[39m,
  humidity: [33m50[39m
}
computeHourlyCoolingPerformance received invalid inputs {
  tons: [33m2.5[39m,
  indoorTemp: [33m70[39m,
  heatLossBtu: [33mNaN[39m,
  seer2: [33m15[39m,
  solarExposure: [33m1[39m,
  outdoorTemp: [33m70[39m,
  humidity: [33m50[39m
}
computeHourlyCoolingPerformance received invalid inputs {
  tons: [33m2.5[39m,
  indoorTemp: [33m70[39m,
  heatLossBtu: [33mNaN[39m,
  seer2: [33m15[39m,
  solarExposure: [33m1[39m,
  outdoorTemp: [33m70[39m,
  humidity: [33m50[39m
}
computeHourlyCoolingPerformance received invalid inputs {
  tons: [33m2.5[39m,
  indoorTemp: [33m70[39m,
  heatLossBtu: [33mNaN[39m,
  seer2: [33m15[39m,
  solarExposure: [33m1[39m,
  outdoorTemp: [33m70[39m,
  humidity: [33m50[39m
}
computeHourlyCoolingPerformance received invalid inputs {
  tons: [33m2.5[39m,
  indoorTemp: [33m70[39m,
  heatLossBtu: [33mNaN[39m,
  seer2: [33m15[39m,
  solarExposure: [33m1[39m,
  outdoorTemp: [33m70[39m,
  humidity: [33m50[39m
}
computeHourlyCoolingPerformance received invalid inputs {
  tons: [33m2.5[39m,
  indoorTemp: [33m70[39m,
  heatLossBtu: [33mNaN[39m,
  seer2: [33m15[39m,
  solarExposure: [33m1[39m,
  outdoorTemp: [33m70[39m,
  humidity: [33m50[39m
}
computeHourlyCoolingPerformance received invalid inputs {
  tons: [33m2.5[39m,
  indoorTemp: [33m70[39m,
  heatLossBtu: [33mNaN[39m,
  seer2: [33m15[39m,
  solarExposure: [33m1[39m,
  outdoorTemp: [33m70[39m,
  humidity: [33m50[39m
}
computeHourlyCoolingPerformance received invalid inputs {
  tons: [33m2.5[39m,
  indoorTemp: [33m70[39m,
  heatLossBtu: [33mNaN[39m,
  seer2: [33m15[39m,
  solarExposure: [33m1[39m,
  outdoorTemp: [33m70[39m,
  humidity: [33m50[39m
}
computeHourlyCoolingPerformance received invalid inputs {
  tons: [33m2.5[39m,
  indoorTemp: [33m70[39m,
  heatLossBtu: [33mNaN[39m,
  seer2: [33m15[39m,
  solarExposure: [33m1[39m,
  outdoorTemp: [33m70[39m,
  humidity: [33m50[39m
}
computeHourlyCoolingPerformance received invalid inputs {
  tons: [33m2.5[39m,
  indoorTemp: [33m70[39m,
  heatLossBtu: [33mNaN[39m,
  seer2: [33m15[39m,
  solarExposure: [33m1[39m,
  outdoorTemp: [33m70[39m,
  humidity: [33m50[39m
}
computeHourlyCoolingPerformance received invalid inputs {
  tons: [33m2.5[39m,
  indoorTemp: [33m70[39m,
  heatLossBtu: [33mNaN[39m,
  seer2: [33m15[39m,
  solarExposure: [33m1[39m,
  outdoorTemp: [33m70[39m,
  humidity: [33m50[39m
}
computeHourlyCoolingPerformance received invalid inputs {
  tons: [33m2.5[39m,
  indoorTemp: [33m70[39m,
  heatLossBtu: [33mNaN[39m,
  seer2: [33m15[39m,
  solarExposure: [33m1[39m,
  outdoorTemp: [33m70[39m,
  humidity: [33m50[39m
}
computeHourlyCoolingPerformance received invalid inputs {
  tons: [33m2.5[39m,
  indoorTemp: [33m70[39m,
  heatLossBtu: [33mNaN[39m,
  seer2: [33m15[39m,
  solarExposure: [33m1[39m,
  outdoorTemp: [33m70[39m,
  humidity: [33m50[39m
}
computeHourlyCoolingPerformance received invalid inputs {
  tons: [33m2.5[39m,
  indoorTemp: [33m70[39m,
  heatLossBtu: [33mNaN[39m,
  seer2: [33m15[39m,
  solarExposure: [33m1[39m,
  outdoorTemp: [33m70[39m,
  humidity: [33m50[39m
}
computeHourlyCoolingPerformance received invalid inputs {
  tons: [33m2.5[39m,
  indoorTemp: [33m70[39m,
  heatLossBtu: [33mNaN[39m,
  seer2: [33m15[39m,
  solarExposure: [33m1[39m,
  outdoorTemp: [33m70[39m,
  humidity: [33m50[39m
}
computeHourlyCoolingPerformance received invalid inputs {
  tons: [33m2.5[39m,
  indoorTemp: [33m70[39m,
  heatLossBtu: [33mNaN[39m,
  seer2: [33m15[39m,
  solarExposure: [33m1[39m,
  outdoorTemp: [33m70[39m,
  humidity: [33m50[39m
}
computeHourlyCoolingPerformance received invalid inputs {
  tons: [33m2.5[39m,
  indoorTemp: [33m70[39m,
  heatLossBtu: [33mNaN[39m,
  seer2: [33m15[39m,
  solarExposure: [33m1[39m,
  outdoorTemp: [33m70[39m,
  humidity: [33m50[39m
}
computeHourlyCoolingPerformance received invalid inputs {
  tons: [33m2.5[39m,
  indoorTemp: [33m70[39m,
  heatLossBtu: [33mNaN[39m,
  seer2: [33m15[39m,
  solarExposure: [33m1[39m,
  outdoorTemp: [33m70[39m,
  humidity: [33m50[39m
}
computeHourlyCoolingPerformance received invalid inputs {
  tons: [33m2.5[39m,
  indoorTemp: [33m70[39m,
  heatLossBtu: [33mNaN[39m,
  seer2: [33m15[39m,
  solarExposure: [33m1[39m,
  outdoorTemp: [33m70[39m,
  humidity: [33m50[39m
}
computeHourlyCoolingPerformance received invalid inputs {
  tons: [33m2.5[39m,
  indoorTemp: [33m70[39m,
  heatLossBtu: [33mNaN[39m,
  seer2: [33m15[39m,
  solarExposure: [33m1[39m,
  outdoorTemp: [33m70[39m,
  humidity: [33m50[39m
}
computeHourlyCoolingPerformance received invalid inputs {
  tons: [33m2.5[39m,
  indoorTemp: [33m70[39m,
  heatLossBtu: [33mNaN[39m,
  seer2: [33m15[39m,
  solarExposure: [33m1[39m,
  outdoorTemp: [33m70[39m,
  humidity: [33m50[39m
}
computeHourlyCoolingPerformance received invalid inputs {
  tons: [33m2.5[39m,
  indoorTemp: [33m70[39m,
  heatLossBtu: [33mNaN[39m,
  seer2: [33m15[39m,
  solarExposure: [33m1[39m,
  outdoorTemp: [33m70[39m,
  humidity: [33m50[39m
}
computeHourlyCoolingPerformance received invalid inputs {
  tons: [33m2.5[39m,
  indoorTemp: [33m70[39m,
  heatLossBtu: [33mNaN[39m,
  seer2: [33m15[39m,
  solarExposure: [33m1[39m,
  outdoorTemp: [33m70[39m,
  humidity: [33m50[39m
}
computeHourlyCoolingPerformance received invalid inputs {
  tons: [33m2.5[39m,
  indoorTemp: [33m70[39m,
  heatLossBtu: [33mNaN[39m,
  seer2: [33m15[39m,
  solarExposure: [33m1[39m,
  outdoorTemp: [33m70[39m,
  humidity: [33m50[39m
}
computeHourlyCoolingPerformance received invalid inputs {
  tons: [33m2.5[39m,
  indoorTemp: [33m70[39m,
  heatLossBtu: [33mNaN[39m,
  seer2: [33m15[39m,
  solarExposure: [33m1[39m,
  outdoorTemp: [33m70[39m,
  humidity: [33m50[39m
}
computeHourlyCoolingPerformance received invalid inputs {
  tons: [33m2.5[39m,
  indoorTemp: [33m70[39m,
  heatLossBtu: [33mNaN[39m,
  seer2: [33m15[39m,
  solarExposure: [33m1[39m,
  outdoorTemp: [33m70[39m,
  humidity: [33m50[39m
}
computeHourlyCoolingPerformance received invalid inputs {
  tons: [33m2.5[39m,
  indoorTemp: [33m70[39m,
  heatLossBtu: [33mNaN[39m,
  seer2: [33m15[39m,
  solarExposure: [33m1[39m,
  outdoorTemp: [33m70[39m,
  humidity: [33m50[39m
}
computeHourlyCoolingPerformance received invalid inputs {
  tons: [33m2.5[39m,
  indoorTemp: [33m70[39m,
  heatLossBtu: [33mNaN[39m,
  seer2: [33m15[39m,
  solarExposure: [33m1[39m,
  outdoorTemp: [33m70[39m,
  humidity: [33m50[39m
}
computeHourlyCoolingPerformance received invalid inputs {
  tons: [33m2.5[39m,
  indoorTemp: [33m70[39m,
  heatLossBtu: [33mNaN[39m,
  seer2: [33m15[39m,
  solarExposure: [33m1[39m,
  outdoorTemp: [33m70[39m,
  humidity: [33m50[39m
}
computeHourlyCoolingPerformance received invalid inputs {
  tons: [33m2.5[39m,
  indoorTemp: [33m70[39m,
  heatLossBtu: [33mNaN[39m,
  seer2: [33m15[39m,
  solarExposure: [33m1[39m,
  outdoorTemp: [33m70[39m,
  humidity: [33m50[39m
}
computeHourlyCoolingPerformance received invalid inputs {
  tons: [33m2.5[39m,
  indoorTemp: [33m70[39m,
  heatLossBtu: [33mNaN[39m,
  seer2: [33m15[39m,
  solarExposure: [33m1[39m,
  outdoorTemp: [33m70[39m,
  humidity: [33m50[39m
}
computeHourlyCoolingPerformance received invalid inputs {
  tons: [33m2.5[39m,
  indoorTemp: [33m70[39m,
  heatLossBtu: [33mNaN[39m,
  seer2: [33m15[39m,
  solarExposure: [33m1[39m,
  outdoorTemp: [33m70[39m,
  humidity: [33m50[39m
}
computeHourlyCoolingPerformance received invalid inputs {
  tons: [33m2.5[39m,
  indoorTemp: [33m70[39m,
  heatLossBtu: [33mNaN[39m,
  seer2: [33m15[39m,
  solarExposure: [33m1[39m,
  outdoorTemp: [33m70[39m,
  humidity: [33m50[39m
}
computeHourlyCoolingPerformance received invalid inputs {
  tons: [33m2.5[39m,
  indoorTemp: [33m70[39m,
  heatLossBtu: [33mNaN[39m,
  seer2: [33m15[39m,
  solarExposure: [33m1[39m,
  outdoorTemp: [33m70[39m,
  humidity: [33m50[39m
}
computeHourlyCoolingPerformance received invalid inputs {
  tons: [33m2.5[39m,
  indoorTemp: [33m70[39m,
  heatLossBtu: [33mNaN[39m,
  seer2: [33m15[39m,
  solarExposure: [33m1[39m,
  outdoorTemp: [33m70[39m,
  humidity: [33m50[39m
}
computeHourlyCoolingPerformance received invalid inputs {
  tons: [33m2.5[39m,
  indoorTemp: [33m70[39m,
  heatLossBtu: [33mNaN[39m,
  seer2: [33m15[39m,
  solarExposure: [33m1[39m,
  outdoorTemp: [33m70[39m,
  humidity: [33m50[39m
}
computeHourlyCoolingPerformance received invalid inputs {
  tons: [33m2.5[39m,
  indoorTemp: [33m70[39m,
  heatLossBtu: [33mNaN[39m,
  seer2: [33m15[39m,
  solarExposure: [33m1[39m,
  outdoorTemp: [33m70[39m,
  humidity: [33m50[39m
}
computeHourlyCoolingPerformance received invalid inputs {
  tons: [33m2.5[39m,
  indoorTemp: [33m70[39m,
  heatLossBtu: [33mNaN[39m,
  seer2: [33m15[39m,
  solarExposure: [33m1[39m,
  outdoorTemp: [33m70[39m,
  humidity: [33m50[39m
}
computeHourlyCoolingPerformance received invalid inputs {
  tons: [33m2.5[39m,
  indoorTemp: [33m70[39m,
  heatLossBtu: [33mNaN[39m,
  seer2: [33m15[39m,
  solarExposure: [33m1[39m,
  outdoorTemp: [33m70[39m,
  humidity: [33m50[39m
}
computeHourlyCoolingPerformance received invalid inputs {
  tons: [33m2.5[39m,
  indoorTemp: [33m70[39m,
  heatLossBtu: [33mNaN[39m,
  seer2: [33m15[39m,
  solarExposure: [33m1[39m,
  outdoorTemp: [33m70[39m,
  humidity: [33m50[39m
}
computeHourlyCoolingPerformance received invalid inputs {
  tons: [33m2.5[39m,
  indoorTemp: [33m70[39m,
  heatLossBtu: [33mNaN[39m,
  seer2: [33m15[39m,
  solarExposure: [33m1[39m,
  outdoorTemp: [33m70[39m,
  humidity: [33m50[39m
}
computeHourlyCoolingPerformance received invalid inputs {
  tons: [33m2.5[39m,
  indoorTemp: [33m70[39m,
  heatLossBtu: [33mNaN[39m,
  seer2: [33m15[39m,
  solarExposure: [33m1[39m,
  outdoorTemp: [33m70[39m,
  humidity: [33m50[39m
}
computeHourlyCoolingPerformance received invalid inputs {
  tons: [33m2.5[39m,
  indoorTemp: [33m70[39m,
  heatLossBtu: [33mNaN[39m,
  seer2: [33m15[39m,
  solarExposure: [33m1[39m,
  outdoorTemp: [33m70[39m,
  humidity: [33m50[39m
}
computeHourlyCoolingPerformance received invalid inputs {
  tons: [33m2.5[39m,
  indoorTemp: [33m70[39m,
  heatLossBtu: [33mNaN[39m,
  seer2: [33m15[39m,
  solarExposure: [33m1[39m,
  outdoorTemp: [33m70[39m,
  humidity: [33m50[39m
}
computeHourlyCoolingPerformance received invalid inputs {
  tons: [33m2.5[39m,
  indoorTemp: [33m70[39m,
  heatLossBtu: [33mNaN[39m,
  seer2: [33m15[39m,
  solarExposure: [33m1[39m,
  outdoorTemp: [33m70[39m,
  humidity: [33m50[39m
}
computeHourlyCoolingPerformance received invalid inputs {
  tons: [33m2.5[39m,
  indoorTemp: [33m70[39m,
  heatLossBtu: [33mNaN[39m,
  seer2: [33m15[39m,
  solarExposure: [33m1[39m,
  outdoorTemp: [33m70[39m,
  humidity: [33m50[39m
}
computeHourlyCoolingPerformance received invalid inputs {
  tons: [33m2.5[39m,
  indoorTemp: [33m70[39m,
  heatLossBtu: [33mNaN[39m,
  seer2: [33m15[39m,
  solarExposure: [33m1[39m,
  outdoorTemp: [33m70[39m,
  humidity: [33m50[39m
}
computeHourlyCoolingPerformance received invalid inputs {
  tons: [33m2.5[39m,
  indoorTemp: [33m70[39m,
  heatLossBtu: [33mNaN[39m,
  seer2: [33m15[39m,
  solarExposure: [33m1[39m,
  outdoorTemp: [33m70[39m,
  humidity: [33m50[39m
}
computeHourlyCoolingPerformance received invalid inputs {
  tons: [33m2.5[39m,
  indoorTemp: [33m70[39m,
  heatLossBtu: [33mNaN[39m,
  seer2: [33m15[39m,
  solarExposure: [33m1[39m,
  outdoorTemp: [33m70[39m,
  humidity: [33m50[39m
}
computeHourlyCoolingPerformance received invalid inputs {
  tons: [33m2.5[39m,
  indoorTemp: [33m70[39m,
  heatLossBtu: [33mNaN[39m,
  seer2: [33m15[39m,
  solarExposure: [33m1[39m,
  outdoorTemp: [33m70[39m,
  humidity: [33m50[39m
}
computeHourlyCoolingPerformance received invalid inputs {
  tons: [33m2.5[39m,
  indoorTemp: [33m70[39m,
  heatLossBtu: [33mNaN[39m,
  seer2: [33m15[39m,
  solarExposure: [33m1[39m,
  outdoorTemp: [33m70[39m,
  humidity: [33m50[39m
}
computeHourlyCoolingPerformance received invalid inputs {
  tons: [33m2.5[39m,
  indoorTemp: [33m70[39m,
  heatLossBtu: [33mNaN[39m,
  seer2: [33m15[39m,
  solarExposure: [33m1[39m,
  outdoorTemp: [33m70[39m,
  humidity: [33m50[39m
}
computeHourlyCoolingPerformance received invalid inputs {
  tons: [33m2.5[39m,
  indoorTemp: [33m70[39m,
  heatLossBtu: [33mNaN[39m,
  seer2: [33m15[39m,
  solarExposure: [33m1[39m,
  outdoorTemp: [33m70[39m,
  humidity: [33m50[39m
}
computeHourlyCoolingPerformance received invalid inputs {
  tons: [33m2.5[39m,
  indoorTemp: [33m70[39m,
  heatLossBtu: [33mNaN[39m,
  seer2: [33m15[39m,
  solarExposure: [33m1[39m,
  outdoorTemp: [33m70[39m,
  humidity: [33m50[39m
}
computeHourlyCoolingPerformance received invalid inputs {
  tons: [33m2.5[39m,
  indoorTemp: [33m70[39m,
  heatLossBtu: [33mNaN[39m,
  seer2: [33m15[39m,
  solarExposure: [33m1[39m,
  outdoorTemp: [33m70[39m,
  humidity: [33m50[39m
}
computeHourlyCoolingPerformance received invalid inputs {
  tons: [33m2.5[39m,
  indoorTemp: [33m70[39m,
  heatLossBtu: [33mNaN[39m,
  seer2: [33m15[39m,
  solarExposure: [33m1[39m,
  outdoorTemp: [33m70[39m,
  humidity: [33m50[39m
}
computeHourlyCoolingPerformance received invalid inputs {
  tons: [33m2.5[39m,
  indoorTemp: [33m70[39m,
  heatLossBtu: [33mNaN[39m,
  seer2: [33m15[39m,
  solarExposure: [33m1[39m,
  outdoorTemp: [33m70[39m,
  humidity: [33m50[39m
}
computeHourlyCoolingPerformance received invalid inputs {
  tons: [33m2.5[39m,
  indoorTemp: [33m70[39m,
  heatLossBtu: [33mNaN[39m,
  seer2: [33m15[39m,
  solarExposure: [33m1[39m,
  outdoorTemp: [33m70[39m,
  humidity: [33m50[39m
}
computeHourlyCoolingPerformance received invalid inputs {
  tons: [33m2.5[39m,
  indoorTemp: [33m70[39m,
  heatLossBtu: [33mNaN[39m,
  seer2: [33m15[39m,
  solarExposure: [33m1[39m,
  outdoorTemp: [33m70[39m,
  humidity: [33m50[39m
}
computeHourlyCoolingPerformance received invalid inputs {
  tons: [33m2.5[39m,
  indoorTemp: [33m70[39m,
  heatLossBtu: [33mNaN[39m,
  seer2: [33m15[39m,
  solarExposure: [33m1[39m,
  outdoorTemp: [33m70[39m,
  humidity: [33m50[39m
}
computeHourlyCoolingPerformance received invalid inputs {
  tons: [33m2.5[39m,
  indoorTemp: [33m70[39m,
  heatLossBtu: [33mNaN[39m,
  seer2: [33m15[39m,
  solarExposure: [33m1[39m,
  outdoorTemp: [33m70[39m,
  humidity: [33m50[39m
}
computeHourlyCoolingPerformance received invalid inputs {
  tons: [33m2.5[39m,
  indoorTemp: [33m70[39m,
  heatLossBtu: [33mNaN[39m,
  seer2: [33m15[39m,
  solarExposure: [33m1[39m,
  outdoorTemp: [33m70[39m,
  humidity: [33m50[39m
}
computeHourlyCoolingPerformance received invalid inputs {
  tons: [33m2.5[39m,
  indoorTemp: [33m70[39m,
  heatLossBtu: [33mNaN[39m,
  seer2: [33m15[39m,
  solarExposure: [33m1[39m,
  outdoorTemp: [33m70[39m,
  humidity: [33m50[39m
}
computeHourlyCoolingPerformance received invalid inputs {
  tons: [33m2.5[39m,
  indoorTemp: [33m70[39m,
  heatLossBtu: [33mNaN[39m,
  seer2: [33m15[39m,
  solarExposure: [33m1[39m,
  outdoorTemp: [33m70[39m,
  humidity: [33m50[39m
}
computeHourlyCoolingPerformance received invalid inputs {
  tons: [33m2.5[39m,
  indoorTemp: [33m70[39m,
  heatLossBtu: [33mNaN[39m,
  seer2: [33m15[39m,
  solarExposure: [33m1[39m,
  outdoorTemp: [33m70[39m,
  humidity: [33m50[39m
}
computeHourlyCoolingPerformance received invalid inputs {
  tons: [33m2.5[39m,
  indoorTemp: [33m70[39m,
  heatLossBtu: [33mNaN[39m,
  seer2: [33m15[39m,
  solarExposure: [33m1[39m,
  outdoorTemp: [33m70[39m,
  humidity: [33m50[39m
}
computeHourlyCoolingPerformance received invalid inputs {
  tons: [33m2.5[39m,
  indoorTemp: [33m70[39m,
  heatLossBtu: [33mNaN[39m,
  seer2: [33m15[39m,
  solarExposure: [33m1[39m,
  outdoorTemp: [33m70[39m,
  humidity: [33m50[39m
}
computeHourlyCoolingPerformance received invalid inputs {
  tons: [33m2.5[39m,
  indoorTemp: [33m70[39m,
  heatLossBtu: [33mNaN[39m,
  seer2: [33m15[39m,
  solarExposure: [33m1[39m,
  outdoorTemp: [33m70[39m,
  humidity: [33m50[39m
}
computeHourlyCoolingPerformance received invalid inputs {
  tons: [33m2.5[39m,
  indoorTemp: [33m70[39m,
  heatLossBtu: [33mNaN[39m,
  seer2: [33m15[39m,
  solarExposure: [33m1[39m,
  outdoorTemp: [33m70[39m,
  humidity: [33m50[39m
}
computeHourlyCoolingPerformance received invalid inputs {
  tons: [33m2.5[39m,
  indoorTemp: [33m70[39m,
  heatLossBtu: [33mNaN[39m,
  seer2: [33m15[39m,
  solarExposure: [33m1[39m,
  outdoorTemp: [33m70[39m,
  humidity: [33m50[39m
}
computeHourlyCoolingPerformance received invalid inputs {
  tons: [33m2.5[39m,
  indoorTemp: [33m70[39m,
  heatLossBtu: [33mNaN[39m,
  seer2: [33m15[39m,
  solarExposure: [33m1[39m,
  outdoorTemp: [33m70[39m,
  humidity: [33m50[39m
}
computeHourlyCoolingPerformance received invalid inputs {
  tons: [33m2.5[39m,
  indoorTemp: [33m70[39m,
  heatLossBtu: [33mNaN[39m,
  seer2: [33m15[39m,
  solarExposure: [33m1[39m,
  outdoorTemp: [33m70[39m,
  humidity: [33m50[39m
}
computeHourlyCoolingPerformance received invalid inputs {
  tons: [33m2.5[39m,
  indoorTemp: [33m70[39m,
  heatLossBtu: [33mNaN[39m,
  seer2: [33m15[39m,
  solarExposure: [33m1[39m,
  outdoorTemp: [33m70[39m,
  humidity: [33m50[39m
}
computeHourlyCoolingPerformance received invalid inputs {
  tons: [33m2.5[39m,
  indoorTemp: [33m70[39m,
  heatLossBtu: [33mNaN[39m,
  seer2: [33m15[39m,
  solarExposure: [33m1[39m,
  outdoorTemp: [33m70[39m,
  humidity: [33m50[39m
}
computeHourlyCoolingPerformance received invalid inputs {
  tons: [33m2.5[39m,
  indoorTemp: [33m70[39m,
  heatLossBtu: [33mNaN[39m,
  seer2: [33m15[39m,
  solarExposure: [33m1[39m,
  outdoorTemp: [33m70[39m,
  humidity: [33m50[39m
}
computeHourlyCoolingPerformance received invalid inputs {
  tons: [33m2.5[39m,
  indoorTemp: [33m70[39m,
  heatLossBtu: [33mNaN[39m,
  seer2: [33m15[39m,
  solarExposure: [33m1[39m,
  outdoorTemp: [33m70[39m,
  humidity: [33m50[39m
}
computeHourlyCoolingPerformance received invalid inputs {
  tons: [33m2.5[39m,
  indoorTemp: [33m70[39m,
  heatLossBtu: [33mNaN[39m,
  seer2: [33m15[39m,
  solarExposure: [33m1[39m,
  outdoorTemp: [33m70[39m,
  humidity: [33m50[39m
}
computeHourlyCoolingPerformance received invalid inputs {
  tons: [33m2.5[39m,
  indoorTemp: [33m70[39m,
  heatLossBtu: [33mNaN[39m,
  seer2: [33m15[39m,
  solarExposure: [33m1[39m,
  outdoorTemp: [33m70[39m,
  humidity: [33m50[39m
}
computeHourlyCoolingPerformance received invalid inputs {
  tons: [33m2.5[39m,
  indoorTemp: [33m70[39m,
  heatLossBtu: [33mNaN[39m,
  seer2: [33m15[39m,
  solarExposure: [33m1[39m,
  outdoorTemp: [33m70[39m,
  humidity: [33m50[39m
}
computeHourlyCoolingPerformance received invalid inputs {
  tons: [33m2.5[39m,
  indoorTemp: [33m70[39m,
  heatLossBtu: [33mNaN[39m,
  seer2: [33m15[39m,
  solarExposure: [33m1[39m,
  outdoorTemp: [33m70[39m,
  humidity: [33m50[39m
}
computeHourlyCoolingPerformance received invalid inputs {
  tons: [33m2.5[39m,
  indoorTemp: [33m70[39m,
  heatLossBtu: [33mNaN[39m,
  seer2: [33m15[39m,
  solarExposure: [33m1[39m,
  outdoorTemp: [33m70[39m,
  humidity: [33m50[39m
}
computeHourlyCoolingPerformance received invalid inputs {
  tons: [33m2.5[39m,
  indoorTemp: [33m70[39m,
  heatLossBtu: [33mNaN[39m,
  seer2: [33m15[39m,
  solarExposure: [33m1[39m,
  outdoorTemp: [33m70[39m,
  humidity: [33m50[39m
}
computeHourlyCoolingPerformance received invalid inputs {
  tons: [33m2.5[39m,
  indoorTemp: [33m70[39m,
  heatLossBtu: [33mNaN[39m,
  seer2: [33m15[39m,
  solarExposure: [33m1[39m,
  outdoorTemp: [33m70[39m,
  humidity: [33m50[39m
}
computeHourlyCoolingPerformance received invalid inputs {
  tons: [33m2.5[39m,
  indoorTemp: [33m70[39m,
  heatLossBtu: [33mNaN[39m,
  seer2: [33m15[39m,
  solarExposure: [33m1[39m,
  outdoorTemp: [33m70[39m,
  humidity: [33m50[39m
}
computeHourlyCoolingPerformance received invalid inputs {
  tons: [33m2.5[39m,
  indoorTemp: [33m70[39m,
  heatLossBtu: [33mNaN[39m,
  seer2: [33m15[39m,
  solarExposure: [33m1[39m,
  outdoorTemp: [33m70[39m,
  humidity: [33m50[39m
}
computeHourlyCoolingPerformance received invalid inputs {
  tons: [33m2.5[39m,
  indoorTemp: [33m70[39m,
  heatLossBtu: [33mNaN[39m,
  seer2: [33m15[39m,
  solarExposure: [33m1[39m,
  outdoorTemp: [33m70[39m,
  humidity: [33m50[39m
}
computeHourlyCoolingPerformance received invalid inputs {
  tons: [33m2.5[39m,
  indoorTemp: [33m70[39m,
  heatLossBtu: [33mNaN[39m,
  seer2: [33m15[39m,
  solarExposure: [33m1[39m,
  outdoorTemp: [33m70[39m,
  humidity: [33m50[39m
}
computeHourlyCoolingPerformance received invalid inputs {
  tons: [33m2.5[39m,
  indoorTemp: [33m70[39m,
  heatLossBtu: [33mNaN[39m,
  seer2: [33m15[39m,
  solarExposure: [33m1[39m,
  outdoorTemp: [33m70[39m,
  humidity: [33m50[39m
}
computeHourlyCoolingPerformance received invalid inputs {
  tons: [33m2.5[39m,
  indoorTemp: [33m70[39m,
  heatLossBtu: [33mNaN[39m,
  seer2: [33m15[39m,
  solarExposure: [33m1[39m,
  outdoorTemp: [33m70[39m,
  humidity: [33m50[39m
}
computeHourlyCoolingPerformance received invalid inputs {
  tons: [33m2.5[39m,
  indoorTemp: [33m70[39m,
  heatLossBtu: [33mNaN[39m,
  seer2: [33m15[39m,
  solarExposure: [33m1[39m,
  outdoorTemp: [33m70[39m,
  humidity: [33m50[39m
}
computeHourlyCoolingPerformance received invalid inputs {
  tons: [33m2.5[39m,
  indoorTemp: [33m70[39m,
  heatLossBtu: [33mNaN[39m,
  seer2: [33m15[39m,
  solarExposure: [33m1[39m,
  outdoorTemp: [33m70[39m,
  humidity: [33m50[39m
}
computeHourlyCoolingPerformance received invalid inputs {
  tons: [33m2.5[39m,
  indoorTemp: [33m70[39m,
  heatLossBtu: [33mNaN[39m,
  seer2: [33m15[39m,
  solarExposure: [33m1[39m,
  outdoorTemp: [33m70[39m,
  humidity: [33m50[39m
}
computeHourlyCoolingPerformance received invalid inputs {
  tons: [33m2.5[39m,
  indoorTemp: [33m70[39m,
  heatLossBtu: [33mNaN[39m,
  seer2: [33m15[39m,
  solarExposure: [33m1[39m,
  outdoorTemp: [33m70[39m,
  humidity: [33m50[39m
}
computeHourlyCoolingPerformance received invalid inputs {
  tons: [33m2.5[39m,
  indoorTemp: [33m70[39m,
  heatLossBtu: [33mNaN[39m,
  seer2: [33m15[39m,
  solarExposure: [33m1[39m,
  outdoorTemp: [33m70[39m,
  humidity: [33m50[39m
}
computeHourlyCoolingPerformance received invalid inputs {
  tons: [33m2.5[39m,
  indoorTemp: [33m70[39m,
  heatLossBtu: [33mNaN[39m,
  seer2: [33m15[39m,
  solarExposure: [33m1[39m,
  outdoorTemp: [33m70[39m,
  humidity: [33m50[39m
}
computeHourlyCoolingPerformance received invalid inputs {
  tons: [33m2.5[39m,
  indoorTemp: [33m70[39m,
  heatLossBtu: [33mNaN[39m,
  seer2: [33m15[39m,
  solarExposure: [33m1[39m,
  outdoorTemp: [33m70[39m,
  humidity: [33m50[39m
}
computeHourlyCoolingPerformance received invalid inputs {
  tons: [33m2.5[39m,
  indoorTemp: [33m70[39m,
  heatLossBtu: [33mNaN[39m,
  seer2: [33m15[39m,
  solarExposure: [33m1[39m,
  outdoorTemp: [33m70[39m,
  humidity: [33m50[39m
}
computeHourlyCoolingPerformance received invalid inputs {
  tons: [33m2.5[39m,
  indoorTemp: [33m70[39m,
  heatLossBtu: [33mNaN[39m,
  seer2: [33m15[39m,
  solarExposure: [33m1[39m,
  outdoorTemp: [33m70[39m,
  humidity: [33m50[39m
}
computeHourlyCoolingPerformance received invalid inputs {
  tons: [33m2.5[39m,
  indoorTemp: [33m70[39m,
  heatLossBtu: [33mNaN[39m,
  seer2: [33m15[39m,
  solarExposure: [33m1[39m,
  outdoorTemp: [33m70[39m,
  humidity: [33m50[39m
}
computeHourlyCoolingPerformance received invalid inputs {
  tons: [33m2.5[39m,
  indoorTemp: [33m70[39m,
  heatLossBtu: [33mNaN[39m,
  seer2: [33m15[39m,
  solarExposure: [33m1[39m,
  outdoorTemp: [33m70[39m,
  humidity: [33m50[39m
}
computeHourlyCoolingPerformance received invalid inputs {
  tons: [33m2.5[39m,
  indoorTemp: [33m70[39m,
  heatLossBtu: [33mNaN[39m,
  seer2: [33m15[39m,
  solarExposure: [33m1[39m,
  outdoorTemp: [33m70[39m,
  humidity: [33m50[39m
}
computeHourlyCoolingPerformance received invalid inputs {
  tons: [33m2.5[39m,
  indoorTemp: [33m70[39m,
  heatLossBtu: [33mNaN[39m,
  seer2: [33m15[39m,
  solarExposure: [33m1[39m,
  outdoorTemp: [33m70[39m,
  humidity: [33m50[39m
}
computeHourlyCoolingPerformance received invalid inputs {
  tons: [33m2.5[39m,
  indoorTemp: [33m70[39m,
  heatLossBtu: [33mNaN[39m,
  seer2: [33m15[39m,
  solarExposure: [33m1[39m,
  outdoorTemp: [33m70[39m,
  humidity: [33m50[39m
}
computeHourlyCoolingPerformance received invalid inputs {
  tons: [33m2.5[39m,
  indoorTemp: [33m70[39m,
  heatLossBtu: [33mNaN[39m,
  seer2: [33m15[39m,
  solarExposure: [33m1[39m,
  outdoorTemp: [33m70[39m,
  humidity: [33m50[39m
}
computeHourlyCoolingPerformance received invalid inputs {
  tons: [33m2.5[39m,
  indoorTemp: [33m70[39m,
  heatLossBtu: [33mNaN[39m,
  seer2: [33m15[39m,
  solarExposure: [33m1[39m,
  outdoorTemp: [33m70[39m,
  humidity: [33m50[39m
}
computeHourlyCoolingPerformance received invalid inputs {
  tons: [33m2.5[39m,
  indoorTemp: [33m70[39m,
  heatLossBtu: [33mNaN[39m,
  seer2: [33m15[39m,
  solarExposure: [33m1[39m,
  outdoorTemp: [33m70[39m,
  humidity: [33m50[39m
}
computeHourlyCoolingPerformance received invalid inputs {
  tons: [33m2.5[39m,
  indoorTemp: [33m70[39m,
  heatLossBtu: [33mNaN[39m,
  seer2: [33m15[39m,
  solarExposure: [33m1[39m,
  outdoorTemp: [33m70[39m,
  humidity: [33m50[39m
}
computeHourlyCoolingPerformance received invalid inputs {
  tons: [33m2.5[39m,
  indoorTemp: [33m70[39m,
  heatLossBtu: [33mNaN[39m,
  seer2: [33m15[39m,
  solarExposure: [33m1[39m,
  outdoorTemp: [33m70[39m,
  humidity: [33m50[39m
}
computeHourlyCoolingPerformance received invalid inputs {
  tons: [33m2.5[39m,
  indoorTemp: [33m70[39m,
  heatLossBtu: [33mNaN[39m,
  seer2: [33m15[39m,
  solarExposure: [33m1[39m,
  outdoorTemp: [33m70[39m,
  humidity: [33m50[39m
}
computeHourlyCoolingPerformance received invalid inputs {
  tons: [33m2.5[39m,
  indoorTemp: [33m70[39m,
  heatLossBtu: [33mNaN[39m,
  seer2: [33m15[39m,
  solarExposure: [33m1[39m,
  outdoorTemp: [33m70[39m,
  humidity: [33m50[39m
}
computeHourlyCoolingPerformance received invalid inputs {
  tons: [33m2.5[39m,
  indoorTemp: [33m70[39m,
  heatLossBtu: [33mNaN[39m,
  seer2: [33m15[39m,
  solarExposure: [33m1[39m,
  outdoorTemp: [33m70[39m,
  humidity: [33m50[39m
}
computeHourlyCoolingPerformance received invalid inputs {
  tons: [33m2.5[39m,
  indoorTemp: [33m70[39m,
  heatLossBtu: [33mNaN[39m,
  seer2: [33m15[39m,
  solarExposure: [33m1[39m,
  outdoorTemp: [33m70[39m,
  humidity: [33m50[39m
}
computeHourlyCoolingPerformance received invalid inputs {
  tons: [33m2.5[39m,
  indoorTemp: [33m70[39m,
  heatLossBtu: [33mNaN[39m,
  seer2: [33m15[39m,
  solarExposure: [33m1[39m,
  outdoorTemp: [33m70[39m,
  humidity: [33m50[39m
}
computeHourlyCoolingPerformance received invalid inputs {
  tons: [33m2.5[39m,
  indoorTemp: [33m70[39m,
  heatLossBtu: [33mNaN[39m,
  seer2: [33m15[39m,
  solarExposure: [33m1[39m,
  outdoorTemp: [33m70[39m,
  humidity: [33m50[39m
}
computeHourlyCoolingPerformance received invalid inputs {
  tons: [33m2.5[39m,
  indoorTemp: [33m70[39m,
  heatLossBtu: [33mNaN[39m,
  seer2: [33m15[39m,
  solarExposure: [33m1[39m,
  outdoorTemp: [33m70[39m,
  humidity: [33m50[39m
}
computeHourlyCoolingPerformance received invalid inputs {
  tons: [33m2.5[39m,
  indoorTemp: [33m70[39m,
  heatLossBtu: [33mNaN[39m,
  seer2: [33m15[39m,
  solarExposure: [33m1[39m,
  outdoorTemp: [33m70[39m,
  humidity: [33m50[39m
}
computeHourlyCoolingPerformance received invalid inputs {
  tons: [33m2.5[39m,
  indoorTemp: [33m70[39m,
  heatLossBtu: [33mNaN[39m,
  seer2: [33m15[39m,
  solarExposure: [33m1[39m,
  outdoorTemp: [33m70[39m,
  humidity: [33m50[39m
}
computeHourlyCoolingPerformance received invalid inputs {
  tons: [33m2.5[39m,
  indoorTemp: [33m70[39m,
  heatLossBtu: [33mNaN[39m,
  seer2: [33m15[39m,
  solarExposure: [33m1[39m,
  outdoorTemp: [33m70[39m,
  humidity: [33m50[39m
}
computeHourlyCoolingPerformance received invalid inputs {
  tons: [33m2.5[39m,
  indoorTemp: [33m70[39m,
  heatLossBtu: [33mNaN[39m,
  seer2: [33m15[39m,
  solarExposure: [33m1[39m,
  outdoorTemp: [33m70[39m,
  humidity: [33m50[39m
}
computeHourlyCoolingPerformance received invalid inputs {
  tons: [33m2.5[39m,
  indoorTemp: [33m70[39m,
  heatLossBtu: [33mNaN[39m,
  seer2: [33m15[39m,
  solarExposure: [33m1[39m,
  outdoorTemp: [33m70[39m,
  humidity: [33m50[39m
}
computeHourlyCoolingPerformance received invalid inputs {
  tons: [33m2.5[39m,
  indoorTemp: [33m70[39m,
  heatLossBtu: [33mNaN[39m,
  seer2: [33m15[39m,
  solarExposure: [33m1[39m,
  outdoorTemp: [33m70[39m,
  humidity: [33m50[39m
}
computeHourlyCoolingPerformance received invalid inputs {
  tons: [33m2.5[39m,
  indoorTemp: [33m70[39m,
  heatLossBtu: [33mNaN[39m,
  seer2: [33m15[39m,
  solarExposure: [33m1[39m,
  outdoorTemp: [33m70[39m,
  humidity: [33m50[39m
}
computeHourlyCoolingPerformance received invalid inputs {
  tons: [33m2.5[39m,
  indoorTemp: [33m70[39m,
  heatLossBtu: [33mNaN[39m,
  seer2: [33m15[39m,
  solarExposure: [33m1[39m,
  outdoorTemp: [33m70[39m,
  humidity: [33m50[39m
}
computeHourlyCoolingPerformance received invalid inputs {
  tons: [33m2.5[39m,
  indoorTemp: [33m70[39m,
  heatLossBtu: [33mNaN[39m,
  seer2: [33m15[39m,
  solarExposure: [33m1[39m,
  outdoorTemp: [33m70[39m,
  humidity: [33m50[39m
}
computeHourlyCoolingPerformance received invalid inputs {
  tons: [33m2.5[39m,
  indoorTemp: [33m70[39m,
  heatLossBtu: [33mNaN[39m,
  seer2: [33m15[39m,
  solarExposure: [33m1[39m,
  outdoorTemp: [33m70[39m,
  humidity: [33m50[39m
}
computeHourlyCoolingPerformance received invalid inputs {
  tons: [33m2.5[39m,
  indoorTemp: [33m70[39m,
  heatLossBtu: [33mNaN[39m,
  seer2: [33m15[39m,
  solarExposure: [33m1[39m,
  outdoorTemp: [33m70[39m,
  humidity: [33m50[39m
}
computeHourlyCoolingPerformance received invalid inputs {
  tons: [33m2.5[39m,
  indoorTemp: [33m70[39m,
  heatLossBtu: [33mNaN[39m,
  seer2: [33m15[39m,
  solarExposure: [33m1[39m,
  outdoorTemp: [33m70[39m,
  humidity: [33m50[39m
}
computeHourlyCoolingPerformance received invalid inputs {
  tons: [33m2.5[39m,
  indoorTemp: [33m70[39m,
  heatLossBtu: [33mNaN[39m,
  seer2: [33m15[39m,
  solarExposure: [33m1[39m,
  outdoorTemp: [33m70[39m,
  humidity: [33m50[39m
}
computeHourlyCoolingPerformance received invalid inputs {
  tons: [33m2.5[39m,
  indoorTemp: [33m70[39m,
  heatLossBtu: [33mNaN[39m,
  seer2: [33m15[39m,
  solarExposure: [33m1[39m,
  outdoorTemp: [33m70[39m,
  humidity: [33m50[39m
}
computeHourlyCoolingPerformance received invalid inputs {
  tons: [33m2.5[39m,
  indoorTemp: [33m70[39m,
  heatLossBtu: [33mNaN[39m,
  seer2: [33m15[39m,
  solarExposure: [33m1[39m,
  outdoorTemp: [33m70[39m,
  humidity: [33m50[39m
}
computeHourlyCoolingPerformance received invalid inputs {
  tons: [33m2.5[39m,
  indoorTemp: [33m70[39m,
  heatLossBtu: [33mNaN[39m,
  seer2: [33m15[39m,
  solarExposure: [33m1[39m,
  outdoorTemp: [33m70[39m,
  humidity: [33m50[39m
}
computeHourlyCoolingPerformance received invalid inputs {
  tons: [33m2.5[39m,
  indoorTemp: [33m70[39m,
  heatLossBtu: [33mNaN[39m,
  seer2: [33m15[39m,
  solarExposure: [33m1[39m,
  outdoorTemp: [33m70[39m,
  humidity: [33m50[39m
}
computeHourlyCoolingPerformance received invalid inputs {
  tons: [33m2.5[39m,
  indoorTemp: [33m70[39m,
  heatLossBtu: [33mNaN[39m,
  seer2: [33m15[39m,
  solarExposure: [33m1[39m,
  outdoorTemp: [33m70[39m,
  humidity: [33m50[39m
}
computeHourlyCoolingPerformance received invalid inputs {
  tons: [33m2.5[39m,
  indoorTemp: [33m70[39m,
  heatLossBtu: [33mNaN[39m,
  seer2: [33m15[39m,
  solarExposure: [33m1[39m,
  outdoorTemp: [33m70[39m,
  humidity: [33m50[39m
}
computeHourlyCoolingPerformance received invalid inputs {
  tons: [33m2.5[39m,
  indoorTemp: [33m70[39m,
  heatLossBtu: [33mNaN[39m,
  seer2: [33m15[39m,
  solarExposure: [33m1[39m,
  outdoorTemp: [33m70[39m,
  humidity: [33m50[39m
}
computeHourlyCoolingPerformance received invalid inputs {
  tons: [33m2.5[39m,
  indoorTemp: [33m70[39m,
  heatLossBtu: [33mNaN[39m,
  seer2: [33m15[39m,
  solarExposure: [33m1[39m,
  outdoorTemp: [33m70[39m,
  humidity: [33m50[39m
}
computeHourlyCoolingPerformance received invalid inputs {
  tons: [33m2.5[39m,
  indoorTemp: [33m70[39m,
  heatLossBtu: [33mNaN[39m,
  seer2: [33m15[39m,
  solarExposure: [33m1[39m,
  outdoorTemp: [33m70[39m,
  humidity: [33m50[39m
}
computeHourlyCoolingPerformance received invalid inputs {
  tons: [33m2.5[39m,
  indoorTemp: [33m70[39m,
  heatLossBtu: [33mNaN[39m,
  seer2: [33m15[39m,
  solarExposure: [33m1[39m,
  outdoorTemp: [33m70[39m,
  humidity: [33m50[39m
}
computeHourlyCoolingPerformance received invalid inputs {
  tons: [33m2.5[39m,
  indoorTemp: [33m70[39m,
  heatLossBtu: [33mNaN[39m,
  seer2: [33m15[39m,
  solarExposure: [33m1[39m,
  outdoorTemp: [33m70[39m,
  humidity: [33m50[39m
}
computeHourlyCoolingPerformance received invalid inputs {
  tons: [33m2.5[39m,
  indoorTemp: [33m70[39m,
  heatLossBtu: [33mNaN[39m,
  seer2: [33m15[39m,
  solarExposure: [33m1[39m,
  outdoorTemp: [33m70[39m,
  humidity: [33m50[39m
}
computeHourlyCoolingPerformance received invalid inputs {
  tons: [33m2.5[39m,
  indoorTemp: [33m70[39m,
  heatLossBtu: [33mNaN[39m,
  seer2: [33m15[39m,
  solarExposure: [33m1[39m,
  outdoorTemp: [33m70[39m,
  humidity: [33m50[39m
}
computeHourlyCoolingPerformance received invalid inputs {
  tons: [33m2.5[39m,
  indoorTemp: [33m70[39m,
  heatLossBtu: [33mNaN[39m,
  seer2: [33m15[39m,
  solarExposure: [33m1[39m,
  outdoorTemp: [33m70[39m,
  humidity: [33m50[39m
}
computeHourlyCoolingPerformance received invalid inputs {
  tons: [33m2.5[39m,
  indoorTemp: [33m70[39m,
  heatLossBtu: [33mNaN[39m,
  seer2: [33m15[39m,
  solarExposure: [33m1[39m,
  outdoorTemp: [33m70[39m,
  humidity: [33m50[39m
}
computeHourlyCoolingPerformance received invalid inputs {
  tons: [33m2.5[39m,
  indoorTemp: [33m70[39m,
  heatLossBtu: [33mNaN[39m,
  seer2: [33m15[39m,
  solarExposure: [33m1[39m,
  outdoorTemp: [33m70[39m,
  humidity: [33m50[39m
}
computeHourlyCoolingPerformance received invalid inputs {
  tons: [33m2.5[39m,
  indoorTemp: [33m70[39m,
  heatLossBtu: [33mNaN[39m,
  seer2: [33m15[39m,
  solarExposure: [33m1[39m,
  outdoorTemp: [33m70[39m,
  humidity: [33m50[39m
}
computeHourlyCoolingPerformance received invalid inputs {
  tons: [33m2.5[39m,
  indoorTemp: [33m70[39m,
  heatLossBtu: [33mNaN[39m,
  seer2: [33m15[39m,
  solarExposure: [33m1[39m,
  outdoorTemp: [33m70[39m,
  humidity: [33m50[39m
}
computeHourlyCoolingPerformance received invalid inputs {
  tons: [33m2.5[39m,
  indoorTemp: [33m70[39m,
  heatLossBtu: [33mNaN[39m,
  seer2: [33m15[39m,
  solarExposure: [33m1[39m,
  outdoorTemp: [33m70[39m,
  humidity: [33m50[39m
}
computeHourlyCoolingPerformance received invalid inputs {
  tons: [33m2.5[39m,
  indoorTemp: [33m70[39m,
  heatLossBtu: [33mNaN[39m,
  seer2: [33m15[39m,
  solarExposure: [33m1[39m,
  outdoorTemp: [33m70[39m,
  humidity: [33m50[39m
}
computeHourlyCoolingPerformance received invalid inputs {
  tons: [33m2.5[39m,
  indoorTemp: [33m70[39m,
  heatLossBtu: [33mNaN[39m,
  seer2: [33m15[39m,
  solarExposure: [33m1[39m,
  outdoorTemp: [33m70[39m,
  humidity: [33m50[39m
}
computeHourlyCoolingPerformance received invalid inputs {
  tons: [33m2.5[39m,
  indoorTemp: [33m70[39m,
  heatLossBtu: [33mNaN[39m,
  seer2: [33m15[39m,
  solarExposure: [33m1[39m,
  outdoorTemp: [33m70[39m,
  humidity: [33m50[39m
}
computeHourlyCoolingPerformance received invalid inputs {
  tons: [33m2.5[39m,
  indoorTemp: [33m70[39m,
  heatLossBtu: [33mNaN[39m,
  seer2: [33m15[39m,
  solarExposure: [33m1[39m,
  outdoorTemp: [33m70[39m,
  humidity: [33m50[39m
}
computeHourlyCoolingPerformance received invalid inputs {
  tons: [33m2.5[39m,
  indoorTemp: [33m70[39m,
  heatLossBtu: [33mNaN[39m,
  seer2: [33m15[39m,
  solarExposure: [33m1[39m,
  outdoorTemp: [33m70[39m,
  humidity: [33m50[39m
}
computeHourlyCoolingPerformance received invalid inputs {
  tons: [33m2.5[39m,
  indoorTemp: [33m70[39m,
  heatLossBtu: [33mNaN[39m,
  seer2: [33m15[39m,
  solarExposure: [33m1[39m,
  outdoorTemp: [33m70[39m,
  humidity: [33m50[39m
}
computeHourlyCoolingPerformance received invalid inputs {
  tons: [33m2.5[39m,
  indoorTemp: [33m70[39m,
  heatLossBtu: [33mNaN[39m,
  seer2: [33m15[39m,
  solarExposure: [33m1[39m,
  outdoorTemp: [33m70[39m,
  humidity: [33m50[39m
}
computeHourlyCoolingPerformance received invalid inputs {
  tons: [33m2.5[39m,
  indoorTemp: [33m70[39m,
  heatLossBtu: [33mNaN[39m,
  seer2: [33m15[39m,
  solarExposure: [33m1[39m,
  outdoorTemp: [33m70[39m,
  humidity: [33m50[39m
}
computeHourlyCoolingPerformance received invalid inputs {
  tons: [33m2.5[39m,
  indoorTemp: [33m70[39m,
  heatLossBtu: [33mNaN[39m,
  seer2: [33m15[39m,
  solarExposure: [33m1[39m,
  outdoorTemp: [33m70[39m,
  humidity: [33m50[39m
}
computeHourlyCoolingPerformance received invalid inputs {
  tons: [33m2.5[39m,
  indoorTemp: [33m70[39m,
  heatLossBtu: [33mNaN[39m,
  seer2: [33m15[39m,
  solarExposure: [33m1[39m,
  outdoorTemp: [33m70[39m,
  humidity: [33m50[39m
}
computeHourlyCoolingPerformance received invalid inputs {
  tons: [33m2.5[39m,
  indoorTemp: [33m70[39m,
  heatLossBtu: [33mNaN[39m,
  seer2: [33m15[39m,
  solarExposure: [33m1[39m,
  outdoorTemp: [33m70[39m,
  humidity: [33m50[39m
}
computeHourlyCoolingPerformance received invalid inputs {
  tons: [33m2.5[39m,
  indoorTemp: [33m70[39m,
  heatLossBtu: [33mNaN[39m,
  seer2: [33m15[39m,
  solarExposure: [33m1[39m,
  outdoorTemp: [33m70[39m,
  humidity: [33m50[39m
}
computeHourlyCoolingPerformance received invalid inputs {
  tons: [33m2.5[39m,
  indoorTemp: [33m70[39m,
  heatLossBtu: [33mNaN[39m,
  seer2: [33m15[39m,
  solarExposure: [33m1[39m,
  outdoorTemp: [33m70[39m,
  humidity: [33m50[39m
}
computeHourlyCoolingPerformance received invalid inputs {
  tons: [33m2.5[39m,
  indoorTemp: [33m70[39m,
  heatLossBtu: [33mNaN[39m,
  seer2: [33m15[39m,
  solarExposure: [33m1[39m,
  outdoorTemp: [33m70[39m,
  humidity: [33m50[39m
}
computeHourlyCoolingPerformance received invalid inputs {
  tons: [33m2.5[39m,
  indoorTemp: [33m70[39m,
  heatLossBtu: [33mNaN[39m,
  seer2: [33m15[39m,
  solarExposure: [33m1[39m,
  outdoorTemp: [33m70[39m,
  humidity: [33m50[39m
}
computeHourlyCoolingPerformance received invalid inputs {
  tons: [33m2.5[39m,
  indoorTemp: [33m70[39m,
  heatLossBtu: [33mNaN[39m,
  seer2: [33m15[39m,
  solarExposure: [33m1[39m,
  outdoorTemp: [33m70[39m,
  humidity: [33m50[39m
}
computeHourlyCoolingPerformance received invalid inputs {
  tons: [33m2.5[39m,
  indoorTemp: [33m70[39m,
  heatLossBtu: [33mNaN[39m,
  seer2: [33m15[39m,
  solarExposure: [33m1[39m,
  outdoorTemp: [33m70[39m,
  humidity: [33m50[39m
}
computeHourlyCoolingPerformance received invalid inputs {
  tons: [33m2.5[39m,
  indoorTemp: [33m70[39m,
  heatLossBtu: [33mNaN[39m,
  seer2: [33m15[39m,
  solarExposure: [33m1[39m,
  outdoorTemp: [33m70[39m,
  humidity: [33m50[39m
}
computeHourlyCoolingPerformance received invalid inputs {
  tons: [33m2.5[39m,
  indoorTemp: [33m70[39m,
  heatLossBtu: [33mNaN[39m,
  seer2: [33m15[39m,
  solarExposure: [33m1[39m,
  outdoorTemp: [33m70[39m,
  humidity: [33m50[39m
}
computeHourlyCoolingPerformance received invalid inputs {
  tons: [33m2.5[39m,
  indoorTemp: [33m70[39m,
  heatLossBtu: [33mNaN[39m,
  seer2: [33m15[39m,
  solarExposure: [33m1[39m,
  outdoorTemp: [33m70[39m,
  humidity: [33m50[39m
}
computeHourlyCoolingPerformance received invalid inputs {
  tons: [33m2.5[39m,
  indoorTemp: [33m70[39m,
  heatLossBtu: [33mNaN[39m,
  seer2: [33m15[39m,
  solarExposure: [33m1[39m,
  outdoorTemp: [33m70[39m,
  humidity: [33m50[39m
}
computeHourlyCoolingPerformance received invalid inputs {
  tons: [33m2.5[39m,
  indoorTemp: [33m70[39m,
  heatLossBtu: [33mNaN[39m,
  seer2: [33m15[39m,
  solarExposure: [33m1[39m,
  outdoorTemp: [33m70[39m,
  humidity: [33m50[39m
}
computeHourlyCoolingPerformance received invalid inputs {
  tons: [33m2.5[39m,
  indoorTemp: [33m70[39m,
  heatLossBtu: [33mNaN[39m,
  seer2: [33m15[39m,
  solarExposure: [33m1[39m,
  outdoorTemp: [33m70[39m,
  humidity: [33m50[39m
}
computeHourlyCoolingPerformance received invalid inputs {
  tons: [33m2.5[39m,
  indoorTemp: [33m70[39m,
  heatLossBtu: [33mNaN[39m,
  seer2: [33m15[39m,
  solarExposure: [33m1[39m,
  outdoorTemp: [33m70[39m,
  humidity: [33m50[39m
}
computeHourlyCoolingPerformance received invalid inputs {
  tons: [33m2.5[39m,
  indoorTemp: [33m70[39m,
  heatLossBtu: [33mNaN[39m,
  seer2: [33m15[39m,
  solarExposure: [33m1[39m,
  outdoorTemp: [33m70[39m,
  humidity: [33m50[39m
}
computeHourlyCoolingPerformance received invalid inputs {
  tons: [33m2.5[39m,
  indoorTemp: [33m70[39m,
  heatLossBtu: [33mNaN[39m,
  seer2: [33m15[39m,
  solarExposure: [33m1[39m,
  outdoorTemp: [33m70[39m,
  humidity: [33m50[39m
}
computeHourlyCoolingPerformance received invalid inputs {
  tons: [33m2.5[39m,
  indoorTemp: [33m70[39m,
  heatLossBtu: [33mNaN[39m,
  seer2: [33m15[39m,
  solarExposure: [33m1[39m,
  outdoorTemp: [33m70[39m,
  humidity: [33m50[39m
}
computeHourlyCoolingPerformance received invalid inputs {
  tons: [33m2.5[39m,
  indoorTemp: [33m70[39m,
  heatLossBtu: [33mNaN[39m,
  seer2: [33m15[39m,
  solarExposure: [33m1[39m,
  outdoorTemp: [33m70[39m,
  humidity: [33m50[39m
}
computeHourlyCoolingPerformance received invalid inputs {
  tons: [33m2.5[39m,
  indoorTemp: [33m70[39m,
  heatLossBtu: [33mNaN[39m,
  seer2: [33m15[39m,
  solarExposure: [33m1[39m,
  outdoorTemp: [33m70[39m,
  humidity: [33m50[39m
}
computeHourlyCoolingPerformance received invalid inputs {
  tons: [33m2.5[39m,
  indoorTemp: [33m70[39m,
  heatLossBtu: [33mNaN[39m,
  seer2: [33m15[39m,
  solarExposure: [33m1[39m,
  outdoorTemp: [33m70[39m,
  humidity: [33m50[39m
}
computeHourlyCoolingPerformance received invalid inputs {
  tons: [33m2.5[39m,
  indoorTemp: [33m70[39m,
  heatLossBtu: [33mNaN[39m,
  seer2: [33m15[39m,
  solarExposure: [33m1[39m,
  outdoorTemp: [33m70[39m,
  humidity: [33m50[39m
}
computeHourlyCoolingPerformance received invalid inputs {
  tons: [33m2.5[39m,
  indoorTemp: [33m70[39m,
  heatLossBtu: [33mNaN[39m,
  seer2: [33m15[39m,
  solarExposure: [33m1[39m,
  outdoorTemp: [33m70[39m,
  humidity: [33m50[39m
}
computeHourlyCoolingPerformance received invalid inputs {
  tons: [33m2.5[39m,
  indoorTemp: [33m70[39m,
  heatLossBtu: [33mNaN[39m,
  seer2: [33m15[39m,
  solarExposure: [33m1[39m,
  outdoorTemp: [33m70[39m,
  humidity: [33m50[39m
}
computeHourlyCoolingPerformance received invalid inputs {
  tons: [33m2.5[39m,
  indoorTemp: [33m70[39m,
  heatLossBtu: [33mNaN[39m,
  seer2: [33m15[39m,
  solarExposure: [33m1[39m,
  outdoorTemp: [33m70[39m,
  humidity: [33m50[39m
}
computeHourlyCoolingPerformance received invalid inputs {
  tons: [33m2.5[39m,
  indoorTemp: [33m70[39m,
  heatLossBtu: [33mNaN[39m,
  seer2: [33m15[39m,
  solarExposure: [33m1[39m,
  outdoorTemp: [33m70[39m,
  humidity: [33m50[39m
}
computeHourlyCoolingPerformance received invalid inputs {
  tons: [33m2.5[39m,
  indoorTemp: [33m70[39m,
  heatLossBtu: [33mNaN[39m,
  seer2: [33m15[39m,
  solarExposure: [33m1[39m,
  outdoorTemp: [33m70[39m,
  humidity: [33m50[39m
}
computeHourlyCoolingPerformance received invalid inputs {
  tons: [33m2.5[39m,
  indoorTemp: [33m70[39m,
  heatLossBtu: [33mNaN[39m,
  seer2: [33m15[39m,
  solarExposure: [33m1[39m,
  outdoorTemp: [33m70[39m,
  humidity: [33m50[39m
}
computeHourlyCoolingPerformance received invalid inputs {
  tons: [33m2.5[39m,
  indoorTemp: [33m70[39m,
  heatLossBtu: [33mNaN[39m,
  seer2: [33m15[39m,
  solarExposure: [33m1[39m,
  outdoorTemp: [33m70[39m,
  humidity: [33m50[39m
}
computeHourlyCoolingPerformance received invalid inputs {
  tons: [33m2.5[39m,
  indoorTemp: [33m70[39m,
  heatLossBtu: [33mNaN[39m,
  seer2: [33m15[39m,
  solarExposure: [33m1[39m,
  outdoorTemp: [33m70[39m,
  humidity: [33m50[39m
}
computeHourlyCoolingPerformance received invalid inputs {
  tons: [33m2.5[39m,
  indoorTemp: [33m70[39m,
  heatLossBtu: [33mNaN[39m,
  seer2: [33m15[39m,
  solarExposure: [33m1[39m,
  outdoorTemp: [33m70[39m,
  humidity: [33m50[39m
}
computeHourlyCoolingPerformance received invalid inputs {
  tons: [33m2.5[39m,
  indoorTemp: [33m70[39m,
  heatLossBtu: [33mNaN[39m,
  seer2: [33m15[39m,
  solarExposure: [33m1[39m,
  outdoorTemp: [33m70[39m,
  humidity: [33m50[39m
}
computeHourlyCoolingPerformance received invalid inputs {
  tons: [33m2.5[39m,
  indoorTemp: [33m70[39m,
  heatLossBtu: [33mNaN[39m,
  seer2: [33m15[39m,
  solarExposure: [33m1[39m,
  outdoorTemp: [33m70[39m,
  humidity: [33m50[39m
}
computeHourlyCoolingPerformance received invalid inputs {
  tons: [33m2.5[39m,
  indoorTemp: [33m70[39m,
  heatLossBtu: [33mNaN[39m,
  seer2: [33m15[39m,
  solarExposure: [33m1[39m,
  outdoorTemp: [33m70[39m,
  humidity: [33m50[39m
}
computeHourlyCoolingPerformance received invalid inputs {
  tons: [33m2.5[39m,
  indoorTemp: [33m70[39m,
  heatLossBtu: [33mNaN[39m,
  seer2: [33m15[39m,
  solarExposure: [33m1[39m,
  outdoorTemp: [33m70[39m,
  humidity: [33m50[39m
}
computeHourlyCoolingPerformance received invalid inputs {
  tons: [33m2.5[39m,
  indoorTemp: [33m70[39m,
  heatLossBtu: [33mNaN[39m,
  seer2: [33m15[39m,
  solarExposure: [33m1[39m,
  outdoorTemp: [33m70[39m,
  humidity: [33m50[39m
}
computeHourlyCoolingPerformance received invalid inputs {
  tons: [33m2.5[39m,
  indoorTemp: [33m70[39m,
  heatLossBtu: [33mNaN[39m,
  seer2: [33m15[39m,
  solarExposure: [33m1[39m,
  outdoorTemp: [33m70[39m,
  humidity: [33m50[39m
}
computeHourlyCoolingPerformance received invalid inputs {
  tons: [33m2.5[39m,
  indoorTemp: [33m70[39m,
  heatLossBtu: [33mNaN[39m,
  seer2: [33m15[39m,
  solarExposure: [33m1[39m,
  outdoorTemp: [33m70[39m,
  humidity: [33m50[39m
}
computeHourlyCoolingPerformance received invalid inputs {
  tons: [33m2.5[39m,
  indoorTemp: [33m70[39m,
  heatLossBtu: [33mNaN[39m,
  seer2: [33m15[39m,
  solarExposure: [33m1[39m,
  outdoorTemp: [33m70[39m,
  humidity: [33m50[39m
}
computeHourlyCoolingPerformance received invalid inputs {
  tons: [33m2.5[39m,
  indoorTemp: [33m70[39m,
  heatLossBtu: [33mNaN[39m,
  seer2: [33m15[39m,
  solarExposure: [33m1[39m,
  outdoorTemp: [33m70[39m,
  humidity: [33m50[39m
}
computeHourlyCoolingPerformance received invalid inputs {
  tons: [33m2.5[39m,
  indoorTemp: [33m70[39m,
  heatLossBtu: [33mNaN[39m,
  seer2: [33m15[39m,
  solarExposure: [33m1[39m,
  outdoorTemp: [33m70[39m,
  humidity: [33m50[39m
}
computeHourlyCoolingPerformance received invalid inputs {
  tons: [33m2.5[39m,
  indoorTemp: [33m70[39m,
  heatLossBtu: [33mNaN[39m,
  seer2: [33m15[39m,
  solarExposure: [33m1[39m,
  outdoorTemp: [33m70[39m,
  humidity: [33m50[39m
}
computeHourlyCoolingPerformance received invalid inputs {
  tons: [33m2.5[39m,
  indoorTemp: [33m70[39m,
  heatLossBtu: [33mNaN[39m,
  seer2: [33m15[39m,
  solarExposure: [33m1[39m,
  outdoorTemp: [33m70[39m,
  humidity: [33m50[39m
}
computeHourlyCoolingPerformance received invalid inputs {
  tons: [33m2.5[39m,
  indoorTemp: [33m70[39m,
  heatLossBtu: [33mNaN[39m,
  seer2: [33m15[39m,
  solarExposure: [33m1[39m,
  outdoorTemp: [33m70[39m,
  humidity: [33m50[39m
}
computeHourlyCoolingPerformance received invalid inputs {
  tons: [33m2.5[39m,
  indoorTemp: [33m70[39m,
  heatLossBtu: [33mNaN[39m,
  seer2: [33m15[39m,
  solarExposure: [33m1[39m,
  outdoorTemp: [33m70[39m,
  humidity: [33m50[39m
}
computeHourlyCoolingPerformance received invalid inputs {
  tons: [33m2.5[39m,
  indoorTemp: [33m70[39m,
  heatLossBtu: [33mNaN[39m,
  seer2: [33m15[39m,
  solarExposure: [33m1[39m,
  outdoorTemp: [33m70[39m,
  humidity: [33m50[39m
}
computeHourlyCoolingPerformance received invalid inputs {
  tons: [33m2.5[39m,
  indoorTemp: [33m70[39m,
  heatLossBtu: [33mNaN[39m,
  seer2: [33m15[39m,
  solarExposure: [33m1[39m,
  outdoorTemp: [33m70[39m,
  humidity: [33m50[39m
}
computeHourlyCoolingPerformance received invalid inputs {
  tons: [33m2.5[39m,
  indoorTemp: [33m70[39m,
  heatLossBtu: [33mNaN[39m,
  seer2: [33m15[39m,
  solarExposure: [33m1[39m,
  outdoorTemp: [33m70[39m,
  humidity: [33m50[39m
}
computeHourlyCoolingPerformance received invalid inputs {
  tons: [33m2.5[39m,
  indoorTemp: [33m70[39m,
  heatLossBtu: [33mNaN[39m,
  seer2: [33m15[39m,
  solarExposure: [33m1[39m,
  outdoorTemp: [33m70[39m,
  humidity: [33m50[39m
}
computeHourlyCoolingPerformance received invalid inputs {
  tons: [33m2.5[39m,
  indoorTemp: [33m70[39m,
  heatLossBtu: [33mNaN[39m,
  seer2: [33m15[39m,
  solarExposure: [33m1[39m,
  outdoorTemp: [33m70[39m,
  humidity: [33m50[39m
}
computeHourlyCoolingPerformance received invalid inputs {
  tons: [33m2.5[39m,
  indoorTemp: [33m70[39m,
  heatLossBtu: [33mNaN[39m,
  seer2: [33m15[39m,
  solarExposure: [33m1[39m,
  outdoorTemp: [33m70[39m,
  humidity: [33m50[39m
}
computeHourlyCoolingPerformance received invalid inputs {
  tons: [33m2.5[39m,
  indoorTemp: [33m70[39m,
  heatLossBtu: [33mNaN[39m,
  seer2: [33m15[39m,
  solarExposure: [33m1[39m,
  outdoorTemp: [33m70[39m,
  humidity: [33m50[39m
}
computeHourlyCoolingPerformance received invalid inputs {
  tons: [33m2.5[39m,
  indoorTemp: [33m70[39m,
  heatLossBtu: [33mNaN[39m,
  seer2: [33m15[39m,
  solarExposure: [33m1[39m,
  outdoorTemp: [33m70[39m,
  humidity: [33m50[39m
}
computeHourlyCoolingPerformance received invalid inputs {
  tons: [33m2.5[39m,
  indoorTemp: [33m70[39m,
  heatLossBtu: [33mNaN[39m,
  seer2: [33m15[39m,
  solarExposure: [33m1[39m,
  outdoorTemp: [33m70[39m,
  humidity: [33m50[39m
}
computeHourlyCoolingPerformance received invalid inputs {
  tons: [33m2.5[39m,
  indoorTemp: [33m70[39m,
  heatLossBtu: [33mNaN[39m,
  seer2: [33m15[39m,
  solarExposure: [33m1[39m,
  outdoorTemp: [33m70[39m,
  humidity: [33m50[39m
}
computeHourlyCoolingPerformance received invalid inputs {
  tons: [33m2.5[39m,
  indoorTemp: [33m70[39m,
  heatLossBtu: [33mNaN[39m,
  seer2: [33m15[39m,
  solarExposure: [33m1[39m,
  outdoorTemp: [33m70[39m,
  humidity: [33m50[39m
}
computeHourlyCoolingPerformance received invalid inputs {
  tons: [33m2.5[39m,
  indoorTemp: [33m70[39m,
  heatLossBtu: [33mNaN[39m,
  seer2: [33m15[39m,
  solarExposure: [33m1[39m,
  outdoorTemp: [33m70[39m,
  humidity: [33m50[39m
}
computeHourlyCoolingPerformance received invalid inputs {
  tons: [33m2.5[39m,
  indoorTemp: [33m70[39m,
  heatLossBtu: [33mNaN[39m,
  seer2: [33m15[39m,
  solarExposure: [33m1[39m,
  outdoorTemp: [33m70[39m,
  humidity: [33m50[39m
}
computeHourlyCoolingPerformance received invalid inputs {
  tons: [33m2.5[39m,
  indoorTemp: [33m70[39m,
  heatLossBtu: [33mNaN[39m,
  seer2: [33m15[39m,
  solarExposure: [33m1[39m,
  outdoorTemp: [33m70[39m,
  humidity: [33m50[39m
}
computeHourlyCoolingPerformance received invalid inputs {
  tons: [33m2.5[39m,
  indoorTemp: [33m70[39m,
  heatLossBtu: [33mNaN[39m,
  seer2: [33m15[39m,
  solarExposure: [33m1[39m,
  outdoorTemp: [33m70[39m,
  humidity: [33m50[39m
}
computeHourlyCoolingPerformance received invalid inputs {
  tons: [33m2.5[39m,
  indoorTemp: [33m70[39m,
  heatLossBtu: [33mNaN[39m,
  seer2: [33m15[39m,
  solarExposure: [33m1[39m,
  outdoorTemp: [33m70[39m,
  humidity: [33m50[39m
}
computeHourlyCoolingPerformance received invalid inputs {
  tons: [33m2.5[39m,
  indoorTemp: [33m70[39m,
  heatLossBtu: [33mNaN[39m,
  seer2: [33m15[39m,
  solarExposure: [33m1[39m,
  outdoorTemp: [33m70[39m,
  humidity: [33m50[39m
}
computeHourlyCoolingPerformance received invalid inputs {
  tons: [33m2.5[39m,
  indoorTemp: [33m70[39m,
  heatLossBtu: [33mNaN[39m,
  seer2: [33m15[39m,
  solarExposure: [33m1[39m,
  outdoorTemp: [33m70[39m,
  humidity: [33m50[39m
}
computeHourlyCoolingPerformance received invalid inputs {
  tons: [33m2.5[39m,
  indoorTemp: [33m70[39m,
  heatLossBtu: [33mNaN[39m,
  seer2: [33m15[39m,
  solarExposure: [33m1[39m,
  outdoorTemp: [33m70[39m,
  humidity: [33m50[39m
}
computeHourlyCoolingPerformance received invalid inputs {
  tons: [33m2.5[39m,
  indoorTemp: [33m70[39m,
  heatLossBtu: [33mNaN[39m,
  seer2: [33m15[39m,
  solarExposure: [33m1[39m,
  outdoorTemp: [33m70[39m,
  humidity: [33m50[39m
}
computeHourlyCoolingPerformance received invalid inputs {
  tons: [33m2.5[39m,
  indoorTemp: [33m70[39m,
  heatLossBtu: [33mNaN[39m,
  seer2: [33m15[39m,
  solarExposure: [33m1[39m,
  outdoorTemp: [33m70[39m,
  humidity: [33m50[39m
}
computeHourlyCoolingPerformance received invalid inputs {
  tons: [33m2.5[39m,
  indoorTemp: [33m70[39m,
  heatLossBtu: [33mNaN[39m,
  seer2: [33m15[39m,
  solarExposure: [33m1[39m,
  outdoorTemp: [33m70[39m,
  humidity: [33m50[39m
}
computeHourlyCoolingPerformance received invalid inputs {
  tons: [33m2.5[39m,
  indoorTemp: [33m70[39m,
  heatLossBtu: [33mNaN[39m,
  seer2: [33m15[39m,
  solarExposure: [33m1[39m,
  outdoorTemp: [33m70[39m,
  humidity: [33m50[39m
}
computeHourlyCoolingPerformance received invalid inputs {
  tons: [33m2.5[39m,
  indoorTemp: [33m70[39m,
  heatLossBtu: [33mNaN[39m,
  seer2: [33m15[39m,
  solarExposure: [33m1[39m,
  outdoorTemp: [33m70[39m,
  humidity: [33m50[39m
}
computeHourlyCoolingPerformance received invalid inputs {
  tons: [33m2.5[39m,
  indoorTemp: [33m70[39m,
  heatLossBtu: [33mNaN[39m,
  seer2: [33m15[39m,
  solarExposure: [33m1[39m,
  outdoorTemp: [33m70[39m,
  humidity: [33m50[39m
}
computeHourlyCoolingPerformance received invalid inputs {
  tons: [33m2.5[39m,
  indoorTemp: [33m70[39m,
  heatLossBtu: [33mNaN[39m,
  seer2: [33m15[39m,
  solarExposure: [33m1[39m,
  outdoorTemp: [33m70[39m,
  humidity: [33m50[39m
}
computeHourlyCoolingPerformance received invalid inputs {
  tons: [33m2.5[39m,
  indoorTemp: [33m70[39m,
  heatLossBtu: [33mNaN[39m,
  seer2: [33m15[39m,
  solarExposure: [33m1[39m,
  outdoorTemp: [33m70[39m,
  humidity: [33m50[39m
}
computeHourlyCoolingPerformance received invalid inputs {
  tons: [33m2.5[39m,
  indoorTemp: [33m70[39m,
  heatLossBtu: [33mNaN[39m,
  seer2: [33m15[39m,
  solarExposure: [33m1[39m,
  outdoorTemp: [33m70[39m,
  humidity: [33m50[39m
}
computeHourlyCoolingPerformance received invalid inputs {
  tons: [33m2.5[39m,
  indoorTemp: [33m70[39m,
  heatLossBtu: [33mNaN[39m,
  seer2: [33m15[39m,
  solarExposure: [33m1[39m,
  outdoorTemp: [33m70[39m,
  humidity: [33m50[39m
}
computeHourlyCoolingPerformance received invalid inputs {
  tons: [33m2.5[39m,
  indoorTemp: [33m70[39m,
  heatLossBtu: [33mNaN[39m,
  seer2: [33m15[39m,
  solarExposure: [33m1[39m,
  outdoorTemp: [33m70[39m,
  humidity: [33m50[39m
}
computeHourlyCoolingPerformance received invalid inputs {
  tons: [33m2.5[39m,
  indoorTemp: [33m70[39m,
  heatLossBtu: [33mNaN[39m,
  seer2: [33m15[39m,
  solarExposure: [33m1[39m,
  outdoorTemp: [33m70[39m,
  humidity: [33m50[39m
}
computeHourlyCoolingPerformance received invalid inputs {
  tons: [33m2.5[39m,
  indoorTemp: [33m70[39m,
  heatLossBtu: [33mNaN[39m,
  seer2: [33m15[39m,
  solarExposure: [33m1[39m,
  outdoorTemp: [33m70[39m,
  humidity: [33m50[39m
}
computeHourlyCoolingPerformance received invalid inputs {
  tons: [33m2.5[39m,
  indoorTemp: [33m70[39m,
  heatLossBtu: [33mNaN[39m,
  seer2: [33m15[39m,
  solarExposure: [33m1[39m,
  outdoorTemp: [33m70[39m,
  humidity: [33m50[39m
}
computeHourlyCoolingPerformance received invalid inputs {
  tons: [33m2.5[39m,
  indoorTemp: [33m70[39m,
  heatLossBtu: [33mNaN[39m,
  seer2: [33m15[39m,
  solarExposure: [33m1[39m,
  outdoorTemp: [33m70[39m,
  humidity: [33m50[39m
}
computeHourlyCoolingPerformance received invalid inputs {
  tons: [33m2.5[39m,
  indoorTemp: [33m70[39m,
  heatLossBtu: [33mNaN[39m,
  seer2: [33m15[39m,
  solarExposure: [33m1[39m,
  outdoorTemp: [33m70[39m,
  humidity: [33m50[39m
}
computeHourlyCoolingPerformance received invalid inputs {
  tons: [33m2.5[39m,
  indoorTemp: [33m70[39m,
  heatLossBtu: [33mNaN[39m,
  seer2: [33m15[39m,
  solarExposure: [33m1[39m,
  outdoorTemp: [33m70[39m,
  humidity: [33m50[39m
}
computeHourlyCoolingPerformance received invalid inputs {
  tons: [33m2.5[39m,
  indoorTemp: [33m70[39m,
  heatLossBtu: [33mNaN[39m,
  seer2: [33m15[39m,
  solarExposure: [33m1[39m,
  outdoorTemp: [33m70[39m,
  humidity: [33m50[39m
}
computeHourlyCoolingPerformance received invalid inputs {
  tons: [33m2.5[39m,
  indoorTemp: [33m70[39m,
  heatLossBtu: [33mNaN[39m,
  seer2: [33m15[39m,
  solarExposure: [33m1[39m,
  outdoorTemp: [33m70[39m,
  humidity: [33m50[39m
}
computeHourlyCoolingPerformance received invalid inputs {
  tons: [33m2.5[39m,
  indoorTemp: [33m70[39m,
  heatLossBtu: [33mNaN[39m,
  seer2: [33m15[39m,
  solarExposure: [33m1[39m,
  outdoorTemp: [33m70[39m,
  humidity: [33m50[39m
}
computeHourlyCoolingPerformance received invalid inputs {
  tons: [33m2.5[39m,
  indoorTemp: [33m70[39m,
  heatLossBtu: [33mNaN[39m,
  seer2: [33m15[39m,
  solarExposure: [33m1[39m,
  outdoorTemp: [33m70[39m,
  humidity: [33m50[39m
}
computeHourlyCoolingPerformance received invalid inputs {
  tons: [33m2.5[39m,
  indoorTemp: [33m70[39m,
  heatLossBtu: [33mNaN[39m,
  seer2: [33m15[39m,
  solarExposure: [33m1[39m,
  outdoorTemp: [33m70[39m,
  humidity: [33m50[39m
}
computeHourlyCoolingPerformance received invalid inputs {
  tons: [33m2.5[39m,
  indoorTemp: [33m70[39m,
  heatLossBtu: [33mNaN[39m,
  seer2: [33m15[39m,
  solarExposure: [33m1[39m,
  outdoorTemp: [33m70[39m,
  humidity: [33m50[39m
}
computeHourlyCoolingPerformance received invalid inputs {
  tons: [33m2.5[39m,
  indoorTemp: [33m70[39m,
  heatLossBtu: [33mNaN[39m,
  seer2: [33m15[39m,
  solarExposure: [33m1[39m,
  outdoorTemp: [33m70[39m,
  humidity: [33m50[39m
}
computeHourlyCoolingPerformance received invalid inputs {
  tons: [33m2.5[39m,
  indoorTemp: [33m70[39m,
  heatLossBtu: [33mNaN[39m,
  seer2: [33m15[39m,
  solarExposure: [33m1[39m,
  outdoorTemp: [33m70[39m,
  humidity: [33m50[39m
}
computeHourlyCoolingPerformance received invalid inputs {
  tons: [33m2.5[39m,
  indoorTemp: [33m70[39m,
  heatLossBtu: [33mNaN[39m,
  seer2: [33m15[39m,
  solarExposure: [33m1[39m,
  outdoorTemp: [33m70[39m,
  humidity: [33m50[39m
}
computeHourlyCoolingPerformance received invalid inputs {
  tons: [33m2.5[39m,
  indoorTemp: [33m70[39m,
  heatLossBtu: [33mNaN[39m,
  seer2: [33m15[39m,
  solarExposure: [33m1[39m,
  outdoorTemp: [33m70[39m,
  humidity: [33m50[39m
}
computeHourlyCoolingPerformance received invalid inputs {
  tons: [33m2.5[39m,
  indoorTemp: [33m70[39m,
  heatLossBtu: [33mNaN[39m,
  seer2: [33m15[39m,
  solarExposure: [33m1[39m,
  outdoorTemp: [33m70[39m,
  humidity: [33m50[39m
}
computeHourlyCoolingPerformance received invalid inputs {
  tons: [33m2.5[39m,
  indoorTemp: [33m70[39m,
  heatLossBtu: [33mNaN[39m,
  seer2: [33m15[39m,
  solarExposure: [33m1[39m,
  outdoorTemp: [33m70[39m,
  humidity: [33m50[39m
}
computeHourlyCoolingPerformance received invalid inputs {
  tons: [33m2.5[39m,
  indoorTemp: [33m70[39m,
  heatLossBtu: [33mNaN[39m,
  seer2: [33m15[39m,
  solarExposure: [33m1[39m,
  outdoorTemp: [33m70[39m,
  humidity: [33m50[39m
}
computeHourlyCoolingPerformance received invalid inputs {
  tons: [33m2.5[39m,
  indoorTemp: [33m70[39m,
  heatLossBtu: [33mNaN[39m,
  seer2: [33m15[39m,
  solarExposure: [33m1[39m,
  outdoorTemp: [33m70[39m,
  humidity: [33m50[39m
}
computeHourlyCoolingPerformance received invalid inputs {
  tons: [33m2.5[39m,
  indoorTemp: [33m70[39m,
  heatLossBtu: [33mNaN[39m,
  seer2: [33m15[39m,
  solarExposure: [33m1[39m,
  outdoorTemp: [33m70[39m,
  humidity: [33m50[39m
}
computeHourlyCoolingPerformance received invalid inputs {
  tons: [33m2.5[39m,
  indoorTemp: [33m70[39m,
  heatLossBtu: [33mNaN[39m,
  seer2: [33m15[39m,
  solarExposure: [33m1[39m,
  outdoorTemp: [33m70[39m,
  humidity: [33m50[39m
}
computeHourlyCoolingPerformance received invalid inputs {
  tons: [33m2.5[39m,
  indoorTemp: [33m70[39m,
  heatLossBtu: [33mNaN[39m,
  seer2: [33m15[39m,
  solarExposure: [33m1[39m,
  outdoorTemp: [33m70[39m,
  humidity: [33m50[39m
}
computeHourlyCoolingPerformance received invalid inputs {
  tons: [33m2.5[39m,
  indoorTemp: [33m70[39m,
  heatLossBtu: [33mNaN[39m,
  seer2: [33m15[39m,
  solarExposure: [33m1[39m,
  outdoorTemp: [33m70[39m,
  humidity: [33m50[39m
}
computeHourlyCoolingPerformance received invalid inputs {
  tons: [33m2.5[39m,
  indoorTemp: [33m70[39m,
  heatLossBtu: [33mNaN[39m,
  seer2: [33m15[39m,
  solarExposure: [33m1[39m,
  outdoorTemp: [33m70[39m,
  humidity: [33m50[39m
}
computeHourlyCoolingPerformance received invalid inputs {
  tons: [33m2.5[39m,
  indoorTemp: [33m70[39m,
  heatLossBtu: [33mNaN[39m,
  seer2: [33m15[39m,
  solarExposure: [33m1[39m,
  outdoorTemp: [33m70[39m,
  humidity: [33m50[39m
}
computeHourlyCoolingPerformance received invalid inputs {
  tons: [33m2.5[39m,
  indoorTemp: [33m70[39m,
  heatLossBtu: [33mNaN[39m,
  seer2: [33m15[39m,
  solarExposure: [33m1[39m,
  outdoorTemp: [33m70[39m,
  humidity: [33m50[39m
}
computeHourlyCoolingPerformance received invalid inputs {
  tons: [33m2.5[39m,
  indoorTemp: [33m70[39m,
  heatLossBtu: [33mNaN[39m,
  seer2: [33m15[39m,
  solarExposure: [33m1[39m,
  outdoorTemp: [33m70[39m,
  humidity: [33m50[39m
}
computeHourlyCoolingPerformance received invalid inputs {
  tons: [33m2.5[39m,
  indoorTemp: [33m70[39m,
  heatLossBtu: [33mNaN[39m,
  seer2: [33m15[39m,
  solarExposure: [33m1[39m,
  outdoorTemp: [33m70[39m,
  humidity: [33m50[39m
}
computeHourlyCoolingPerformance received invalid inputs {
  tons: [33m2.5[39m,
  indoorTemp: [33m70[39m,
  heatLossBtu: [33mNaN[39m,
  seer2: [33m15[39m,
  solarExposure: [33m1[39m,
  outdoorTemp: [33m70[39m,
  humidity: [33m50[39m
}
computeHourlyCoolingPerformance received invalid inputs {
  tons: [33m2.5[39m,
  indoorTemp: [33m70[39m,
  heatLossBtu: [33mNaN[39m,
  seer2: [33m15[39m,
  solarExposure: [33m1[39m,
  outdoorTemp: [33m70[39m,
  humidity: [33m50[39m
}
computeHourlyCoolingPerformance received invalid inputs {
  tons: [33m2.5[39m,
  indoorTemp: [33m70[39m,
  heatLossBtu: [33mNaN[39m,
  seer2: [33m15[39m,
  solarExposure: [33m1[39m,
  outdoorTemp: [33m70[39m,
  humidity: [33m50[39m
}
computeHourlyCoolingPerformance received invalid inputs {
  tons: [33m2.5[39m,
  indoorTemp: [33m70[39m,
  heatLossBtu: [33mNaN[39m,
  seer2: [33m15[39m,
  solarExposure: [33m1[39m,
  outdoorTemp: [33m70[39m,
  humidity: [33m50[39m
}
computeHourlyCoolingPerformance received invalid inputs {
  tons: [33m2.5[39m,
  indoorTemp: [33m70[39m,
  heatLossBtu: [33mNaN[39m,
  seer2: [33m15[39m,
  solarExposure: [33m1[39m,
  outdoorTemp: [33m70[39m,
  humidity: [33m50[39m
}
computeHourlyCoolingPerformance received invalid inputs {
  tons: [33m2.5[39m,
  indoorTemp: [33m70[39m,
  heatLossBtu: [33mNaN[39m,
  seer2: [33m15[39m,
  solarExposure: [33m1[39m,
  outdoorTemp: [33m70[39m,
  humidity: [33m50[39m
}
computeHourlyCoolingPerformance received invalid inputs {
  tons: [33m2.5[39m,
  indoorTemp: [33m70[39m,
  heatLossBtu: [33mNaN[39m,
  seer2: [33m15[39m,
  solarExposure: [33m1[39m,
  outdoorTemp: [33m70[39m,
  humidity: [33m50[39m
}
computeHourlyCoolingPerformance received invalid inputs {
  tons: [33m2.5[39m,
  indoorTemp: [33m70[39m,
  heatLossBtu: [33mNaN[39m,
  seer2: [33m15[39m,
  solarExposure: [33m1[39m,
  outdoorTemp: [33m70[39m,
  humidity: [33m50[39m
}
computeHourlyCoolingPerformance received invalid inputs {
  tons: [33m2.5[39m,
  indoorTemp: [33m70[39m,
  heatLossBtu: [33mNaN[39m,
  seer2: [33m15[39m,
  solarExposure: [33m1[39m,
  outdoorTemp: [33m70[39m,
  humidity: [33m50[39m
}
computeHourlyCoolingPerformance received invalid inputs {
  tons: [33m2.5[39m,
  indoorTemp: [33m70[39m,
  heatLossBtu: [33mNaN[39m,
  seer2: [33m15[39m,
  solarExposure: [33m1[39m,
  outdoorTemp: [33m70[39m,
  humidity: [33m50[39m
}
computeHourlyCoolingPerformance received invalid inputs {
  tons: [33m2.5[39m,
  indoorTemp: [33m70[39m,
  heatLossBtu: [33mNaN[39m,
  seer2: [33m15[39m,
  solarExposure: [33m1[39m,
  outdoorTemp: [33m70[39m,
  humidity: [33m50[39m
}
computeHourlyCoolingPerformance received invalid inputs {
  tons: [33m2.5[39m,
  indoorTemp: [33m70[39m,
  heatLossBtu: [33mNaN[39m,
  seer2: [33m15[39m,
  solarExposure: [33m1[39m,
  outdoorTemp: [33m70[39m,
  humidity: [33m50[39m
}
computeHourlyCoolingPerformance received invalid inputs {
  tons: [33m2.5[39m,
  indoorTemp: [33m70[39m,
  heatLossBtu: [33mNaN[39m,
  seer2: [33m15[39m,
  solarExposure: [33m1[39m,
  outdoorTemp: [33m70[39m,
  humidity: [33m50[39m
}
computeHourlyCoolingPerformance received invalid inputs {
  tons: [33m2.5[39m,
  indoorTemp: [33m70[39m,
  heatLossBtu: [33mNaN[39m,
  seer2: [33m15[39m,
  solarExposure: [33m1[39m,
  outdoorTemp: [33m70[39m,
  humidity: [33m50[39m
}
computeHourlyCoolingPerformance received invalid inputs {
  tons: [33m2.5[39m,
  indoorTemp: [33m70[39m,
  heatLossBtu: [33mNaN[39m,
  seer2: [33m15[39m,
  solarExposure: [33m1[39m,
  outdoorTemp: [33m70[39m,
  humidity: [33m50[39m
}
computeHourlyCoolingPerformance received invalid inputs {
  tons: [33m2.5[39m,
  indoorTemp: [33m70[39m,
  heatLossBtu: [33mNaN[39m,
  seer2: [33m15[39m,
  solarExposure: [33m1[39m,
  outdoorTemp: [33m70[39m,
  humidity: [33m50[39m
}
computeHourlyCoolingPerformance received invalid inputs {
  tons: [33m2.5[39m,
  indoorTemp: [33m70[39m,
  heatLossBtu: [33mNaN[39m,
  seer2: [33m15[39m,
  solarExposure: [33m1[39m,
  outdoorTemp: [33m70[39m,
  humidity: [33m50[39m
}
computeHourlyCoolingPerformance received invalid inputs {
  tons: [33m2.5[39m,
  indoorTemp: [33m70[39m,
  heatLossBtu: [33mNaN[39m,
  seer2: [33m15[39m,
  solarExposure: [33m1[39m,
  outdoorTemp: [33m70[39m,
  humidity: [33m50[39m
}
computeHourlyCoolingPerformance received invalid inputs {
  tons: [33m2.5[39m,
  indoorTemp: [33m70[39m,
  heatLossBtu: [33mNaN[39m,
  seer2: [33m15[39m,
  solarExposure: [33m1[39m,
  outdoorTemp: [33m70[39m,
  humidity: [33m50[39m
}
computeHourlyCoolingPerformance received invalid inputs {
  tons: [33m2.5[39m,
  indoorTemp: [33m70[39m,
  heatLossBtu: [33mNaN[39m,
  seer2: [33m15[39m,
  solarExposure: [33m1[39m,
  outdoorTemp: [33m70[39m,
  humidity: [33m50[39m
}
computeHourlyCoolingPerformance received invalid inputs {
  tons: [33m2.5[39m,
  indoorTemp: [33m70[39m,
  heatLossBtu: [33mNaN[39m,
  seer2: [33m15[39m,
  solarExposure: [33m1[39m,
  outdoorTemp: [33m70[39m,
  humidity: [33m50[39m
}
computeHourlyCoolingPerformance received invalid inputs {
  tons: [33m2.5[39m,
  indoorTemp: [33m70[39m,
  heatLossBtu: [33mNaN[39m,
  seer2: [33m15[39m,
  solarExposure: [33m1[39m,
  outdoorTemp: [33m70[39m,
  humidity: [33m50[39m
}
computeHourlyCoolingPerformance received invalid inputs {
  tons: [33m2.5[39m,
  indoorTemp: [33m70[39m,
  heatLossBtu: [33mNaN[39m,
  seer2: [33m15[39m,
  solarExposure: [33m1[39m,
  outdoorTemp: [33m70[39m,
  humidity: [33m50[39m
}
computeHourlyCoolingPerformance received invalid inputs {
  tons: [33m2.5[39m,
  indoorTemp: [33m70[39m,
  heatLossBtu: [33mNaN[39m,
  seer2: [33m15[39m,
  solarExposure: [33m1[39m,
  outdoorTemp: [33m70[39m,
  humidity: [33m50[39m
}
computeHourlyCoolingPerformance received invalid inputs {
  tons: [33m2.5[39m,
  indoorTemp: [33m70[39m,
  heatLossBtu: [33mNaN[39m,
  seer2: [33m15[39m,
  solarExposure: [33m1[39m,
  outdoorTemp: [33m70[39m,
  humidity: [33m50[39m
}
computeHourlyCoolingPerformance received invalid inputs {
  tons: [33m2.5[39m,
  indoorTemp: [33m70[39m,
  heatLossBtu: [33mNaN[39m,
  seer2: [33m15[39m,
  solarExposure: [33m1[39m,
  outdoorTemp: [33m70[39m,
  humidity: [33m50[39m
}
computeHourlyCoolingPerformance received invalid inputs {
  tons: [33m2.5[39m,
  indoorTemp: [33m70[39m,
  heatLossBtu: [33mNaN[39m,
  seer2: [33m15[39m,
  solarExposure: [33m1[39m,
  outdoorTemp: [33m70[39m,
  humidity: [33m50[39m
}
computeHourlyCoolingPerformance received invalid inputs {
  tons: [33m2.5[39m,
  indoorTemp: [33m70[39m,
  heatLossBtu: [33mNaN[39m,
  seer2: [33m15[39m,
  solarExposure: [33m1[39m,
  outdoorTemp: [33m70[39m,
  humidity: [33m50[39m
}
computeHourlyCoolingPerformance received invalid inputs {
  tons: [33m2.5[39m,
  indoorTemp: [33m70[39m,
  heatLossBtu: [33mNaN[39m,
  seer2: [33m15[39m,
  solarExposure: [33m1[39m,
  outdoorTemp: [33m70[39m,
  humidity: [33m50[39m
}
computeHourlyCoolingPerformance received invalid inputs {
  tons: [33m2.5[39m,
  indoorTemp: [33m70[39m,
  heatLossBtu: [33mNaN[39m,
  seer2: [33m15[39m,
  solarExposure: [33m1[39m,
  outdoorTemp: [33m70[39m,
  humidity: [33m50[39m
}
computeHourlyCoolingPerformance received invalid inputs {
  tons: [33m2.5[39m,
  indoorTemp: [33m70[39m,
  heatLossBtu: [33mNaN[39m,
  seer2: [33m15[39m,
  solarExposure: [33m1[39m,
  outdoorTemp: [33m70[39m,
  humidity: [33m50[39m
}
computeHourlyCoolingPerformance received invalid inputs {
  tons: [33m2.5[39m,
  indoorTemp: [33m70[39m,
  heatLossBtu: [33mNaN[39m,
  seer2: [33m15[39m,
  solarExposure: [33m1[39m,
  outdoorTemp: [33m70[39m,
  humidity: [33m50[39m
}
computeHourlyCoolingPerformance received invalid inputs {
  tons: [33m2.5[39m,
  indoorTemp: [33m70[39m,
  heatLossBtu: [33mNaN[39m,
  seer2: [33m15[39m,
  solarExposure: [33m1[39m,
  outdoorTemp: [33m70[39m,
  humidity: [33m50[39m
}
computeHourlyCoolingPerformance received invalid inputs {
  tons: [33m2.5[39m,
  indoorTemp: [33m70[39m,
  heatLossBtu: [33mNaN[39m,
  seer2: [33m15[39m,
  solarExposure: [33m1[39m,
  outdoorTemp: [33m70[39m,
  humidity: [33m50[39m
}
computeHourlyCoolingPerformance received invalid inputs {
  tons: [33m2.5[39m,
  indoorTemp: [33m70[39m,
  heatLossBtu: [33mNaN[39m,
  seer2: [33m15[39m,
  solarExposure: [33m1[39m,
  outdoorTemp: [33m70[39m,
  humidity: [33m50[39m
}
computeHourlyCoolingPerformance received invalid inputs {
  tons: [33m2.5[39m,
  indoorTemp: [33m70[39m,
  heatLossBtu: [33mNaN[39m,
  seer2: [33m15[39m,
  solarExposure: [33m1[39m,
  outdoorTemp: [33m70[39m,
  humidity: [33m50[39m
}
computeHourlyCoolingPerformance received invalid inputs {
  tons: [33m2.5[39m,
  indoorTemp: [33m70[39m,
  heatLossBtu: [33mNaN[39m,
  seer2: [33m15[39m,
  solarExposure: [33m1[39m,
  outdoorTemp: [33m70[39m,
  humidity: [33m50[39m
}
computeHourlyCoolingPerformance received invalid inputs {
  tons: [33m2.5[39m,
  indoorTemp: [33m70[39m,
  heatLossBtu: [33mNaN[39m,
  seer2: [33m15[39m,
  solarExposure: [33m1[39m,
  outdoorTemp: [33m70[39m,
  humidity: [33m50[39m
}
computeHourlyCoolingPerformance received invalid inputs {
  tons: [33m2.5[39m,
  indoorTemp: [33m70[39m,
  heatLossBtu: [33mNaN[39m,
  seer2: [33m15[39m,
  solarExposure: [33m1[39m,
  outdoorTemp: [33m70[39m,
  humidity: [33m50[39m
}
computeHourlyCoolingPerformance received invalid inputs {
  tons: [33m2.5[39m,
  indoorTemp: [33m70[39m,
  heatLossBtu: [33mNaN[39m,
  seer2: [33m15[39m,
  solarExposure: [33m1[39m,
  outdoorTemp: [33m70[39m,
  humidity: [33m50[39m
}
computeHourlyCoolingPerformance received invalid inputs {
  tons: [33m2.5[39m,
  indoorTemp: [33m70[39m,
  heatLossBtu: [33mNaN[39m,
  seer2: [33m15[39m,
  solarExposure: [33m1[39m,
  outdoorTemp: [33m70[39m,
  humidity: [33m50[39m
}
computeHourlyCoolingPerformance received invalid inputs {
  tons: [33m2.5[39m,
  indoorTemp: [33m70[39m,
  heatLossBtu: [33mNaN[39m,
  seer2: [33m15[39m,
  solarExposure: [33m1[39m,
  outdoorTemp: [33m70[39m,
  humidity: [33m50[39m
}
computeHourlyCoolingPerformance received invalid inputs {
  tons: [33m2.5[39m,
  indoorTemp: [33m70[39m,
  heatLossBtu: [33mNaN[39m,
  seer2: [33m15[39m,
  solarExposure: [33m1[39m,
  outdoorTemp: [33m70[39m,
  humidity: [33m50[39m
}
computeHourlyCoolingPerformance received invalid inputs {
  tons: [33m2.5[39m,
  indoorTemp: [33m70[39m,
  heatLossBtu: [33mNaN[39m,
  seer2: [33m15[39m,
  solarExposure: [33m1[39m,
  outdoorTemp: [33m70[39m,
  humidity: [33m50[39m
}
computeHourlyCoolingPerformance received invalid inputs {
  tons: [33m2.5[39m,
  indoorTemp: [33m70[39m,
  heatLossBtu: [33mNaN[39m,
  seer2: [33m15[39m,
  solarExposure: [33m1[39m,
  outdoorTemp: [33m70[39m,
  humidity: [33m50[39m
}
computeHourlyCoolingPerformance received invalid inputs {
  tons: [33m2.5[39m,
  indoorTemp: [33m70[39m,
  heatLossBtu: [33mNaN[39m,
  seer2: [33m15[39m,
  solarExposure: [33m1[39m,
  outdoorTemp: [33m70[39m,
  humidity: [33m50[39m
}
computeHourlyCoolingPerformance received invalid inputs {
  tons: [33m2.5[39m,
  indoorTemp: [33m70[39m,
  heatLossBtu: [33mNaN[39m,
  seer2: [33m15[39m,
  solarExposure: [33m1[39m,
  outdoorTemp: [33m70[39m,
  humidity: [33m50[39m
}
computeHourlyCoolingPerformance received invalid inputs {
  tons: [33m2.5[39m,
  indoorTemp: [33m70[39m,
  heatLossBtu: [33mNaN[39m,
  seer2: [33m15[39m,
  solarExposure: [33m1[39m,
  outdoorTemp: [33m70[39m,
  humidity: [33m50[39m
}
computeHourlyCoolingPerformance received invalid inputs {
  tons: [33m2.5[39m,
  indoorTemp: [33m70[39m,
  heatLossBtu: [33mNaN[39m,
  seer2: [33m15[39m,
  solarExposure: [33m1[39m,
  outdoorTemp: [33m70[39m,
  humidity: [33m50[39m
}
computeHourlyCoolingPerformance received invalid inputs {
  tons: [33m2.5[39m,
  indoorTemp: [33m70[39m,
  heatLossBtu: [33mNaN[39m,
  seer2: [33m15[39m,
  solarExposure: [33m1[39m,
  outdoorTemp: [33m70[39m,
  humidity: [33m50[39m
}
computeHourlyCoolingPerformance received invalid inputs {
  tons: [33m2.5[39m,
  indoorTemp: [33m70[39m,
  heatLossBtu: [33mNaN[39m,
  seer2: [33m15[39m,
  solarExposure: [33m1[39m,
  outdoorTemp: [33m70[39m,
  humidity: [33m50[39m
}
computeHourlyCoolingPerformance received invalid inputs {
  tons: [33m2.5[39m,
  indoorTemp: [33m70[39m,
  heatLossBtu: [33mNaN[39m,
  seer2: [33m15[39m,
  solarExposure: [33m1[39m,
  outdoorTemp: [33m70[39m,
  humidity: [33m50[39m
}
computeHourlyCoolingPerformance received invalid inputs {
  tons: [33m2.5[39m,
  indoorTemp: [33m70[39m,
  heatLossBtu: [33mNaN[39m,
  seer2: [33m15[39m,
  solarExposure: [33m1[39m,
  outdoorTemp: [33m70[39m,
  humidity: [33m50[39m
}
computeHourlyCoolingPerformance received invalid inputs {
  tons: [33m2.5[39m,
  indoorTemp: [33m70[39m,
  heatLossBtu: [33mNaN[39m,
  seer2: [33m15[39m,
  solarExposure: [33m1[39m,
  outdoorTemp: [33m70[39m,
  humidity: [33m50[39m
}
computeHourlyCoolingPerformance received invalid inputs {
  tons: [33m2.5[39m,
  indoorTemp: [33m70[39m,
  heatLossBtu: [33mNaN[39m,
  seer2: [33m15[39m,
  solarExposure: [33m1[39m,
  outdoorTemp: [33m70[39m,
  humidity: [33m50[39m
}
computeHourlyCoolingPerformance received invalid inputs {
  tons: [33m2.5[39m,
  indoorTemp: [33m70[39m,
  heatLossBtu: [33mNaN[39m,
  seer2: [33m15[39m,
  solarExposure: [33m1[39m,
  outdoorTemp: [33m70[39m,
  humidity: [33m50[39m
}
computeHourlyCoolingPerformance received invalid inputs {
  tons: [33m2.5[39m,
  indoorTemp: [33m70[39m,
  heatLossBtu: [33mNaN[39m,
  seer2: [33m15[39m,
  solarExposure: [33m1[39m,
  outdoorTemp: [33m70[39m,
  humidity: [33m50[39m
}
computeHourlyCoolingPerformance received invalid inputs {
  tons: [33m2.5[39m,
  indoorTemp: [33m70[39m,
  heatLossBtu: [33mNaN[39m,
  seer2: [33m15[39m,
  solarExposure: [33m1[39m,
  outdoorTemp: [33m70[39m,
  humidity: [33m50[39m
}
computeHourlyCoolingPerformance received invalid inputs {
  tons: [33m2.5[39m,
  indoorTemp: [33m70[39m,
  heatLossBtu: [33mNaN[39m,
  seer2: [33m15[39m,
  solarExposure: [33m1[39m,
  outdoorTemp: [33m70[39m,
  humidity: [33m50[39m
}
computeHourlyCoolingPerformance received invalid inputs {
  tons: [33m2.5[39m,
  indoorTemp: [33m70[39m,
  heatLossBtu: [33mNaN[39m,
  seer2: [33m15[39m,
  solarExposure: [33m1[39m,
  outdoorTemp: [33m70[39m,
  humidity: [33m50[39m
}
computeHourlyCoolingPerformance received invalid inputs {
  tons: [33m2.5[39m,
  indoorTemp: [33m70[39m,
  heatLossBtu: [33mNaN[39m,
  seer2: [33m15[39m,
  solarExposure: [33m1[39m,
  outdoorTemp: [33m70[39m,
  humidity: [33m50[39m
}
computeHourlyCoolingPerformance received invalid inputs {
  tons: [33m2.5[39m,
  indoorTemp: [33m70[39m,
  heatLossBtu: [33mNaN[39m,
  seer2: [33m15[39m,
  solarExposure: [33m1[39m,
  outdoorTemp: [33m70[39m,
  humidity: [33m50[39m
}
computeHourlyCoolingPerformance received invalid inputs {
  tons: [33m2.5[39m,
  indoorTemp: [33m70[39m,
  heatLossBtu: [33mNaN[39m,
  seer2: [33m15[39m,
  solarExposure: [33m1[39m,
  outdoorTemp: [33m70[39m,
  humidity: [33m50[39m
}
computeHourlyCoolingPerformance received invalid inputs {
  tons: [33m2.5[39m,
  indoorTemp: [33m70[39m,
  heatLossBtu: [33mNaN[39m,
  seer2: [33m15[39m,
  solarExposure: [33m1[39m,
  outdoorTemp: [33m70[39m,
  humidity: [33m50[39m
}
computeHourlyCoolingPerformance received invalid inputs {
  tons: [33m2.5[39m,
  indoorTemp: [33m70[39m,
  heatLossBtu: [33mNaN[39m,
  seer2: [33m15[39m,
  solarExposure: [33m1[39m,
  outdoorTemp: [33m70[39m,
  humidity: [33m50[39m
}
computeHourlyCoolingPerformance received invalid inputs {
  tons: [33m2.5[39m,
  indoorTemp: [33m70[39m,
  heatLossBtu: [33mNaN[39m,
  seer2: [33m15[39m,
  solarExposure: [33m1[39m,
  outdoorTemp: [33m70[39m,
  humidity: [33m50[39m
}
computeHourlyCoolingPerformance received invalid inputs {
  tons: [33m2.5[39m,
  indoorTemp: [33m70[39m,
  heatLossBtu: [33mNaN[39m,
  seer2: [33m15[39m,
  solarExposure: [33m1[39m,
  outdoorTemp: [33m70[39m,
  humidity: [33m50[39m
}
computeHourlyCoolingPerformance received invalid inputs {
  tons: [33m2.5[39m,
  indoorTemp: [33m70[39m,
  heatLossBtu: [33mNaN[39m,
  seer2: [33m15[39m,
  solarExposure: [33m1[39m,
  outdoorTemp: [33m70[39m,
  humidity: [33m50[39m
}
computeHourlyCoolingPerformance received invalid inputs {
  tons: [33m2.5[39m,
  indoorTemp: [33m70[39m,
  heatLossBtu: [33mNaN[39m,
  seer2: [33m15[39m,
  solarExposure: [33m1[39m,
  outdoorTemp: [33m70[39m,
  humidity: [33m50[39m
}
computeHourlyCoolingPerformance received invalid inputs {
  tons: [33m2.5[39m,
  indoorTemp: [33m70[39m,
  heatLossBtu: [33mNaN[39m,
  seer2: [33m15[39m,
  solarExposure: [33m1[39m,
  outdoorTemp: [33m70[39m,
  humidity: [33m50[39m
}
computeHourlyCoolingPerformance received invalid inputs {
  tons: [33m2.5[39m,
  indoorTemp: [33m70[39m,
  heatLossBtu: [33mNaN[39m,
  seer2: [33m15[39m,
  solarExposure: [33m1[39m,
  outdoorTemp: [33m70[39m,
  humidity: [33m50[39m
}
computeHourlyCoolingPerformance received invalid inputs {
  tons: [33m2.5[39m,
  indoorTemp: [33m70[39m,
  heatLossBtu: [33mNaN[39m,
  seer2: [33m15[39m,
  solarExposure: [33m1[39m,
  outdoorTemp: [33m70[39m,
  humidity: [33m50[39m
}
computeHourlyCoolingPerformance received invalid inputs {
  tons: [33m2.5[39m,
  indoorTemp: [33m70[39m,
  heatLossBtu: [33mNaN[39m,
  seer2: [33m15[39m,
  solarExposure: [33m1[39m,
  outdoorTemp: [33m70[39m,
  humidity: [33m50[39m
}
computeHourlyCoolingPerformance received invalid inputs {
  tons: [33m2.5[39m,
  indoorTemp: [33m70[39m,
  heatLossBtu: [33mNaN[39m,
  seer2: [33m15[39m,
  solarExposure: [33m1[39m,
  outdoorTemp: [33m70[39m,
  humidity: [33m50[39m
}
computeHourlyCoolingPerformance received invalid inputs {
  tons: [33m2.5[39m,
  indoorTemp: [33m70[39m,
  heatLossBtu: [33mNaN[39m,
  seer2: [33m15[39m,
  solarExposure: [33m1[39m,
  outdoorTemp: [33m70[39m,
  humidity: [33m50[39m
}
computeHourlyCoolingPerformance received invalid inputs {
  tons: [33m2.5[39m,
  indoorTemp: [33m70[39m,
  heatLossBtu: [33mNaN[39m,
  seer2: [33m15[39m,
  solarExposure: [33m1[39m,
  outdoorTemp: [33m70[39m,
  humidity: [33m50[39m
}
computeHourlyCoolingPerformance received invalid inputs {
  tons: [33m2.5[39m,
  indoorTemp: [33m70[39m,
  heatLossBtu: [33mNaN[39m,
  seer2: [33m15[39m,
  solarExposure: [33m1[39m,
  outdoorTemp: [33m70[39m,
  humidity: [33m50[39m
}
computeHourlyCoolingPerformance received invalid inputs {
  tons: [33m2.5[39m,
  indoorTemp: [33m70[39m,
  heatLossBtu: [33mNaN[39m,
  seer2: [33m15[39m,
  solarExposure: [33m1[39m,
  outdoorTemp: [33m70[39m,
  humidity: [33m50[39m
}
computeHourlyCoolingPerformance received invalid inputs {
  tons: [33m2.5[39m,
  indoorTemp: [33m70[39m,
  heatLossBtu: [33mNaN[39m,
  seer2: [33m15[39m,
  solarExposure: [33m1[39m,
  outdoorTemp: [33m70[39m,
  humidity: [33m50[39m
}
computeHourlyCoolingPerformance received invalid inputs {
  tons: [33m2.5[39m,
  indoorTemp: [33m70[39m,
  heatLossBtu: [33mNaN[39m,
  seer2: [33m15[39m,
  solarExposure: [33m1[39m,
  outdoorTemp: [33m70[39m,
  humidity: [33m50[39m
}
computeHourlyCoolingPerformance received invalid inputs {
  tons: [33m2.5[39m,
  indoorTemp: [33m70[39m,
  heatLossBtu: [33mNaN[39m,
  seer2: [33m15[39m,
  solarExposure: [33m1[39m,
  outdoorTemp: [33m70[39m,
  humidity: [33m50[39m
}
computeHourlyCoolingPerformance received invalid inputs {
  tons: [33m2.5[39m,
  indoorTemp: [33m70[39m,
  heatLossBtu: [33mNaN[39m,
  seer2: [33m15[39m,
  solarExposure: [33m1[39m,
  outdoorTemp: [33m70[39m,
  humidity: [33m50[39m
}
computeHourlyCoolingPerformance received invalid inputs {
  tons: [33m2.5[39m,
  indoorTemp: [33m70[39m,
  heatLossBtu: [33mNaN[39m,
  seer2: [33m15[39m,
  solarExposure: [33m1[39m,
  outdoorTemp: [33m70[39m,
  humidity: [33m50[39m
}
computeHourlyCoolingPerformance received invalid inputs {
  tons: [33m2.5[39m,
  indoorTemp: [33m70[39m,
  heatLossBtu: [33mNaN[39m,
  seer2: [33m15[39m,
  solarExposure: [33m1[39m,
  outdoorTemp: [33m70[39m,
  humidity: [33m50[39m
}
computeHourlyCoolingPerformance received invalid inputs {
  tons: [33m2.5[39m,
  indoorTemp: [33m70[39m,
  heatLossBtu: [33mNaN[39m,
  seer2: [33m15[39m,
  solarExposure: [33m1[39m,
  outdoorTemp: [33m70[39m,
  humidity: [33m50[39m
}
computeHourlyCoolingPerformance received invalid inputs {
  tons: [33m2.5[39m,
  indoorTemp: [33m70[39m,
  heatLossBtu: [33mNaN[39m,
  seer2: [33m15[39m,
  solarExposure: [33m1[39m,
  outdoorTemp: [33m70[39m,
  humidity: [33m50[39m
}
computeHourlyCoolingPerformance received invalid inputs {
  tons: [33m2.5[39m,
  indoorTemp: [33m70[39m,
  heatLossBtu: [33mNaN[39m,
  seer2: [33m15[39m,
  solarExposure: [33m1[39m,
  outdoorTemp: [33m70[39m,
  humidity: [33m50[39m
}
computeHourlyCoolingPerformance received invalid inputs {
  tons: [33m2.5[39m,
  indoorTemp: [33m70[39m,
  heatLossBtu: [33mNaN[39m,
  seer2: [33m15[39m,
  solarExposure: [33m1[39m,
  outdoorTemp: [33m70[39m,
  humidity: [33m50[39m
}
computeHourlyCoolingPerformance received invalid inputs {
  tons: [33m2.5[39m,
  indoorTemp: [33m70[39m,
  heatLossBtu: [33mNaN[39m,
  seer2: [33m15[39m,
  solarExposure: [33m1[39m,
  outdoorTemp: [33m70[39m,
  humidity: [33m50[39m
}
computeHourlyCoolingPerformance received invalid inputs {
  tons: [33m2.5[39m,
  indoorTemp: [33m70[39m,
  heatLossBtu: [33mNaN[39m,
  seer2: [33m15[39m,
  solarExposure: [33m1[39m,
  outdoorTemp: [33m70[39m,
  humidity: [33m50[39m
}
computeHourlyCoolingPerformance received invalid inputs {
  tons: [33m2.5[39m,
  indoorTemp: [33m70[39m,
  heatLossBtu: [33mNaN[39m,
  seer2: [33m15[39m,
  solarExposure: [33m1[39m,
  outdoorTemp: [33m70[39m,
  humidity: [33m50[39m
}
computeHourlyCoolingPerformance received invalid inputs {
  tons: [33m2.5[39m,
  indoorTemp: [33m70[39m,
  heatLossBtu: [33mNaN[39m,
  seer2: [33m15[39m,
  solarExposure: [33m1[39m,
  outdoorTemp: [33m70[39m,
  humidity: [33m50[39m
}
computeHourlyCoolingPerformance received invalid inputs {
  tons: [33m2.5[39m,
  indoorTemp: [33m70[39m,
  heatLossBtu: [33mNaN[39m,
  seer2: [33m15[39m,
  solarExposure: [33m1[39m,
  outdoorTemp: [33m70[39m,
  humidity: [33m50[39m
}
computeHourlyCoolingPerformance received invalid inputs {
  tons: [33m2.5[39m,
  indoorTemp: [33m70[39m,
  heatLossBtu: [33mNaN[39m,
  seer2: [33m15[39m,
  solarExposure: [33m1[39m,
  outdoorTemp: [33m70[39m,
  humidity: [33m50[39m
}
computeHourlyCoolingPerformance received invalid inputs {
  tons: [33m2.5[39m,
  indoorTemp: [33m70[39m,
  heatLossBtu: [33mNaN[39m,
  seer2: [33m15[39m,
  solarExposure: [33m1[39m,
  outdoorTemp: [33m70[39m,
  humidity: [33m50[39m
}
computeHourlyCoolingPerformance received invalid inputs {
  tons: [33m2.5[39m,
  indoorTemp: [33m70[39m,
  heatLossBtu: [33mNaN[39m,
  seer2: [33m15[39m,
  solarExposure: [33m1[39m,
  outdoorTemp: [33m70[39m,
  humidity: [33m50[39m
}
computeHourlyCoolingPerformance received invalid inputs {
  tons: [33m2.5[39m,
  indoorTemp: [33m70[39m,
  heatLossBtu: [33mNaN[39m,
  seer2: [33m15[39m,
  solarExposure: [33m1[39m,
  outdoorTemp: [33m70[39m,
  humidity: [33m50[39m
}
computeHourlyCoolingPerformance received invalid inputs {
  tons: [33m2.5[39m,
  indoorTemp: [33m70[39m,
  heatLossBtu: [33mNaN[39m,
  seer2: [33m15[39m,
  solarExposure: [33m1[39m,
  outdoorTemp: [33m70[39m,
  humidity: [33m50[39m
}
computeHourlyCoolingPerformance received invalid inputs {
  tons: [33m2.5[39m,
  indoorTemp: [33m70[39m,
  heatLossBtu: [33mNaN[39m,
  seer2: [33m15[39m,
  solarExposure: [33m1[39m,
  outdoorTemp: [33m70[39m,
  humidity: [33m50[39m
}
computeHourlyCoolingPerformance received invalid inputs {
  tons: [33m2.5[39m,
  indoorTemp: [33m70[39m,
  heatLossBtu: [33mNaN[39m,
  seer2: [33m15[39m,
  solarExposure: [33m1[39m,
  outdoorTemp: [33m70[39m,
  humidity: [33m50[39m
}
computeHourlyCoolingPerformance received invalid inputs {
  tons: [33m2.5[39m,
  indoorTemp: [33m70[39m,
  heatLossBtu: [33mNaN[39m,
  seer2: [33m15[39m,
  solarExposure: [33m1[39m,
  outdoorTemp: [33m70[39m,
  humidity: [33m50[39m
}
computeHourlyCoolingPerformance received invalid inputs {
  tons: [33m2.5[39m,
  indoorTemp: [33m70[39m,
  heatLossBtu: [33mNaN[39m,
  seer2: [33m15[39m,
  solarExposure: [33m1[39m,
  outdoorTemp: [33m70[39m,
  humidity: [33m50[39m
}
computeHourlyCoolingPerformance received invalid inputs {
  tons: [33m2.5[39m,
  indoorTemp: [33m70[39m,
  heatLossBtu: [33mNaN[39m,
  seer2: [33m15[39m,
  solarExposure: [33m1[39m,
  outdoorTemp: [33m70[39m,
  humidity: [33m50[39m
}
computeHourlyCoolingPerformance received invalid inputs {
  tons: [33m2.5[39m,
  indoorTemp: [33m70[39m,
  heatLossBtu: [33mNaN[39m,
  seer2: [33m15[39m,
  solarExposure: [33m1[39m,
  outdoorTemp: [33m70[39m,
  humidity: [33m50[39m
}
computeHourlyCoolingPerformance received invalid inputs {
  tons: [33m2.5[39m,
  indoorTemp: [33m70[39m,
  heatLossBtu: [33mNaN[39m,
  seer2: [33m15[39m,
  solarExposure: [33m1[39m,
  outdoorTemp: [33m70[39m,
  humidity: [33m50[39m
}
computeHourlyCoolingPerformance received invalid inputs {
  tons: [33m2.5[39m,
  indoorTemp: [33m70[39m,
  heatLossBtu: [33mNaN[39m,
  seer2: [33m15[39m,
  solarExposure: [33m1[39m,
  outdoorTemp: [33m70[39m,
  humidity: [33m50[39m
}
computeHourlyCoolingPerformance received invalid inputs {
  tons: [33m2.5[39m,
  indoorTemp: [33m70[39m,
  heatLossBtu: [33mNaN[39m,
  seer2: [33m15[39m,
  solarExposure: [33m1[39m,
  outdoorTemp: [33m70[39m,
  humidity: [33m50[39m
}
computeHourlyCoolingPerformance received invalid inputs {
  tons: [33m2.5[39m,
  indoorTemp: [33m70[39m,
  heatLossBtu: [33mNaN[39m,
  seer2: [33m15[39m,
  solarExposure: [33m1[39m,
  outdoorTemp: [33m70[39m,
  humidity: [33m50[39m
}
computeHourlyCoolingPerformance received invalid inputs {
  tons: [33m2.5[39m,
  indoorTemp: [33m70[39m,
  heatLossBtu: [33mNaN[39m,
  seer2: [33m15[39m,
  solarExposure: [33m1[39m,
  outdoorTemp: [33m70[39m,
  humidity: [33m50[39m
}
computeHourlyCoolingPerformance received invalid inputs {
  tons: [33m2.5[39m,
  indoorTemp: [33m70[39m,
  heatLossBtu: [33mNaN[39m,
  seer2: [33m15[39m,
  solarExposure: [33m1[39m,
  outdoorTemp: [33m70[39m,
  humidity: [33m50[39m
}
computeHourlyCoolingPerformance received invalid inputs {
  tons: [33m2.5[39m,
  indoorTemp: [33m70[39m,
  heatLossBtu: [33mNaN[39m,
  seer2: [33m15[39m,
  solarExposure: [33m1[39m,
  outdoorTemp: [33m70[39m,
  humidity: [33m50[39m
}
computeHourlyCoolingPerformance received invalid inputs {
  tons: [33m2.5[39m,
  indoorTemp: [33m70[39m,
  heatLossBtu: [33mNaN[39m,
  seer2: [33m15[39m,
  solarExposure: [33m1[39m,
  outdoorTemp: [33m70[39m,
  humidity: [33m50[39m
}
computeHourlyCoolingPerformance received invalid inputs {
  tons: [33m2.5[39m,
  indoorTemp: [33m70[39m,
  heatLossBtu: [33mNaN[39m,
  seer2: [33m15[39m,
  solarExposure: [33m1[39m,
  outdoorTemp: [33m70[39m,
  humidity: [33m50[39m
}
computeHourlyCoolingPerformance received invalid inputs {
  tons: [33m2.5[39m,
  indoorTemp: [33m70[39m,
  heatLossBtu: [33mNaN[39m,
  seer2: [33m15[39m,
  solarExposure: [33m1[39m,
  outdoorTemp: [33m70[39m,
  humidity: [33m50[39m
}
computeHourlyCoolingPerformance received invalid inputs {
  tons: [33m2.5[39m,
  indoorTemp: [33m70[39m,
  heatLossBtu: [33mNaN[39m,
  seer2: [33m15[39m,
  solarExposure: [33m1[39m,
  outdoorTemp: [33m70[39m,
  humidity: [33m50[39m
}
computeHourlyCoolingPerformance received invalid inputs {
  tons: [33m2.5[39m,
  indoorTemp: [33m70[39m,
  heatLossBtu: [33mNaN[39m,
  seer2: [33m15[39m,
  solarExposure: [33m1[39m,
  outdoorTemp: [33m70[39m,
  humidity: [33m50[39m
}
computeHourlyCoolingPerformance received invalid inputs {
  tons: [33m2.5[39m,
  indoorTemp: [33m70[39m,
  heatLossBtu: [33mNaN[39m,
  seer2: [33m15[39m,
  solarExposure: [33m1[39m,
  outdoorTemp: [33m70[39m,
  humidity: [33m50[39m
}
computeHourlyCoolingPerformance received invalid inputs {
  tons: [33m2.5[39m,
  indoorTemp: [33m70[39m,
  heatLossBtu: [33mNaN[39m,
  seer2: [33m15[39m,
  solarExposure: [33m1[39m,
  outdoorTemp: [33m70[39m,
  humidity: [33m50[39m
}
computeHourlyCoolingPerformance received invalid inputs {
  tons: [33m2.5[39m,
  indoorTemp: [33m70[39m,
  heatLossBtu: [33mNaN[39m,
  seer2: [33m15[39m,
  solarExposure: [33m1[39m,
  outdoorTemp: [33m70[39m,
  humidity: [33m50[39m
}
computeHourlyCoolingPerformance received invalid inputs {
  tons: [33m2.5[39m,
  indoorTemp: [33m70[39m,
  heatLossBtu: [33mNaN[39m,
  seer2: [33m15[39m,
  solarExposure: [33m1[39m,
  outdoorTemp: [33m70[39m,
  humidity: [33m50[39m
}
computeHourlyCoolingPerformance received invalid inputs {
  tons: [33m2.5[39m,
  indoorTemp: [33m70[39m,
  heatLossBtu: [33mNaN[39m,
  seer2: [33m15[39m,
  solarExposure: [33m1[39m,
  outdoorTemp: [33m70[39m,
  humidity: [33m50[39m
}
computeHourlyCoolingPerformance received invalid inputs {
  tons: [33m2.5[39m,
  indoorTemp: [33m70[39m,
  heatLossBtu: [33mNaN[39m,
  seer2: [33m15[39m,
  solarExposure: [33m1[39m,
  outdoorTemp: [33m70[39m,
  humidity: [33m50[39m
}
computeHourlyCoolingPerformance received invalid inputs {
  tons: [33m2.5[39m,
  indoorTemp: [33m70[39m,
  heatLossBtu: [33mNaN[39m,
  seer2: [33m15[39m,
  solarExposure: [33m1[39m,
  outdoorTemp: [33m70[39m,
  humidity: [33m50[39m
}
computeHourlyCoolingPerformance received invalid inputs {
  tons: [33m2.5[39m,
  indoorTemp: [33m70[39m,
  heatLossBtu: [33mNaN[39m,
  seer2: [33m15[39m,
  solarExposure: [33m1[39m,
  outdoorTemp: [33m70[39m,
  humidity: [33m50[39m
}
computeHourlyCoolingPerformance received invalid inputs {
  tons: [33m2.5[39m,
  indoorTemp: [33m70[39m,
  heatLossBtu: [33mNaN[39m,
  seer2: [33m15[39m,
  solarExposure: [33m1[39m,
  outdoorTemp: [33m70[39m,
  humidity: [33m50[39m
}
computeHourlyCoolingPerformance received invalid inputs {
  tons: [33m2.5[39m,
  indoorTemp: [33m70[39m,
  heatLossBtu: [33mNaN[39m,
  seer2: [33m15[39m,
  solarExposure: [33m1[39m,
  outdoorTemp: [33m70[39m,
  humidity: [33m50[39m
}
computeHourlyCoolingPerformance received invalid inputs {
  tons: [33m2.5[39m,
  indoorTemp: [33m70[39m,
  heatLossBtu: [33mNaN[39m,
  seer2: [33m15[39m,
  solarExposure: [33m1[39m,
  outdoorTemp: [33m70[39m,
  humidity: [33m50[39m
}
computeHourlyCoolingPerformance received invalid inputs {
  tons: [33m2.5[39m,
  indoorTemp: [33m70[39m,
  heatLossBtu: [33mNaN[39m,
  seer2: [33m15[39m,
  solarExposure: [33m1[39m,
  outdoorTemp: [33m70[39m,
  humidity: [33m50[39m
}
computeHourlyCoolingPerformance received invalid inputs {
  tons: [33m2.5[39m,
  indoorTemp: [33m70[39m,
  heatLossBtu: [33mNaN[39m,
  seer2: [33m15[39m,
  solarExposure: [33m1[39m,
  outdoorTemp: [33m70[39m,
  humidity: [33m50[39m
}
computeHourlyCoolingPerformance received invalid inputs {
  tons: [33m2.5[39m,
  indoorTemp: [33m70[39m,
  heatLossBtu: [33mNaN[39m,
  seer2: [33m15[39m,
  solarExposure: [33m1[39m,
  outdoorTemp: [33m70[39m,
  humidity: [33m50[39m
}
computeHourlyCoolingPerformance received invalid inputs {
  tons: [33m2.5[39m,
  indoorTemp: [33m70[39m,
  heatLossBtu: [33mNaN[39m,
  seer2: [33m15[39m,
  solarExposure: [33m1[39m,
  outdoorTemp: [33m70[39m,
  humidity: [33m50[39m
}
computeHourlyCoolingPerformance received invalid inputs {
  tons: [33m2.5[39m,
  indoorTemp: [33m70[39m,
  heatLossBtu: [33mNaN[39m,
  seer2: [33m15[39m,
  solarExposure: [33m1[39m,
  outdoorTemp: [33m70[39m,
  humidity: [33m50[39m
}
computeHourlyCoolingPerformance received invalid inputs {
  tons: [33m2.5[39m,
  indoorTemp: [33m70[39m,
  heatLossBtu: [33mNaN[39m,
  seer2: [33m15[39m,
  solarExposure: [33m1[39m,
  outdoorTemp: [33m70[39m,
  humidity: [33m50[39m
}
computeHourlyCoolingPerformance received invalid inputs {
  tons: [33m2.5[39m,
  indoorTemp: [33m70[39m,
  heatLossBtu: [33mNaN[39m,
  seer2: [33m15[39m,
  solarExposure: [33m1[39m,
  outdoorTemp: [33m70[39m,
  humidity: [33m50[39m
}
computeHourlyCoolingPerformance received invalid inputs {
  tons: [33m2.5[39m,
  indoorTemp: [33m70[39m,
  heatLossBtu: [33mNaN[39m,
  seer2: [33m15[39m,
  solarExposure: [33m1[39m,
  outdoorTemp: [33m70[39m,
  humidity: [33m50[39m
}
computeHourlyCoolingPerformance received invalid inputs {
  tons: [33m2.5[39m,
  indoorTemp: [33m70[39m,
  heatLossBtu: [33mNaN[39m,
  seer2: [33m15[39m,
  solarExposure: [33m1[39m,
  outdoorTemp: [33m70[39m,
  humidity: [33m50[39m
}
computeHourlyCoolingPerformance received invalid inputs {
  tons: [33m2.5[39m,
  indoorTemp: [33m70[39m,
  heatLossBtu: [33mNaN[39m,
  seer2: [33m15[39m,
  solarExposure: [33m1[39m,
  outdoorTemp: [33m70[39m,
  humidity: [33m50[39m
}
computeHourlyCoolingPerformance received invalid inputs {
  tons: [33m2.5[39m,
  indoorTemp: [33m70[39m,
  heatLossBtu: [33mNaN[39m,
  seer2: [33m15[39m,
  solarExposure: [33m1[39m,
  outdoorTemp: [33m70[39m,
  humidity: [33m50[39m
}
computeHourlyCoolingPerformance received invalid inputs {
  tons: [33m2.5[39m,
  indoorTemp: [33m70[39m,
  heatLossBtu: [33mNaN[39m,
  seer2: [33m15[39m,
  solarExposure: [33m1[39m,
  outdoorTemp: [33m70[39m,
  humidity: [33m50[39m
}
computeHourlyCoolingPerformance received invalid inputs {
  tons: [33m2.5[39m,
  indoorTemp: [33m70[39m,
  heatLossBtu: [33mNaN[39m,
  seer2: [33m15[39m,
  solarExposure: [33m1[39m,
  outdoorTemp: [33m70[39m,
  humidity: [33m50[39m
}
computeHourlyCoolingPerformance received invalid inputs {
  tons: [33m2.5[39m,
  indoorTemp: [33m70[39m,
  heatLossBtu: [33mNaN[39m,
  seer2: [33m15[39m,
  solarExposure: [33m1[39m,
  outdoorTemp: [33m70[39m,
  humidity: [33m50[39m
}
computeHourlyCoolingPerformance received invalid inputs {
  tons: [33m2.5[39m,
  indoorTemp: [33m70[39m,
  heatLossBtu: [33mNaN[39m,
  seer2: [33m15[39m,
  solarExposure: [33m1[39m,
  outdoorTemp: [33m70[39m,
  humidity: [33m50[39m
}
computeHourlyCoolingPerformance received invalid inputs {
  tons: [33m2.5[39m,
  indoorTemp: [33m70[39m,
  heatLossBtu: [33mNaN[39m,
  seer2: [33m15[39m,
  solarExposure: [33m1[39m,
  outdoorTemp: [33m70[39m,
  humidity: [33m50[39m
}
computeHourlyCoolingPerformance received invalid inputs {
  tons: [33m2.5[39m,
  indoorTemp: [33m70[39m,
  heatLossBtu: [33mNaN[39m,
  seer2: [33m15[39m,
  solarExposure: [33m1[39m,
  outdoorTemp: [33m70[39m,
  humidity: [33m50[39m
}
computeHourlyCoolingPerformance received invalid inputs {
  tons: [33m2.5[39m,
  indoorTemp: [33m70[39m,
  heatLossBtu: [33mNaN[39m,
  seer2: [33m15[39m,
  solarExposure: [33m1[39m,
  outdoorTemp: [33m70[39m,
  humidity: [33m50[39m
}
computeHourlyCoolingPerformance received invalid inputs {
  tons: [33m2.5[39m,
  indoorTemp: [33m70[39m,
  heatLossBtu: [33mNaN[39m,
  seer2: [33m15[39m,
  solarExposure: [33m1[39m,
  outdoorTemp: [33m70[39m,
  humidity: [33m50[39m
}
computeHourlyCoolingPerformance received invalid inputs {
  tons: [33m2.5[39m,
  indoorTemp: [33m70[39m,
  heatLossBtu: [33mNaN[39m,
  seer2: [33m15[39m,
  solarExposure: [33m1[39m,
  outdoorTemp: [33m70[39m,
  humidity: [33m50[39m
}
computeHourlyCoolingPerformance received invalid inputs {
  tons: [33m2.5[39m,
  indoorTemp: [33m70[39m,
  heatLossBtu: [33mNaN[39m,
  seer2: [33m15[39m,
  solarExposure: [33m1[39m,
  outdoorTemp: [33m70[39m,
  humidity: [33m50[39m
}
computeHourlyCoolingPerformance received invalid inputs {
  tons: [33m2.5[39m,
  indoorTemp: [33m70[39m,
  heatLossBtu: [33mNaN[39m,
  seer2: [33m15[39m,
  solarExposure: [33m1[39m,
  outdoorTemp: [33m70[39m,
  humidity: [33m50[39m
}
computeHourlyCoolingPerformance received invalid inputs {
  tons: [33m2.5[39m,
  indoorTemp: [33m70[39m,
  heatLossBtu: [33mNaN[39m,
  seer2: [33m15[39m,
  solarExposure: [33m1[39m,
  outdoorTemp: [33m70[39m,
  humidity: [33m50[39m
}
computeHourlyCoolingPerformance received invalid inputs {
  tons: [33m2.5[39m,
  indoorTemp: [33m70[39m,
  heatLossBtu: [33mNaN[39m,
  seer2: [33m15[39m,
  solarExposure: [33m1[39m,
  outdoorTemp: [33m70[39m,
  humidity: [33m50[39m
}
computeHourlyCoolingPerformance received invalid inputs {
  tons: [33m2.5[39m,
  indoorTemp: [33m70[39m,
  heatLossBtu: [33mNaN[39m,
  seer2: [33m15[39m,
  solarExposure: [33m1[39m,
  outdoorTemp: [33m70[39m,
  humidity: [33m50[39m
}
computeHourlyCoolingPerformance received invalid inputs {
  tons: [33m2.5[39m,
  indoorTemp: [33m70[39m,
  heatLossBtu: [33mNaN[39m,
  seer2: [33m15[39m,
  solarExposure: [33m1[39m,
  outdoorTemp: [33m70[39m,
  humidity: [33m50[39m
}
computeHourlyCoolingPerformance received invalid inputs {
  tons: [33m2.5[39m,
  indoorTemp: [33m70[39m,
  heatLossBtu: [33mNaN[39m,
  seer2: [33m15[39m,
  solarExposure: [33m1[39m,
  outdoorTemp: [33m70[39m,
  humidity: [33m50[39m
}
computeHourlyCoolingPerformance received invalid inputs {
  tons: [33m2.5[39m,
  indoorTemp: [33m70[39m,
  heatLossBtu: [33mNaN[39m,
  seer2: [33m15[39m,
  solarExposure: [33m1[39m,
  outdoorTemp: [33m70[39m,
  humidity: [33m50[39m
}
computeHourlyCoolingPerformance received invalid inputs {
  tons: [33m2.5[39m,
  indoorTemp: [33m70[39m,
  heatLossBtu: [33mNaN[39m,
  seer2: [33m15[39m,
  solarExposure: [33m1[39m,
  outdoorTemp: [33m70[39m,
  humidity: [33m50[39m
}
computeHourlyCoolingPerformance received invalid inputs {
  tons: [33m2.5[39m,
  indoorTemp: [33m70[39m,
  heatLossBtu: [33mNaN[39m,
  seer2: [33m15[39m,
  solarExposure: [33m1[39m,
  outdoorTemp: [33m70[39m,
  humidity: [33m50[39m
}
computeHourlyCoolingPerformance received invalid inputs {
  tons: [33m2.5[39m,
  indoorTemp: [33m70[39m,
  heatLossBtu: [33mNaN[39m,
  seer2: [33m15[39m,
  solarExposure: [33m1[39m,
  outdoorTemp: [33m70[39m,
  humidity: [33m50[39m
}
computeHourlyCoolingPerformance received invalid inputs {
  tons: [33m2.5[39m,
  indoorTemp: [33m70[39m,
  heatLossBtu: [33mNaN[39m,
  seer2: [33m15[39m,
  solarExposure: [33m1[39m,
  outdoorTemp: [33m70[39m,
  humidity: [33m50[39m
}
computeHourlyCoolingPerformance received invalid inputs {
  tons: [33m2.5[39m,
  indoorTemp: [33m70[39m,
  heatLossBtu: [33mNaN[39m,
  seer2: [33m15[39m,
  solarExposure: [33m1[39m,
  outdoorTemp: [33m70[39m,
  humidity: [33m50[39m
}
computeHourlyCoolingPerformance received invalid inputs {
  tons: [33m2.5[39m,
  indoorTemp: [33m70[39m,
  heatLossBtu: [33mNaN[39m,
  seer2: [33m15[39m,
  solarExposure: [33m1[39m,
  outdoorTemp: [33m70[39m,
  humidity: [33m50[39m
}
computeHourlyCoolingPerformance received invalid inputs {
  tons: [33m2.5[39m,
  indoorTemp: [33m70[39m,
  heatLossBtu: [33mNaN[39m,
  seer2: [33m15[39m,
  solarExposure: [33m1[39m,
  outdoorTemp: [33m70[39m,
  humidity: [33m50[39m
}
computeHourlyCoolingPerformance received invalid inputs {
  tons: [33m2.5[39m,
  indoorTemp: [33m70[39m,
  heatLossBtu: [33mNaN[39m,
  seer2: [33m15[39m,
  solarExposure: [33m1[39m,
  outdoorTemp: [33m70[39m,
  humidity: [33m50[39m
}
computeHourlyCoolingPerformance received invalid inputs {
  tons: [33m2.5[39m,
  indoorTemp: [33m70[39m,
  heatLossBtu: [33mNaN[39m,
  seer2: [33m15[39m,
  solarExposure: [33m1[39m,
  outdoorTemp: [33m70[39m,
  humidity: [33m50[39m
}
computeHourlyCoolingPerformance received invalid inputs {
  tons: [33m2.5[39m,
  indoorTemp: [33m70[39m,
  heatLossBtu: [33mNaN[39m,
  seer2: [33m15[39m,
  solarExposure: [33m1[39m,
  outdoorTemp: [33m70[39m,
  humidity: [33m50[39m
}
computeHourlyCoolingPerformance received invalid inputs {
  tons: [33m2.5[39m,
  indoorTemp: [33m70[39m,
  heatLossBtu: [33mNaN[39m,
  seer2: [33m15[39m,
  solarExposure: [33m1[39m,
  outdoorTemp: [33m70[39m,
  humidity: [33m50[39m
}
computeHourlyCoolingPerformance received invalid inputs {
  tons: [33m2.5[39m,
  indoorTemp: [33m70[39m,
  heatLossBtu: [33mNaN[39m,
  seer2: [33m15[39m,
  solarExposure: [33m1[39m,
  outdoorTemp: [33m70[39m,
  humidity: [33m50[39m
}
computeHourlyCoolingPerformance received invalid inputs {
  tons: [33m2.5[39m,
  indoorTemp: [33m70[39m,
  heatLossBtu: [33mNaN[39m,
  seer2: [33m15[39m,
  solarExposure: [33m1[39m,
  outdoorTemp: [33m70[39m,
  humidity: [33m50[39m
}
computeHourlyCoolingPerformance received invalid inputs {
  tons: [33m2.5[39m,
  indoorTemp: [33m70[39m,
  heatLossBtu: [33mNaN[39m,
  seer2: [33m15[39m,
  solarExposure: [33m1[39m,
  outdoorTemp: [33m70[39m,
  humidity: [33m50[39m
}
computeHourlyCoolingPerformance received invalid inputs {
  tons: [33m2.5[39m,
  indoorTemp: [33m70[39m,
  heatLossBtu: [33mNaN[39m,
  seer2: [33m15[39m,
  solarExposure: [33m1[39m,
  outdoorTemp: [33m70[39m,
  humidity: [33m50[39m
}
computeHourlyCoolingPerformance received invalid inputs {
  tons: [33m2.5[39m,
  indoorTemp: [33m70[39m,
  heatLossBtu: [33mNaN[39m,
  seer2: [33m15[39m,
  solarExposure: [33m1[39m,
  outdoorTemp: [33m70[39m,
  humidity: [33m50[39m
}
computeHourlyCoolingPerformance received invalid inputs {
  tons: [33m2.5[39m,
  indoorTemp: [33m70[39m,
  heatLossBtu: [33mNaN[39m,
  seer2: [33m15[39m,
  solarExposure: [33m1[39m,
  outdoorTemp: [33m70[39m,
  humidity: [33m50[39m
}
computeHourlyCoolingPerformance received invalid inputs {
  tons: [33m2.5[39m,
  indoorTemp: [33m70[39m,
  heatLossBtu: [33mNaN[39m,
  seer2: [33m15[39m,
  solarExposure: [33m1[39m,
  outdoorTemp: [33m70[39m,
  humidity: [33m50[39m
}
computeHourlyCoolingPerformance received invalid inputs {
  tons: [33m2.5[39m,
  indoorTemp: [33m70[39m,
  heatLossBtu: [33mNaN[39m,
  seer2: [33m15[39m,
  solarExposure: [33m1[39m,
  outdoorTemp: [33m70[39m,
  humidity: [33m50[39m
}
computeHourlyCoolingPerformance received invalid inputs {
  tons: [33m2.5[39m,
  indoorTemp: [33m70[39m,
  heatLossBtu: [33mNaN[39m,
  seer2: [33m15[39m,
  solarExposure: [33m1[39m,
  outdoorTemp: [33m70[39m,
  humidity: [33m50[39m
}
computeHourlyCoolingPerformance received invalid inputs {
  tons: [33m2.5[39m,
  indoorTemp: [33m70[39m,
  heatLossBtu: [33mNaN[39m,
  seer2: [33m15[39m,
  solarExposure: [33m1[39m,
  outdoorTemp: [33m70[39m,
  humidity: [33m50[39m
}
computeHourlyCoolingPerformance received invalid inputs {
  tons: [33m2.5[39m,
  indoorTemp: [33m70[39m,
  heatLossBtu: [33mNaN[39m,
  seer2: [33m15[39m,
  solarExposure: [33m1[39m,
  outdoorTemp: [33m70[39m,
  humidity: [33m50[39m
}
computeHourlyCoolingPerformance received invalid inputs {
  tons: [33m2.5[39m,
  indoorTemp: [33m70[39m,
  heatLossBtu: [33mNaN[39m,
  seer2: [33m15[39m,
  solarExposure: [33m1[39m,
  outdoorTemp: [33m70[39m,
  humidity: [33m50[39m
}
computeHourlyCoolingPerformance received invalid inputs {
  tons: [33m2.5[39m,
  indoorTemp: [33m70[39m,
  heatLossBtu: [33mNaN[39m,
  seer2: [33m15[39m,
  solarExposure: [33m1[39m,
  outdoorTemp: [33m70[39m,
  humidity: [33m50[39m
}
computeHourlyCoolingPerformance received invalid inputs {
  tons: [33m2.5[39m,
  indoorTemp: [33m70[39m,
  heatLossBtu: [33mNaN[39m,
  seer2: [33m15[39m,
  solarExposure: [33m1[39m,
  outdoorTemp: [33m70[39m,
  humidity: [33m50[39m
}
computeHourlyCoolingPerformance received invalid inputs {
  tons: [33m2.5[39m,
  indoorTemp: [33m70[39m,
  heatLossBtu: [33mNaN[39m,
  seer2: [33m15[39m,
  solarExposure: [33m1[39m,
  outdoorTemp: [33m70[39m,
  humidity: [33m50[39m
}
computeHourlyCoolingPerformance received invalid inputs {
  tons: [33m2.5[39m,
  indoorTemp: [33m70[39m,
  heatLossBtu: [33mNaN[39m,
  seer2: [33m15[39m,
  solarExposure: [33m1[39m,
  outdoorTemp: [33m70[39m,
  humidity: [33m50[39m
}
computeHourlyCoolingPerformance received invalid inputs {
  tons: [33m2.5[39m,
  indoorTemp: [33m70[39m,
  heatLossBtu: [33mNaN[39m,
  seer2: [33m15[39m,
  solarExposure: [33m1[39m,
  outdoorTemp: [33m70[39m,
  humidity: [33m50[39m
}
computeHourlyCoolingPerformance received invalid inputs {
  tons: [33m2.5[39m,
  indoorTemp: [33m70[39m,
  heatLossBtu: [33mNaN[39m,
  seer2: [33m15[39m,
  solarExposure: [33m1[39m,
  outdoorTemp: [33m70[39m,
  humidity: [33m50[39m
}
computeHourlyCoolingPerformance received invalid inputs {
  tons: [33m2.5[39m,
  indoorTemp: [33m70[39m,
  heatLossBtu: [33mNaN[39m,
  seer2: [33m15[39m,
  solarExposure: [33m1[39m,
  outdoorTemp: [33m70[39m,
  humidity: [33m50[39m
}
computeHourlyCoolingPerformance received invalid inputs {
  tons: [33m2.5[39m,
  indoorTemp: [33m70[39m,
  heatLossBtu: [33mNaN[39m,
  seer2: [33m15[39m,
  solarExposure: [33m1[39m,
  outdoorTemp: [33m70[39m,
  humidity: [33m50[39m
}
computeHourlyCoolingPerformance received invalid inputs {
  tons: [33m2.5[39m,
  indoorTemp: [33m70[39m,
  heatLossBtu: [33mNaN[39m,
  seer2: [33m15[39m,
  solarExposure: [33m1[39m,
  outdoorTemp: [33m70[39m,
  humidity: [33m50[39m
}
computeHourlyCoolingPerformance received invalid inputs {
  tons: [33m2.5[39m,
  indoorTemp: [33m70[39m,
  heatLossBtu: [33mNaN[39m,
  seer2: [33m15[39m,
  solarExposure: [33m1[39m,
  outdoorTemp: [33m70[39m,
  humidity: [33m50[39m
}
computeHourlyCoolingPerformance received invalid inputs {
  tons: [33m2.5[39m,
  indoorTemp: [33m70[39m,
  heatLossBtu: [33mNaN[39m,
  seer2: [33m15[39m,
  solarExposure: [33m1[39m,
  outdoorTemp: [33m70[39m,
  humidity: [33m50[39m
}
computeHourlyCoolingPerformance received invalid inputs {
  tons: [33m2.5[39m,
  indoorTemp: [33m70[39m,
  heatLossBtu: [33mNaN[39m,
  seer2: [33m15[39m,
  solarExposure: [33m1[39m,
  outdoorTemp: [33m70[39m,
  humidity: [33m50[39m
}
computeHourlyCoolingPerformance received invalid inputs {
  tons: [33m2.5[39m,
  indoorTemp: [33m70[39m,
  heatLossBtu: [33mNaN[39m,
  seer2: [33m15[39m,
  solarExposure: [33m1[39m,
  outdoorTemp: [33m70[39m,
  humidity: [33m50[39m
}
computeHourlyCoolingPerformance received invalid inputs {
  tons: [33m2.5[39m,
  indoorTemp: [33m70[39m,
  heatLossBtu: [33mNaN[39m,
  seer2: [33m15[39m,
  solarExposure: [33m1[39m,
  outdoorTemp: [33m70[39m,
  humidity: [33m50[39m
}
computeHourlyCoolingPerformance received invalid inputs {
  tons: [33m2.5[39m,
  indoorTemp: [33m70[39m,
  heatLossBtu: [33mNaN[39m,
  seer2: [33m15[39m,
  solarExposure: [33m1[39m,
  outdoorTemp: [33m70[39m,
  humidity: [33m50[39m
}
computeHourlyCoolingPerformance received invalid inputs {
  tons: [33m2.5[39m,
  indoorTemp: [33m70[39m,
  heatLossBtu: [33mNaN[39m,
  seer2: [33m15[39m,
  solarExposure: [33m1[39m,
  outdoorTemp: [33m70[39m,
  humidity: [33m50[39m
}
computeHourlyCoolingPerformance received invalid inputs {
  tons: [33m2.5[39m,
  indoorTemp: [33m70[39m,
  heatLossBtu: [33mNaN[39m,
  seer2: [33m15[39m,
  solarExposure: [33m1[39m,
  outdoorTemp: [33m70[39m,
  humidity: [33m50[39m
}
computeHourlyCoolingPerformance received invalid inputs {
  tons: [33m2.5[39m,
  indoorTemp: [33m70[39m,
  heatLossBtu: [33mNaN[39m,
  seer2: [33m15[39m,
  solarExposure: [33m1[39m,
  outdoorTemp: [33m70[39m,
  humidity: [33m50[39m
}
computeHourlyCoolingPerformance received invalid inputs {
  tons: [33m2.5[39m,
  indoorTemp: [33m70[39m,
  heatLossBtu: [33mNaN[39m,
  seer2: [33m15[39m,
  solarExposure: [33m1[39m,
  outdoorTemp: [33m70[39m,
  humidity: [33m50[39m
}
computeHourlyCoolingPerformance received invalid inputs {
  tons: [33m2.5[39m,
  indoorTemp: [33m70[39m,
  heatLossBtu: [33mNaN[39m,
  seer2: [33m15[39m,
  solarExposure: [33m1[39m,
  outdoorTemp: [33m70[39m,
  humidity: [33m50[39m
}
computeHourlyCoolingPerformance received invalid inputs {
  tons: [33m2.5[39m,
  indoorTemp: [33m70[39m,
  heatLossBtu: [33mNaN[39m,
  seer2: [33m15[39m,
  solarExposure: [33m1[39m,
  outdoorTemp: [33m70[39m,
  humidity: [33m50[39m
}
computeHourlyCoolingPerformance received invalid inputs {
  tons: [33m2.5[39m,
  indoorTemp: [33m70[39m,
  heatLossBtu: [33mNaN[39m,
  seer2: [33m15[39m,
  solarExposure: [33m1[39m,
  outdoorTemp: [33m70[39m,
  humidity: [33m50[39m
}
computeHourlyCoolingPerformance received invalid inputs {
  tons: [33m2.5[39m,
  indoorTemp: [33m70[39m,
  heatLossBtu: [33mNaN[39m,
  seer2: [33m15[39m,
  solarExposure: [33m1[39m,
  outdoorTemp: [33m70[39m,
  humidity: [33m50[39m
}
computeHourlyCoolingPerformance received invalid inputs {
  tons: [33m2.5[39m,
  indoorTemp: [33m70[39m,
  heatLossBtu: [33mNaN[39m,
  seer2: [33m15[39m,
  solarExposure: [33m1[39m,
  outdoorTemp: [33m70[39m,
  humidity: [33m50[39m
}
computeHourlyCoolingPerformance received invalid inputs {
  tons: [33m2.5[39m,
  indoorTemp: [33m70[39m,
  heatLossBtu: [33mNaN[39m,
  seer2: [33m15[39m,
  solarExposure: [33m1[39m,
  outdoorTemp: [33m70[39m,
  humidity: [33m50[39m
}
computeHourlyCoolingPerformance received invalid inputs {
  tons: [33m2.5[39m,
  indoorTemp: [33m70[39m,
  heatLossBtu: [33mNaN[39m,
  seer2: [33m15[39m,
  solarExposure: [33m1[39m,
  outdoorTemp: [33m70[39m,
  humidity: [33m50[39m
}
computeHourlyCoolingPerformance received invalid inputs {
  tons: [33m2.5[39m,
  indoorTemp: [33m70[39m,
  heatLossBtu: [33mNaN[39m,
  seer2: [33m15[39m,
  solarExposure: [33m1[39m,
  outdoorTemp: [33m70[39m,
  humidity: [33m50[39m
}
computeHourlyCoolingPerformance received invalid inputs {
  tons: [33m2.5[39m,
  indoorTemp: [33m70[39m,
  heatLossBtu: [33mNaN[39m,
  seer2: [33m15[39m,
  solarExposure: [33m1[39m,
  outdoorTemp: [33m70[39m,
  humidity: [33m50[39m
}
computeHourlyCoolingPerformance received invalid inputs {
  tons: [33m2.5[39m,
  indoorTemp: [33m70[39m,
  heatLossBtu: [33mNaN[39m,
  seer2: [33m15[39m,
  solarExposure: [33m1[39m,
  outdoorTemp: [33m70[39m,
  humidity: [33m50[39m
}
computeHourlyCoolingPerformance received invalid inputs {
  tons: [33m2.5[39m,
  indoorTemp: [33m70[39m,
  heatLossBtu: [33mNaN[39m,
  seer2: [33m15[39m,
  solarExposure: [33m1[39m,
  outdoorTemp: [33m70[39m,
  humidity: [33m50[39m
}
computeHourlyCoolingPerformance received invalid inputs {
  tons: [33m2.5[39m,
  indoorTemp: [33m70[39m,
  heatLossBtu: [33mNaN[39m,
  seer2: [33m15[39m,
  solarExposure: [33m1[39m,
  outdoorTemp: [33m70[39m,
  humidity: [33m50[39m
}
computeHourlyCoolingPerformance received invalid inputs {
  tons: [33m2.5[39m,
  indoorTemp: [33m70[39m,
  heatLossBtu: [33mNaN[39m,
  seer2: [33m15[39m,
  solarExposure: [33m1[39m,
  outdoorTemp: [33m70[39m,
  humidity: [33m50[39m
}
computeHourlyCoolingPerformance received invalid inputs {
  tons: [33m2.5[39m,
  indoorTemp: [33m70[39m,
  heatLossBtu: [33mNaN[39m,
  seer2: [33m15[39m,
  solarExposure: [33m1[39m,
  outdoorTemp: [33m70[39m,
  humidity: [33m50[39m
}
computeHourlyCoolingPerformance received invalid inputs {
  tons: [33m2.5[39m,
  indoorTemp: [33m70[39m,
  heatLossBtu: [33mNaN[39m,
  seer2: [33m15[39m,
  solarExposure: [33m1[39m,
  outdoorTemp: [33m70[39m,
  humidity: [33m50[39m
}
computeHourlyCoolingPerformance received invalid inputs {
  tons: [33m2.5[39m,
  indoorTemp: [33m70[39m,
  heatLossBtu: [33mNaN[39m,
  seer2: [33m15[39m,
  solarExposure: [33m1[39m,
  outdoorTemp: [33m70[39m,
  humidity: [33m50[39m
}
computeHourlyCoolingPerformance received invalid inputs {
  tons: [33m2.5[39m,
  indoorTemp: [33m70[39m,
  heatLossBtu: [33mNaN[39m,
  seer2: [33m15[39m,
  solarExposure: [33m1[39m,
  outdoorTemp: [33m70[39m,
  humidity: [33m50[39m
}
computeHourlyCoolingPerformance received invalid inputs {
  tons: [33m2.5[39m,
  indoorTemp: [33m70[39m,
  heatLossBtu: [33mNaN[39m,
  seer2: [33m15[39m,
  solarExposure: [33m1[39m,
  outdoorTemp: [33m70[39m,
  humidity: [33m50[39m
}
computeHourlyCoolingPerformance received invalid inputs {
  tons: [33m2.5[39m,
  indoorTemp: [33m70[39m,
  heatLossBtu: [33mNaN[39m,
  seer2: [33m15[39m,
  solarExposure: [33m1[39m,
  outdoorTemp: [33m70[39m,
  humidity: [33m50[39m
}
computeHourlyCoolingPerformance received invalid inputs {
  tons: [33m2.5[39m,
  indoorTemp: [33m70[39m,
  heatLossBtu: [33mNaN[39m,
  seer2: [33m15[39m,
  solarExposure: [33m1[39m,
  outdoorTemp: [33m70[39m,
  humidity: [33m50[39m
}
computeHourlyCoolingPerformance received invalid inputs {
  tons: [33m2.5[39m,
  indoorTemp: [33m70[39m,
  heatLossBtu: [33mNaN[39m,
  seer2: [33m15[39m,
  solarExposure: [33m1[39m,
  outdoorTemp: [33m70[39m,
  humidity: [33m50[39m
}
computeHourlyCoolingPerformance received invalid inputs {
  tons: [33m2.5[39m,
  indoorTemp: [33m70[39m,
  heatLossBtu: [33mNaN[39m,
  seer2: [33m15[39m,
  solarExposure: [33m1[39m,
  outdoorTemp: [33m70[39m,
  humidity: [33m50[39m
}
computeHourlyCoolingPerformance received invalid inputs {
  tons: [33m2.5[39m,
  indoorTemp: [33m70[39m,
  heatLossBtu: [33mNaN[39m,
  seer2: [33m15[39m,
  solarExposure: [33m1[39m,
  outdoorTemp: [33m70[39m,
  humidity: [33m50[39m
}
computeHourlyCoolingPerformance received invalid inputs {
  tons: [33m2.5[39m,
  indoorTemp: [33m70[39m,
  heatLossBtu: [33mNaN[39m,
  seer2: [33m15[39m,
  solarExposure: [33m1[39m,
  outdoorTemp: [33m70[39m,
  humidity: [33m50[39m
}
computeHourlyCoolingPerformance received invalid inputs {
  tons: [33m2.5[39m,
  indoorTemp: [33m70[39m,
  heatLossBtu: [33mNaN[39m,
  seer2: [33m15[39m,
  solarExposure: [33m1[39m,
  outdoorTemp: [33m70[39m,
  humidity: [33m50[39m
}
computeHourlyCoolingPerformance received invalid inputs {
  tons: [33m2.5[39m,
  indoorTemp: [33m70[39m,
  heatLossBtu: [33mNaN[39m,
  seer2: [33m15[39m,
  solarExposure: [33m1[39m,
  outdoorTemp: [33m70[39m,
  humidity: [33m50[39m
}
computeHourlyCoolingPerformance received invalid inputs {
  tons: [33m2.5[39m,
  indoorTemp: [33m70[39m,
  heatLossBtu: [33mNaN[39m,
  seer2: [33m15[39m,
  solarExposure: [33m1[39m,
  outdoorTemp: [33m70[39m,
  humidity: [33m50[39m
}
computeHourlyCoolingPerformance received invalid inputs {
  tons: [33m2.5[39m,
  indoorTemp: [33m70[39m,
  heatLossBtu: [33mNaN[39m,
  seer2: [33m15[39m,
  solarExposure: [33m1[39m,
  outdoorTemp: [33m70[39m,
  humidity: [33m50[39m
}
computeHourlyCoolingPerformance received invalid inputs {
  tons: [33m2.5[39m,
  indoorTemp: [33m70[39m,
  heatLossBtu: [33mNaN[39m,
  seer2: [33m15[39m,
  solarExposure: [33m1[39m,
  outdoorTemp: [33m70[39m,
  humidity: [33m50[39m
}
computeHourlyCoolingPerformance received invalid inputs {
  tons: [33m2.5[39m,
  indoorTemp: [33m70[39m,
  heatLossBtu: [33mNaN[39m,
  seer2: [33m15[39m,
  solarExposure: [33m1[39m,
  outdoorTemp: [33m70[39m,
  humidity: [33m50[39m
}
computeHourlyCoolingPerformance received invalid inputs {
  tons: [33m2.5[39m,
  indoorTemp: [33m70[39m,
  heatLossBtu: [33mNaN[39m,
  seer2: [33m15[39m,
  solarExposure: [33m1[39m,
  outdoorTemp: [33m70[39m,
  humidity: [33m50[39m
}
computeHourlyCoolingPerformance received invalid inputs {
  tons: [33m2.5[39m,
  indoorTemp: [33m70[39m,
  heatLossBtu: [33mNaN[39m,
  seer2: [33m15[39m,
  solarExposure: [33m1[39m,
  outdoorTemp: [33m70[39m,
  humidity: [33m50[39m
}
computeHourlyCoolingPerformance received invalid inputs {
  tons: [33m2.5[39m,
  indoorTemp: [33m70[39m,
  heatLossBtu: [33mNaN[39m,
  seer2: [33m15[39m,
  solarExposure: [33m1[39m,
  outdoorTemp: [33m70[39m,
  humidity: [33m50[39m
}
computeHourlyCoolingPerformance received invalid inputs {
  tons: [33m2.5[39m,
  indoorTemp: [33m70[39m,
  heatLossBtu: [33mNaN[39m,
  seer2: [33m15[39m,
  solarExposure: [33m1[39m,
  outdoorTemp: [33m70[39m,
  humidity: [33m50[39m
}
computeHourlyCoolingPerformance received invalid inputs {
  tons: [33m2.5[39m,
  indoorTemp: [33m70[39m,
  heatLossBtu: [33mNaN[39m,
  seer2: [33m15[39m,
  solarExposure: [33m1[39m,
  outdoorTemp: [33m70[39m,
  humidity: [33m50[39m
}
computeHourlyCoolingPerformance received invalid inputs {
  tons: [33m2.5[39m,
  indoorTemp: [33m70[39m,
  heatLossBtu: [33mNaN[39m,
  seer2: [33m15[39m,
  solarExposure: [33m1[39m,
  outdoorTemp: [33m70[39m,
  humidity: [33m50[39m
}
computeHourlyCoolingPerformance received invalid inputs {
  tons: [33m2.5[39m,
  indoorTemp: [33m70[39m,
  heatLossBtu: [33mNaN[39m,
  seer2: [33m15[39m,
  solarExposure: [33m1[39m,
  outdoorTemp: [33m70[39m,
  humidity: [33m50[39m
}
computeHourlyCoolingPerformance received invalid inputs {
  tons: [33m2.5[39m,
  indoorTemp: [33m70[39m,
  heatLossBtu: [33mNaN[39m,
  seer2: [33m15[39m,
  solarExposure: [33m1[39m,
  outdoorTemp: [33m70[39m,
  humidity: [33m50[39m
}
computeHourlyCoolingPerformance received invalid inputs {
  tons: [33m2.5[39m,
  indoorTemp: [33m70[39m,
  heatLossBtu: [33mNaN[39m,
  seer2: [33m15[39m,
  solarExposure: [33m1[39m,
  outdoorTemp: [33m70[39m,
  humidity: [33m50[39m
}
computeHourlyCoolingPerformance received invalid inputs {
  tons: [33m2.5[39m,
  indoorTemp: [33m70[39m,
  heatLossBtu: [33mNaN[39m,
  seer2: [33m15[39m,
  solarExposure: [33m1[39m,
  outdoorTemp: [33m70[39m,
  humidity: [33m50[39m
}
computeHourlyCoolingPerformance received invalid inputs {
  tons: [33m2.5[39m,
  indoorTemp: [33m70[39m,
  heatLossBtu: [33mNaN[39m,
  seer2: [33m15[39m,
  solarExposure: [33m1[39m,
  outdoorTemp: [33m70[39m,
  humidity: [33m50[39m
}
computeHourlyCoolingPerformance received invalid inputs {
  tons: [33m2.5[39m,
  indoorTemp: [33m70[39m,
  heatLossBtu: [33mNaN[39m,
  seer2: [33m15[39m,
  solarExposure: [33m1[39m,
  outdoorTemp: [33m70[39m,
  humidity: [33m50[39m
}
computeHourlyCoolingPerformance received invalid inputs {
  tons: [33m2.5[39m,
  indoorTemp: [33m70[39m,
  heatLossBtu: [33mNaN[39m,
  seer2: [33m15[39m,
  solarExposure: [33m1[39m,
  outdoorTemp: [33m70[39m,
  humidity: [33m50[39m
}
computeHourlyCoolingPerformance received invalid inputs {
  tons: [33m2.5[39m,
  indoorTemp: [33m70[39m,
  heatLossBtu: [33mNaN[39m,
  seer2: [33m15[39m,
  solarExposure: [33m1[39m,
  outdoorTemp: [33m70[39m,
  humidity: [33m50[39m
}
computeHourlyCoolingPerformance received invalid inputs {
  tons: [33m2.5[39m,
  indoorTemp: [33m70[39m,
  heatLossBtu: [33mNaN[39m,
  seer2: [33m15[39m,
  solarExposure: [33m1[39m,
  outdoorTemp: [33m70[39m,
  humidity: [33m50[39m
}
computeHourlyCoolingPerformance received invalid inputs {
  tons: [33m2.5[39m,
  indoorTemp: [33m70[39m,
  heatLossBtu: [33mNaN[39m,
  seer2: [33m15[39m,
  solarExposure: [33m1[39m,
  outdoorTemp: [33m70[39m,
  humidity: [33m50[39m
}
computeHourlyCoolingPerformance received invalid inputs {
  tons: [33m2.5[39m,
  indoorTemp: [33m70[39m,
  heatLossBtu: [33mNaN[39m,
  seer2: [33m15[39m,
  solarExposure: [33m1[39m,
  outdoorTemp: [33m70[39m,
  humidity: [33m50[39m
}
computeHourlyCoolingPerformance received invalid inputs {
  tons: [33m2.5[39m,
  indoorTemp: [33m70[39m,
  heatLossBtu: [33mNaN[39m,
  seer2: [33m15[39m,
  solarExposure: [33m1[39m,
  outdoorTemp: [33m70[39m,
  humidity: [33m50[39m
}
computeHourlyCoolingPerformance received invalid inputs {
  tons: [33m2.5[39m,
  indoorTemp: [33m70[39m,
  heatLossBtu: [33mNaN[39m,
  seer2: [33m15[39m,
  solarExposure: [33m1[39m,
  outdoorTemp: [33m70[39m,
  humidity: [33m50[39m
}
computeHourlyCoolingPerformance received invalid inputs {
  tons: [33m2.5[39m,
  indoorTemp: [33m70[39m,
  heatLossBtu: [33mNaN[39m,
  seer2: [33m15[39m,
  solarExposure: [33m1[39m,
  outdoorTemp: [33m70[39m,
  humidity: [33m50[39m
}
computeHourlyCoolingPerformance received invalid inputs {
  tons: [33m2.5[39m,
  indoorTemp: [33m70[39m,
  heatLossBtu: [33mNaN[39m,
  seer2: [33m15[39m,
  solarExposure: [33m1[39m,
  outdoorTemp: [33m70[39m,
  humidity: [33m50[39m
}
computeHourlyCoolingPerformance received invalid inputs {
  tons: [33m2.5[39m,
  indoorTemp: [33m70[39m,
  heatLossBtu: [33mNaN[39m,
  seer2: [33m15[39m,
  solarExposure: [33m1[39m,
  outdoorTemp: [33m70[39m,
  humidity: [33m50[39m
}
computeHourlyCoolingPerformance received invalid inputs {
  tons: [33m2.5[39m,
  indoorTemp: [33m70[39m,
  heatLossBtu: [33mNaN[39m,
  seer2: [33m15[39m,
  solarExposure: [33m1[39m,
  outdoorTemp: [33m70[39m,
  humidity: [33m50[39m
}
computeHourlyCoolingPerformance received invalid inputs {
  tons: [33m2.5[39m,
  indoorTemp: [33m70[39m,
  heatLossBtu: [33mNaN[39m,
  seer2: [33m15[39m,
  solarExposure: [33m1[39m,
  outdoorTemp: [33m70[39m,
  humidity: [33m50[39m
}
computeHourlyCoolingPerformance received invalid inputs {
  tons: [33m2.5[39m,
  indoorTemp: [33m70[39m,
  heatLossBtu: [33mNaN[39m,
  seer2: [33m15[39m,
  solarExposure: [33m1[39m,
  outdoorTemp: [33m70[39m,
  humidity: [33m50[39m
}
computeHourlyCoolingPerformance received invalid inputs {
  tons: [33m2.5[39m,
  indoorTemp: [33m70[39m,
  heatLossBtu: [33mNaN[39m,
  seer2: [33m15[39m,
  solarExposure: [33m1[39m,
  outdoorTemp: [33m70[39m,
  humidity: [33m50[39m
}
computeHourlyCoolingPerformance received invalid inputs {
  tons: [33m2.5[39m,
  indoorTemp: [33m70[39m,
  heatLossBtu: [33mNaN[39m,
  seer2: [33m15[39m,
  solarExposure: [33m1[39m,
  outdoorTemp: [33m70[39m,
  humidity: [33m50[39m
}
computeHourlyCoolingPerformance received invalid inputs {
  tons: [33m2.5[39m,
  indoorTemp: [33m70[39m,
  heatLossBtu: [33mNaN[39m,
  seer2: [33m15[39m,
  solarExposure: [33m1[39m,
  outdoorTemp: [33m70[39m,
  humidity: [33m50[39m
}
computeHourlyCoolingPerformance received invalid inputs {
  tons: [33m2.5[39m,
  indoorTemp: [33m70[39m,
  heatLossBtu: [33mNaN[39m,
  seer2: [33m15[39m,
  solarExposure: [33m1[39m,
  outdoorTemp: [33m70[39m,
  humidity: [33m50[39m
}
computeHourlyCoolingPerformance received invalid inputs {
  tons: [33m2.5[39m,
  indoorTemp: [33m70[39m,
  heatLossBtu: [33mNaN[39m,
  seer2: [33m15[39m,
  solarExposure: [33m1[39m,
  outdoorTemp: [33m70[39m,
  humidity: [33m50[39m
}
computeHourlyCoolingPerformance received invalid inputs {
  tons: [33m2.5[39m,
  indoorTemp: [33m70[39m,
  heatLossBtu: [33mNaN[39m,
  seer2: [33m15[39m,
  solarExposure: [33m1[39m,
  outdoorTemp: [33m70[39m,
  humidity: [33m50[39m
}
computeHourlyCoolingPerformance received invalid inputs {
  tons: [33m2.5[39m,
  indoorTemp: [33m70[39m,
  heatLossBtu: [33mNaN[39m,
  seer2: [33m15[39m,
  solarExposure: [33m1[39m,
  outdoorTemp: [33m70[39m,
  humidity: [33m50[39m
}
computeHourlyCoolingPerformance received invalid inputs {
  tons: [33m2.5[39m,
  indoorTemp: [33m70[39m,
  heatLossBtu: [33mNaN[39m,
  seer2: [33m15[39m,
  solarExposure: [33m1[39m,
  outdoorTemp: [33m70[39m,
  humidity: [33m50[39m
}
computeHourlyCoolingPerformance received invalid inputs {
  tons: [33m2.5[39m,
  indoorTemp: [33m70[39m,
  heatLossBtu: [33mNaN[39m,
  seer2: [33m15[39m,
  solarExposure: [33m1[39m,
  outdoorTemp: [33m70[39m,
  humidity: [33m50[39m
}
computeHourlyCoolingPerformance received invalid inputs {
  tons: [33m2.5[39m,
  indoorTemp: [33m70[39m,
  heatLossBtu: [33mNaN[39m,
  seer2: [33m15[39m,
  solarExposure: [33m1[39m,
  outdoorTemp: [33m70[39m,
  humidity: [33m50[39m
}
computeHourlyCoolingPerformance received invalid inputs {
  tons: [33m2.5[39m,
  indoorTemp: [33m70[39m,
  heatLossBtu: [33mNaN[39m,
  seer2: [33m15[39m,
  solarExposure: [33m1[39m,
  outdoorTemp: [33m70[39m,
  humidity: [33m50[39m
}
computeHourlyCoolingPerformance received invalid inputs {
  tons: [33m2.5[39m,
  indoorTemp: [33m70[39m,
  heatLossBtu: [33mNaN[39m,
  seer2: [33m15[39m,
  solarExposure: [33m1[39m,
  outdoorTemp: [33m70[39m,
  humidity: [33m50[39m
}
computeHourlyCoolingPerformance received invalid inputs {
  tons: [33m2.5[39m,
  indoorTemp: [33m70[39m,
  heatLossBtu: [33mNaN[39m,
  seer2: [33m15[39m,
  solarExposure: [33m1[39m,
  outdoorTemp: [33m70[39m,
  humidity: [33m50[39m
}
computeHourlyCoolingPerformance received invalid inputs {
  tons: [33m2.5[39m,
  indoorTemp: [33m70[39m,
  heatLossBtu: [33mNaN[39m,
  seer2: [33m15[39m,
  solarExposure: [33m1[39m,
  outdoorTemp: [33m70[39m,
  humidity: [33m50[39m
}
computeHourlyCoolingPerformance received invalid inputs {
  tons: [33m2.5[39m,
  indoorTemp: [33m70[39m,
  heatLossBtu: [33mNaN[39m,
  seer2: [33m15[39m,
  solarExposure: [33m1[39m,
  outdoorTemp: [33m70[39m,
  humidity: [33m50[39m
}
computeHourlyCoolingPerformance received invalid inputs {
  tons: [33m2.5[39m,
  indoorTemp: [33m70[39m,
  heatLossBtu: [33mNaN[39m,
  seer2: [33m15[39m,
  solarExposure: [33m1[39m,
  outdoorTemp: [33m70[39m,
  humidity: [33m50[39m
}
computeHourlyCoolingPerformance received invalid inputs {
  tons: [33m2.5[39m,
  indoorTemp: [33m70[39m,
  heatLossBtu: [33mNaN[39m,
  seer2: [33m15[39m,
  solarExposure: [33m1[39m,
  outdoorTemp: [33m70[39m,
  humidity: [33m50[39m
}
computeHourlyCoolingPerformance received invalid inputs {
  tons: [33m2.5[39m,
  indoorTemp: [33m70[39m,
  heatLossBtu: [33mNaN[39m,
  seer2: [33m15[39m,
  solarExposure: [33m1[39m,
  outdoorTemp: [33m70[39m,
  humidity: [33m50[39m
}
computeHourlyCoolingPerformance received invalid inputs {
  tons: [33m2.5[39m,
  indoorTemp: [33m70[39m,
  heatLossBtu: [33mNaN[39m,
  seer2: [33m15[39m,
  solarExposure: [33m1[39m,
  outdoorTemp: [33m70[39m,
  humidity: [33m50[39m
}
computeHourlyCoolingPerformance received invalid inputs {
  tons: [33m2.5[39m,
  indoorTemp: [33m70[39m,
  heatLossBtu: [33mNaN[39m,
  seer2: [33m15[39m,
  solarExposure: [33m1[39m,
  outdoorTemp: [33m70[39m,
  humidity: [33m50[39m
}
computeHourlyCoolingPerformance received invalid inputs {
  tons: [33m2.5[39m,
  indoorTemp: [33m70[39m,
  heatLossBtu: [33mNaN[39m,
  seer2: [33m15[39m,
  solarExposure: [33m1[39m,
  outdoorTemp: [33m70[39m,
  humidity: [33m50[39m
}
computeHourlyCoolingPerformance received invalid inputs {
  tons: [33m2.5[39m,
  indoorTemp: [33m70[39m,
  heatLossBtu: [33mNaN[39m,
  seer2: [33m15[39m,
  solarExposure: [33m1[39m,
  outdoorTemp: [33m70[39m,
  humidity: [33m50[39m
}
computeHourlyCoolingPerformance received invalid inputs {
  tons: [33m2.5[39m,
  indoorTemp: [33m70[39m,
  heatLossBtu: [33mNaN[39m,
  seer2: [33m15[39m,
  solarExposure: [33m1[39m,
  outdoorTemp: [33m70[39m,
  humidity: [33m50[39m
}
computeHourlyCoolingPerformance received invalid inputs {
  tons: [33m2.5[39m,
  indoorTemp: [33m70[39m,
  heatLossBtu: [33mNaN[39m,
  seer2: [33m15[39m,
  solarExposure: [33m1[39m,
  outdoorTemp: [33m70[39m,
  humidity: [33m50[39m
}
computeHourlyCoolingPerformance received invalid inputs {
  tons: [33m2.5[39m,
  indoorTemp: [33m70[39m,
  heatLossBtu: [33mNaN[39m,
  seer2: [33m15[39m,
  solarExposure: [33m1[39m,
  outdoorTemp: [33m70[39m,
  humidity: [33m50[39m
}
computeHourlyCoolingPerformance received invalid inputs {
  tons: [33m2.5[39m,
  indoorTemp: [33m70[39m,
  heatLossBtu: [33mNaN[39m,
  seer2: [33m15[39m,
  solarExposure: [33m1[39m,
  outdoorTemp: [33m70[39m,
  humidity: [33m50[39m
}
computeHourlyCoolingPerformance received invalid inputs {
  tons: [33m2.5[39m,
  indoorTemp: [33m70[39m,
  heatLossBtu: [33mNaN[39m,
  seer2: [33m15[39m,
  solarExposure: [33m1[39m,
  outdoorTemp: [33m70[39m,
  humidity: [33m50[39m
}
computeHourlyCoolingPerformance received invalid inputs {
  tons: [33m2.5[39m,
  indoorTemp: [33m70[39m,
  heatLossBtu: [33mNaN[39m,
  seer2: [33m15[39m,
  solarExposure: [33m1[39m,
  outdoorTemp: [33m70[39m,
  humidity: [33m50[39m
}
computeHourlyCoolingPerformance received invalid inputs {
  tons: [33m2.5[39m,
  indoorTemp: [33m70[39m,
  heatLossBtu: [33mNaN[39m,
  seer2: [33m15[39m,
  solarExposure: [33m1[39m,
  outdoorTemp: [33m70[39m,
  humidity: [33m50[39m
}
computeHourlyCoolingPerformance received invalid inputs {
  tons: [33m2.5[39m,
  indoorTemp: [33m70[39m,
  heatLossBtu: [33mNaN[39m,
  seer2: [33m15[39m,
  solarExposure: [33m1[39m,
  outdoorTemp: [33m70[39m,
  humidity: [33m50[39m
}
computeHourlyCoolingPerformance received invalid inputs {
  tons: [33m2.5[39m,
  indoorTemp: [33m70[39m,
  heatLossBtu: [33mNaN[39m,
  seer2: [33m15[39m,
  solarExposure: [33m1[39m,
  outdoorTemp: [33m70[39m,
  humidity: [33m50[39m
}
computeHourlyCoolingPerformance received invalid inputs {
  tons: [33m2.5[39m,
  indoorTemp: [33m70[39m,
  heatLossBtu: [33mNaN[39m,
  seer2: [33m15[39m,
  solarExposure: [33m1[39m,
  outdoorTemp: [33m70[39m,
  humidity: [33m50[39m
}
computeHourlyCoolingPerformance received invalid inputs {
  tons: [33m2.5[39m,
  indoorTemp: [33m70[39m,
  heatLossBtu: [33mNaN[39m,
  seer2: [33m15[39m,
  solarExposure: [33m1[39m,
  outdoorTemp: [33m70[39m,
  humidity: [33m50[39m
}
computeHourlyCoolingPerformance received invalid inputs {
  tons: [33m2.5[39m,
  indoorTemp: [33m70[39m,
  heatLossBtu: [33mNaN[39m,
  seer2: [33m15[39m,
  solarExposure: [33m1[39m,
  outdoorTemp: [33m70[39m,
  humidity: [33m50[39m
}
computeHourlyCoolingPerformance received invalid inputs {
  tons: [33m2.5[39m,
  indoorTemp: [33m70[39m,
  heatLossBtu: [33mNaN[39m,
  seer2: [33m15[39m,
  solarExposure: [33m1[39m,
  outdoorTemp: [33m70[39m,
  humidity: [33m50[39m
}
computeHourlyCoolingPerformance received invalid inputs {
  tons: [33m2.5[39m,
  indoorTemp: [33m70[39m,
  heatLossBtu: [33mNaN[39m,
  seer2: [33m15[39m,
  solarExposure: [33m1[39m,
  outdoorTemp: [33m70[39m,
  humidity: [33m50[39m
}
computeHourlyCoolingPerformance received invalid inputs {
  tons: [33m2.5[39m,
  indoorTemp: [33m70[39m,
  heatLossBtu: [33mNaN[39m,
  seer2: [33m15[39m,
  solarExposure: [33m1[39m,
  outdoorTemp: [33m70[39m,
  humidity: [33m50[39m
}
computeHourlyCoolingPerformance received invalid inputs {
  tons: [33m2.5[39m,
  indoorTemp: [33m70[39m,
  heatLossBtu: [33mNaN[39m,
  seer2: [33m15[39m,
  solarExposure: [33m1[39m,
  outdoorTemp: [33m70[39m,
  humidity: [33m50[39m
}
computeHourlyCoolingPerformance received invalid inputs {
  tons: [33m2.5[39m,
  indoorTemp: [33m70[39m,
  heatLossBtu: [33mNaN[39m,
  seer2: [33m15[39m,
  solarExposure: [33m1[39m,
  outdoorTemp: [33m70[39m,
  humidity: [33m50[39m
}
computeHourlyCoolingPerformance received invalid inputs {
  tons: [33m2.5[39m,
  indoorTemp: [33m70[39m,
  heatLossBtu: [33mNaN[39m,
  seer2: [33m15[39m,
  solarExposure: [33m1[39m,
  outdoorTemp: [33m70[39m,
  humidity: [33m50[39m
}
computeHourlyCoolingPerformance received invalid inputs {
  tons: [33m2.5[39m,
  indoorTemp: [33m70[39m,
  heatLossBtu: [33mNaN[39m,
  seer2: [33m15[39m,
  solarExposure: [33m1[39m,
  outdoorTemp: [33m70[39m,
  humidity: [33m50[39m
}
computeHourlyCoolingPerformance received invalid inputs {
  tons: [33m2.5[39m,
  indoorTemp: [33m70[39m,
  heatLossBtu: [33mNaN[39m,
  seer2: [33m15[39m,
  solarExposure: [33m1[39m,
  outdoorTemp: [33m70[39m,
  humidity: [33m50[39m
}
computeHourlyCoolingPerformance received invalid inputs {
  tons: [33m2.5[39m,
  indoorTemp: [33m70[39m,
  heatLossBtu: [33mNaN[39m,
  seer2: [33m15[39m,
  solarExposure: [33m1[39m,
  outdoorTemp: [33m70[39m,
  humidity: [33m50[39m
}
computeHourlyCoolingPerformance received invalid inputs {
  tons: [33m2.5[39m,
  indoorTemp: [33m70[39m,
  heatLossBtu: [33mNaN[39m,
  seer2: [33m15[39m,
  solarExposure: [33m1[39m,
  outdoorTemp: [33m70[39m,
  humidity: [33m50[39m
}
computeHourlyCoolingPerformance received invalid inputs {
  tons: [33m2.5[39m,
  indoorTemp: [33m70[39m,
  heatLossBtu: [33mNaN[39m,
  seer2: [33m15[39m,
  solarExposure: [33m1[39m,
  outdoorTemp: [33m70[39m,
  humidity: [33m50[39m
}
computeHourlyCoolingPerformance received invalid inputs {
  tons: [33m2.5[39m,
  indoorTemp: [33m70[39m,
  heatLossBtu: [33mNaN[39m,
  seer2: [33m15[39m,
  solarExposure: [33m1[39m,
  outdoorTemp: [33m70[39m,
  humidity: [33m50[39m
}
computeHourlyCoolingPerformance received invalid inputs {
  tons: [33m2.5[39m,
  indoorTemp: [33m70[39m,
  heatLossBtu: [33mNaN[39m,
  seer2: [33m15[39m,
  solarExposure: [33m1[39m,
  outdoorTemp: [33m70[39m,
  humidity: [33m50[39m
}
computeHourlyCoolingPerformance received invalid inputs {
  tons: [33m2.5[39m,
  indoorTemp: [33m70[39m,
  heatLossBtu: [33mNaN[39m,
  seer2: [33m15[39m,
  solarExposure: [33m1[39m,
  outdoorTemp: [33m70[39m,
  humidity: [33m50[39m
}
computeHourlyCoolingPerformance received invalid inputs {
  tons: [33m2.5[39m,
  indoorTemp: [33m70[39m,
  heatLossBtu: [33mNaN[39m,
  seer2: [33m15[39m,
  solarExposure: [33m1[39m,
  outdoorTemp: [33m70[39m,
  humidity: [33m50[39m
}
computeHourlyCoolingPerformance received invalid inputs {
  tons: [33m2.5[39m,
  indoorTemp: [33m70[39m,
  heatLossBtu: [33mNaN[39m,
  seer2: [33m15[39m,
  solarExposure: [33m1[39m,
  outdoorTemp: [33m70[39m,
  humidity: [33m50[39m
}
computeHourlyCoolingPerformance received invalid inputs {
  tons: [33m2.5[39m,
  indoorTemp: [33m70[39m,
  heatLossBtu: [33mNaN[39m,
  seer2: [33m15[39m,
  solarExposure: [33m1[39m,
  outdoorTemp: [33m70[39m,
  humidity: [33m50[39m
}
computeHourlyCoolingPerformance received invalid inputs {
  tons: [33m2.5[39m,
  indoorTemp: [33m70[39m,
  heatLossBtu: [33mNaN[39m,
  seer2: [33m15[39m,
  solarExposure: [33m1[39m,
  outdoorTemp: [33m70[39m,
  humidity: [33m50[39m
}
computeHourlyCoolingPerformance received invalid inputs {
  tons: [33m2.5[39m,
  indoorTemp: [33m70[39m,
  heatLossBtu: [33mNaN[39m,
  seer2: [33m15[39m,
  solarExposure: [33m1[39m,
  outdoorTemp: [33m70[39m,
  humidity: [33m50[39m
}
computeHourlyCoolingPerformance received invalid inputs {
  tons: [33m2.5[39m,
  indoorTemp: [33m70[39m,
  heatLossBtu: [33mNaN[39m,
  seer2: [33m15[39m,
  solarExposure: [33m1[39m,
  outdoorTemp: [33m70[39m,
  humidity: [33m50[39m
}
computeHourlyCoolingPerformance received invalid inputs {
  tons: [33m2.5[39m,
  indoorTemp: [33m70[39m,
  heatLossBtu: [33mNaN[39m,
  seer2: [33m15[39m,
  solarExposure: [33m1[39m,
  outdoorTemp: [33m70[39m,
  humidity: [33m50[39m
}
computeHourlyCoolingPerformance received invalid inputs {
  tons: [33m2.5[39m,
  indoorTemp: [33m70[39m,
  heatLossBtu: [33mNaN[39m,
  seer2: [33m15[39m,
  solarExposure: [33m1[39m,
  outdoorTemp: [33m70[39m,
  humidity: [33m50[39m
}
computeHourlyCoolingPerformance received invalid inputs {
  tons: [33m2.5[39m,
  indoorTemp: [33m70[39m,
  heatLossBtu: [33mNaN[39m,
  seer2: [33m15[39m,
  solarExposure: [33m1[39m,
  outdoorTemp: [33m70[39m,
  humidity: [33m50[39m
}
computeHourlyCoolingPerformance received invalid inputs {
  tons: [33m2.5[39m,
  indoorTemp: [33m70[39m,
  heatLossBtu: [33mNaN[39m,
  seer2: [33m15[39m,
  solarExposure: [33m1[39m,
  outdoorTemp: [33m70[39m,
  humidity: [33m50[39m
}
computeHourlyCoolingPerformance received invalid inputs {
  tons: [33m2.5[39m,
  indoorTemp: [33m70[39m,
  heatLossBtu: [33mNaN[39m,
  seer2: [33m15[39m,
  solarExposure: [33m1[39m,
  outdoorTemp: [33m70[39m,
  humidity: [33m50[39m
}
computeHourlyCoolingPerformance received invalid inputs {
  tons: [33m2.5[39m,
  indoorTemp: [33m70[39m,
  heatLossBtu: [33mNaN[39m,
  seer2: [33m15[39m,
  solarExposure: [33m1[39m,
  outdoorTemp: [33m70[39m,
  humidity: [33m50[39m
}
computeHourlyCoolingPerformance received invalid inputs {
  tons: [33m2.5[39m,
  indoorTemp: [33m70[39m,
  heatLossBtu: [33mNaN[39m,
  seer2: [33m15[39m,
  solarExposure: [33m1[39m,
  outdoorTemp: [33m70[39m,
  humidity: [33m50[39m
}
computeHourlyCoolingPerformance received invalid inputs {
  tons: [33m2.5[39m,
  indoorTemp: [33m70[39m,
  heatLossBtu: [33mNaN[39m,
  seer2: [33m15[39m,
  solarExposure: [33m1[39m,
  outdoorTemp: [33m70[39m,
  humidity: [33m50[39m
}
computeHourlyCoolingPerformance received invalid inputs {
  tons: [33m2.5[39m,
  indoorTemp: [33m70[39m,
  heatLossBtu: [33mNaN[39m,
  seer2: [33m15[39m,
  solarExposure: [33m1[39m,
  outdoorTemp: [33m70[39m,
  humidity: [33m50[39m
}
computeHourlyCoolingPerformance received invalid inputs {
  tons: [33m2.5[39m,
  indoorTemp: [33m70[39m,
  heatLossBtu: [33mNaN[39m,
  seer2: [33m15[39m,
  solarExposure: [33m1[39m,
  outdoorTemp: [33m70[39m,
  humidity: [33m50[39m
}
computeHourlyCoolingPerformance received invalid inputs {
  tons: [33m2.5[39m,
  indoorTemp: [33m70[39m,
  heatLossBtu: [33mNaN[39m,
  seer2: [33m15[39m,
  solarExposure: [33m1[39m,
  outdoorTemp: [33m70[39m,
  humidity: [33m50[39m
}
computeHourlyCoolingPerformance received invalid inputs {
  tons: [33m2.5[39m,
  indoorTemp: [33m70[39m,
  heatLossBtu: [33mNaN[39m,
  seer2: [33m15[39m,
  solarExposure: [33m1[39m,
  outdoorTemp: [33m70[39m,
  humidity: [33m50[39m
}
computeHourlyCoolingPerformance received invalid inputs {
  tons: [33m2.5[39m,
  indoorTemp: [33m70[39m,
  heatLossBtu: [33mNaN[39m,
  seer2: [33m15[39m,
  solarExposure: [33m1[39m,
  outdoorTemp: [33m70[39m,
  humidity: [33m50[39m
}
computeHourlyCoolingPerformance received invalid inputs {
  tons: [33m2.5[39m,
  indoorTemp: [33m70[39m,
  heatLossBtu: [33mNaN[39m,
  seer2: [33m15[39m,
  solarExposure: [33m1[39m,
  outdoorTemp: [33m70[39m,
  humidity: [33m50[39m
}
computeHourlyCoolingPerformance received invalid inputs {
  tons: [33m2.5[39m,
  indoorTemp: [33m70[39m,
  heatLossBtu: [33mNaN[39m,
  seer2: [33m15[39m,
  solarExposure: [33m1[39m,
  outdoorTemp: [33m70[39m,
  humidity: [33m50[39m
}
computeHourlyCoolingPerformance received invalid inputs {
  tons: [33m2.5[39m,
  indoorTemp: [33m70[39m,
  heatLossBtu: [33mNaN[39m,
  seer2: [33m15[39m,
  solarExposure: [33m1[39m,
  outdoorTemp: [33m70[39m,
  humidity: [33m50[39m
}
computeHourlyCoolingPerformance received invalid inputs {
  tons: [33m2.5[39m,
  indoorTemp: [33m70[39m,
  heatLossBtu: [33mNaN[39m,
  seer2: [33m15[39m,
  solarExposure: [33m1[39m,
  outdoorTemp: [33m70[39m,
  humidity: [33m50[39m
}
computeHourlyCoolingPerformance received invalid inputs {
  tons: [33m2.5[39m,
  indoorTemp: [33m70[39m,
  heatLossBtu: [33mNaN[39m,
  seer2: [33m15[39m,
  solarExposure: [33m1[39m,
  outdoorTemp: [33m70[39m,
  humidity: [33m50[39m
}
computeHourlyCoolingPerformance received invalid inputs {
  tons: [33m2.5[39m,
  indoorTemp: [33m70[39m,
  heatLossBtu: [33mNaN[39m,
  seer2: [33m15[39m,
  solarExposure: [33m1[39m,
  outdoorTemp: [33m70[39m,
  humidity: [33m50[39m
}
computeHourlyCoolingPerformance received invalid inputs {
  tons: [33m2.5[39m,
  indoorTemp: [33m70[39m,
  heatLossBtu: [33mNaN[39m,
  seer2: [33m15[39m,
  solarExposure: [33m1[39m,
  outdoorTemp: [33m70[39m,
  humidity: [33m50[39m
}
computeHourlyCoolingPerformance received invalid inputs {
  tons: [33m2.5[39m,
  indoorTemp: [33m70[39m,
  heatLossBtu: [33mNaN[39m,
  seer2: [33m15[39m,
  solarExposure: [33m1[39m,
  outdoorTemp: [33m70[39m,
  humidity: [33m50[39m
}
computeHourlyCoolingPerformance received invalid inputs {
  tons: [33m2.5[39m,
  indoorTemp: [33m70[39m,
  heatLossBtu: [33mNaN[39m,
  seer2: [33m15[39m,
  solarExposure: [33m1[39m,
  outdoorTemp: [33m70[39m,
  humidity: [33m50[39m
}
computeHourlyCoolingPerformance received invalid inputs {
  tons: [33m2.5[39m,
  indoorTemp: [33m70[39m,
  heatLossBtu: [33mNaN[39m,
  seer2: [33m15[39m,
  solarExposure: [33m1[39m,
  outdoorTemp: [33m70[39m,
  humidity: [33m50[39m
}
computeHourlyCoolingPerformance received invalid inputs {
  tons: [33m2.5[39m,
  indoorTemp: [33m70[39m,
  heatLossBtu: [33mNaN[39m,
  seer2: [33m15[39m,
  solarExposure: [33m1[39m,
  outdoorTemp: [33m70[39m,
  humidity: [33m50[39m
}
computeHourlyCoolingPerformance received invalid inputs {
  tons: [33m2.5[39m,
  indoorTemp: [33m70[39m,
  heatLossBtu: [33mNaN[39m,
  seer2: [33m15[39m,
  solarExposure: [33m1[39m,
  outdoorTemp: [33m70[39m,
  humidity: [33m50[39m
}
computeHourlyCoolingPerformance received invalid inputs {
  tons: [33m2.5[39m,
  indoorTemp: [33m70[39m,
  heatLossBtu: [33mNaN[39m,
  seer2: [33m15[39m,
  solarExposure: [33m1[39m,
  outdoorTemp: [33m70[39m,
  humidity: [33m50[39m
}
computeHourlyCoolingPerformance received invalid inputs {
  tons: [33m2.5[39m,
  indoorTemp: [33m70[39m,
  heatLossBtu: [33mNaN[39m,
  seer2: [33m15[39m,
  solarExposure: [33m1[39m,
  outdoorTemp: [33m70[39m,
  humidity: [33m50[39m
}
computeHourlyCoolingPerformance received invalid inputs {
  tons: [33m2.5[39m,
  indoorTemp: [33m70[39m,
  heatLossBtu: [33mNaN[39m,
  seer2: [33m15[39m,
  solarExposure: [33m1[39m,
  outdoorTemp: [33m70[39m,
  humidity: [33m50[39m
}
computeHourlyCoolingPerformance received invalid inputs {
  tons: [33m2.5[39m,
  indoorTemp: [33m70[39m,
  heatLossBtu: [33mNaN[39m,
  seer2: [33m15[39m,
  solarExposure: [33m1[39m,
  outdoorTemp: [33m70[39m,
  humidity: [33m50[39m
}
computeHourlyCoolingPerformance received invalid inputs {
  tons: [33m2.5[39m,
  indoorTemp: [33m70[39m,
  heatLossBtu: [33mNaN[39m,
  seer2: [33m15[39m,
  solarExposure: [33m1[39m,
  outdoorTemp: [33m70[39m,
  humidity: [33m50[39m
}
computeHourlyCoolingPerformance received invalid inputs {
  tons: [33m2.5[39m,
  indoorTemp: [33m70[39m,
  heatLossBtu: [33mNaN[39m,
  seer2: [33m15[39m,
  solarExposure: [33m1[39m,
  outdoorTemp: [33m70[39m,
  humidity: [33m50[39m
}
computeHourlyCoolingPerformance received invalid inputs {
  tons: [33m2.5[39m,
  indoorTemp: [33m70[39m,
  heatLossBtu: [33mNaN[39m,
  seer2: [33m15[39m,
  solarExposure: [33m1[39m,
  outdoorTemp: [33m70[39m,
  humidity: [33m50[39m
}
computeHourlyCoolingPerformance received invalid inputs {
  tons: [33m2.5[39m,
  indoorTemp: [33m70[39m,
  heatLossBtu: [33mNaN[39m,
  seer2: [33m15[39m,
  solarExposure: [33m1[39m,
  outdoorTemp: [33m70[39m,
  humidity: [33m50[39m
}
computeHourlyCoolingPerformance received invalid inputs {
  tons: [33m2.5[39m,
  indoorTemp: [33m70[39m,
  heatLossBtu: [33mNaN[39m,
  seer2: [33m15[39m,
  solarExposure: [33m1[39m,
  outdoorTemp: [33m70[39m,
  humidity: [33m50[39m
}
 [32mΓ£ô[39m src/lib/__tests__/fullPrecisionEstimate.test.js[2m > [22mreturns near-zero energy and cost when indoor equals outdoor for all hours[32m 82[2mms[22m[39m
computeHourlyCoolingPerformance received invalid inputs {
  tons: [33m2.5[39m,
  indoorTemp: [33m70[39m,
  heatLossBtu: [33mNaN[39m,
  seer2: [33m15[39m,
  solarExposure: [33m1[39m,
  outdoorTemp: [33m70[39m,
  humidity: [33m50[39m
}
computeHourlyCoolingPerformance received invalid inputs {
  tons: [33m2.5[39m,
  indoorTemp: [33m70[39m,
  heatLossBtu: [33mNaN[39m,
  seer2: [33m15[39m,
  solarExposure: [33m1[39m,
  outdoorTemp: [33m70[39m,
  humidity: [33m50[39m
}
computeHourlyCoolingPerformance received invalid inputs {
  tons: [33m2.5[39m,
  indoorTemp: [33m70[39m,
  heatLossBtu: [33mNaN[39m,
  seer2: [33m15[39m,
  solarExposure: [33m1[39m,
  outdoorTemp: [33m70[39m,
  humidity: [33m50[39m
}
computeHourlyCoolingPerformance received invalid inputs {
  tons: [33m2.5[39m,
  indoorTemp: [33m70[39m,
  heatLossBtu: [33mNaN[39m,
  seer2: [33m15[39m,
  solarExposure: [33m1[39m,
  outdoorTemp: [33m70[39m,
  humidity: [33m50[39m
}
computeHourlyCoolingPerformance received invalid inputs {
  tons: [33m2.5[39m,
  indoorTemp: [33m70[39m,
  heatLossBtu: [33mNaN[39m,
  seer2: [33m15[39m,
  solarExposure: [33m1[39m,
  outdoorTemp: [33m70[39m,
  humidity: [33m50[39m
}
computeHourlyCoolingPerformance received invalid inputs {
  tons: [33m2.5[39m,
  indoorTemp: [33m70[39m,
  heatLossBtu: [33mNaN[39m,
  seer2: [33m15[39m,
  solarExposure: [33m1[39m,
  outdoorTemp: [33m70[39m,
  humidity: [33m50[39m
}
computeHourlyCoolingPerformance received invalid inputs {
  tons: [33m2.5[39m,
  indoorTemp: [33m70[39m,
  heatLossBtu: [33mNaN[39m,
  seer2: [33m15[39m,
  solarExposure: [33m1[39m,
  outdoorTemp: [33m70[39m,
  humidity: [33m50[39m
}
computeHourlyCoolingPerformance received invalid inputs {
  tons: [33m2.5[39m,
  indoorTemp: [33m70[39m,
  heatLossBtu: [33mNaN[39m,
  seer2: [33m15[39m,
  solarExposure: [33m1[39m,
  outdoorTemp: [33m70[39m,
  humidity: [33m50[39m
}
computeHourlyCoolingPerformance received invalid inputs {
  tons: [33m2.5[39m,
  indoorTemp: [33m70[39m,
  heatLossBtu: [33mNaN[39m,
  seer2: [33m15[39m,
  solarExposure: [33m1[39m,
  outdoorTemp: [33m70[39m,
  humidity: [33m50[39m
}
computeHourlyCoolingPerformance received invalid inputs {
  tons: [33m2.5[39m,
  indoorTemp: [33m70[39m,
  heatLossBtu: [33mNaN[39m,
  seer2: [33m15[39m,
  solarExposure: [33m1[39m,
  outdoorTemp: [33m70[39m,
  humidity: [33m50[39m
}
computeHourlyCoolingPerformance received invalid inputs {
  tons: [33m2.5[39m,
  indoorTemp: [33m70[39m,
  heatLossBtu: [33mNaN[39m,
  seer2: [33m15[39m,
  solarExposure: [33m1[39m,
  outdoorTemp: [33m70[39m,
  humidity: [33m50[39m
}
computeHourlyCoolingPerformance received invalid inputs {
  tons: [33m2.5[39m,
  indoorTemp: [33m70[39m,
  heatLossBtu: [33mNaN[39m,
  seer2: [33m15[39m,
  solarExposure: [33m1[39m,
  outdoorTemp: [33m70[39m,
  humidity: [33m50[39m
}
computeHourlyCoolingPerformance received invalid inputs {
  tons: [33m2.5[39m,
  indoorTemp: [33m70[39m,
  heatLossBtu: [33mNaN[39m,
  seer2: [33m15[39m,
  solarExposure: [33m1[39m,
  outdoorTemp: [33m70[39m,
  humidity: [33m50[39m
}
computeHourlyCoolingPerformance received invalid inputs {
  tons: [33m2.5[39m,
  indoorTemp: [33m70[39m,
  heatLossBtu: [33mNaN[39m,
  seer2: [33m15[39m,
  solarExposure: [33m1[39m,
  outdoorTemp: [33m70[39m,
  humidity: [33m50[39m
}
computeHourlyCoolingPerformance received invalid inputs {
  tons: [33m2.5[39m,
  indoorTemp: [33m70[39m,
  heatLossBtu: [33mNaN[39m,
  seer2: [33m15[39m,
  solarExposure: [33m1[39m,
  outdoorTemp: [33m70[39m,
  humidity: [33m50[39m
}
computeHourlyCoolingPerformance received invalid inputs {
  tons: [33m2.5[39m,
  indoorTemp: [33m70[39m,
  heatLossBtu: [33mNaN[39m,
  seer2: [33m15[39m,
  solarExposure: [33m1[39m,
  outdoorTemp: [33m70[39m,
  humidity: [33m50[39m
}
computeHourlyCoolingPerformance received invalid inputs {
  tons: [33m2.5[39m,
  indoorTemp: [33m70[39m,
  heatLossBtu: [33mNaN[39m,
  seer2: [33m15[39m,
  solarExposure: [33m1[39m,
  outdoorTemp: [33m70[39m,
  humidity: [33m50[39m
}
computeHourlyCoolingPerformance received invalid inputs {
  tons: [33m2.5[39m,
  indoorTemp: [33m70[39m,
  heatLossBtu: [33mNaN[39m,
  seer2: [33m15[39m,
  solarExposure: [33m1[39m,
  outdoorTemp: [33m70[39m,
  humidity: [33m50[39m
}

 [32mΓ£ô[39m src/lib/computeWeeklyMetrics.test.js[2m > [22mcomputeWeeklyMetrics[2m > [22mcalculates minIndoorTemp as setpoint when aux runs[32m 50[2mms[22m[39m
 [32mΓ£ô[39m src/lib/computeWeeklyMetrics.test.js[2m > [22mcomputeWeeklyMetrics[2m > [22mcalculates minIndoorTemp lower when aux does not run[32m 1[2mms[22m[39m
 [32mΓ£ô[39m src/components/__tests__/AskJoule.enhanced.test.js[2m > [22mEnhanced AskJoule - Context-Aware Commands[2m > [22mQuick Actions[2m > [22mparses set winter thermostat command[32m 4[2mms[22m[39m
 [32mΓ£ô[39m src/components/__tests__/AskJoule.enhanced.test.js[2m > [22mEnhanced AskJoule - Context-Aware Commands[2m > [22mQuick Actions[2m > [22mparses set summer thermostat command[32m 1[2mms[22m[39m
 [32mΓ£ô[39m src/components/__tests__/AskJoule.enhanced.test.js[2m > [22mEnhanced AskJoule - Context-Aware Commands[2m > [22mQuick Actions[2m > [22mparses show me location command[32m 1[2mms[22m[39m
 [32mΓ£ô[39m src/components/__tests__/AskJoule.enhanced.test.js[2m > [22mEnhanced AskJoule - Context-Aware Commands[2m > [22mQuick Actions[2m > [22mparses comparison command[32m 1[2mms[22m[39m
 [32mΓ£ô[39m src/components/__tests__/AskJoule.enhanced.test.js[2m > [22mEnhanced AskJoule - Context-Aware Commands[2m > [22mQuick Actions[2m > [22mparses run analyzer command[32m 1[2mms[22m[39m
 [32mΓ£ô[39m src/components/__tests__/AskJoule.enhanced.test.js[2m > [22mEnhanced AskJoule - Context-Aware Commands[2m > [22mQuick Actions[2m > [22mparses upgrade/ROI command[32m 1[2mms[22m[39m
 [32mΓ£ô[39m src/components/__tests__/AskJoule.enhanced.test.js[2m > [22mEnhanced AskJoule - Context-Aware Commands[2m > [22mInfo Queries[2m > [22mparses what can I save query[32m 1[2mms[22m[39m
 [32mΓ£ô[39m src/components/__tests__/AskJoule.enhanced.test.js[2m > [22mEnhanced AskJoule - Context-Aware Commands[2m > [22mInfo Queries[2m > [22mparses my score query[32m 1[2mms[22m[39m
 [32mΓ£ô[39m src/components/__tests__/AskJoule.enhanced.test.js[2m > [22mEnhanced AskJoule - Context-Aware Commands[2m > [22mInfo Queries[2m > [22mparses system status query[32m 1[2mms[22m[39m
 [32mΓ£ô[39m src/components/__tests__/AskJoule.enhanced.test.js[2m > [22mEnhanced AskJoule - Context-Aware Commands[2m > [22mWhat-If Scenarios[2m > [22mparses what if HSPF scenario[32m 1[2mms[22m[39m
 [32mΓ£ô[39m src/components/__tests__/AskJoule.enhanced.test.js[2m > [22mEnhanced AskJoule - Context-Aware Commands[2m > [22mWhat-If Scenarios[2m > [22mparses what if SEER scenario[32m 0[2mms[22m[39m
 [32mΓ£ô[39m src/components/__tests__/AskJoule.enhanced.test.js[2m > [22mEnhanced AskJoule - Context-Aware Commands[2m > [22mWhat-If Scenarios[2m > [22mparses break-even calculation[32m 0[2mms[22m[39m
 [32mΓ£ô[39m src/components/__tests__/AskJoule.enhanced.test.js[2m > [22mEnhanced AskJoule - Context-Aware Commands[2m > [22mWhat-If Scenarios[2m > [22mparses payback period with comma[32m 0[2mms[22m[39m
 [32mΓ£ô[39m src/components/__tests__/AskJoule.enhanced.test.js[2m > [22mEnhanced AskJoule - Context-Aware Commands[2m > [22mEducational Queries[2m > [22mparses explain HSPF[32m 1[2mms[22m[39m
 [32mΓ£ô[39m src/components/__tests__/AskJoule.enhanced.test.js[2m > [22mEnhanced AskJoule - Context-Aware Commands[2m > [22mEducational Queries[2m > [22mparses what is SEER[32m 0[2mms[22m[39m
 [32mΓ£ô[39m src/components/__tests__/AskJoule.enhanced.test.js[2m > [22mEnhanced AskJoule - Context-Aware Commands[2m > [22mEducational Queries[2m > [22mparses tell me about aux heat[32m 0[2mms[22m[39m
 [32mΓ£ô[39m src/components/__tests__/AskJoule.enhanced.test.js[2m > [22mEnhanced AskJoule - Context-Aware Commands[2m > [22mEducational Queries[2m > [22mparses why is my bill high[32m 0[2mms[22m[39m
 [32mΓ£ô[39m src/components/__tests__/AskJoule.enhanced.test.js[2m > [22mEnhanced AskJoule - Context-Aware Commands[2m > [22mEducational Queries[2m > [22mparses what's normal for city[32m 1[2mms[22m[39m
 [32mΓ£ô[39m src/components/__tests__/AskJoule.enhanced.test.js[2m > [22mEnhanced AskJoule - Context-Aware Commands[2m > [22mConversational Memory[2m > [22mremembers previous location in multi-turn[32m 3[2mms[22m[39m
 [32mΓ£ô[39m src/components/__tests__/AskJoule.enhanced.test.js[2m > [22mEnhanced AskJoule - Context-Aware Commands[2m > [22mConversational Memory[2m > [22moverrides remembered location with new one[32m 2[2mms[22m[39m
 [32mΓ£ô[39m src/components/__tests__/AskJoule.enhanced.test.js[2m > [22mEnhanced AskJoule - Context-Aware Commands[2m > [22mOriginal Parsing (Backwards Compatibility)[2m > [22mstill parses traditional queries[32m 0[2mms[22m[39m
 [32mΓ£ô[39m src/components/__tests__/AskJoule.enhanced.test.js[2m > [22mEnhanced AskJoule - Context-Aware Commands[2m > [22mOriginal Parsing (Backwards Compatibility)[2m > [22mparses system type[32m 0[2mms[22m[39m
 [32mΓ£ô[39m src/components/__tests__/AskJoule.enhanced.test.js[2m > [22mEnhanced AskJoule - Context-Aware Commands[2m > [22mOriginal Parsing (Backwards Compatibility)[2m > [22mparses energy mode[32m 0[2mms[22m[39m
 [32mΓ£ô[39m src/components/__tests__/AskJoule.enhanced.test.js[2m > [22mEnhanced AskJoule - Context-Aware Commands[2m > [22mEdge Cases[2m > [22mreturns empty object for empty query[32m 1[2mms[22m[39m
 [32mΓ£ô[39m src/components/__tests__/AskJoule.enhanced.test.js[2m > [22mEnhanced AskJoule - Context-Aware Commands[2m > [22mEdge Cases[2m > [22mhandles case insensitivity[32m 0[2mms[22m[39m
 [32mΓ£ô[39m src/components/__tests__/AskJoule.enhanced.test.js[2m > [22mEnhanced AskJoule - Context-Aware Commands[2m > [22mEdge Cases[2m > [22mreturns non-command for unrecognized queries[32m 0[2mms[22m[39m
 [32mΓ£ô[39m src/pages/__tests__/ThermostatStrategyAnalyzer.test.jsx[2m > [22mThermostatStrategyAnalyzer[2m > [22mrenders and calculates results[33m 393[2mms[22m[39m
 [32mΓ£ô[39m src/utils/__tests__/recommendations.test.js[2m > [22mrecommendations engine[2m > [22mgenerates recommendations for inefficient system[32m 5[2mms[22m[39m
 [32mΓ£ô[39m src/utils/__tests__/recommendations.test.js[2m > [22mrecommendations engine[2m > [22mincludes HSPF upgrade recommendation for low efficiency[32m 1[2mms[22m[39m
 [32mΓ£ô[39m src/utils/__tests__/recommendations.test.js[2m > [22mrecommendations engine[2m > [22mincludes SEER upgrade recommendation for cooling climate[32m 1[2mms[22m[39m
 [32mΓ£ô[39m src/utils/__tests__/recommendations.test.js[2m > [22mrecommendations engine[2m > [22mrecommends thermostat adjustments when set too high/low[32m 1[2mms[22m[39m
 [32mΓ£ô[39m src/utils/__tests__/recommendations.test.js[2m > [22mrecommendations engine[2m > [22msorts recommendations by priority and impact[32m 1[2mms[22m[39m
 [32mΓ£ô[39m src/utils/__tests__/recommendations.test.js[2m > [22mrecommendations engine[2m > [22mreturns empty array for missing inputs[32m 2[2mms[22m[39m
 [32mΓ£ô[39m src/utils/__tests__/recommendations.test.js[2m > [22mrecommendations engine[2m > [22mgetTopRecommendations limits results correctly[32m 1[2mms[22m[39m
 [32mΓ£ô[39m src/utils/__tests__/recommendations.test.js[2m > [22mrecommendations engine[2m > [22mgetTotalPotentialSavings calculates correctly[32m 1[2mms[22m[39m
 [32mΓ£ô[39m src/utils/__tests__/recommendations.test.js[2m > [22mrecommendations engine[2m > [22mfilterByCategory returns only matching recommendations[32m 1[2mms[22m[39m
 [32mΓ£ô[39m src/utils/__tests__/recommendations.test.js[2m > [22mrecommendations engine[2m > [22mgetRecommendationStats returns summary object[32m 2[2mms[22m[39m
 [32mΓ£ô[39m src/utils/__tests__/recommendations.test.js[2m > [22mrecommendations engine[2m > [22mhandles efficient system with fewer recommendations[32m 0[2mms[22m[39m
 [32mΓ£ô[39m src/utils/__tests__/recommendations.test.js[2m > [22mrecommendations engine[2m > [22mincludes aux heat recommendation for cold climates[32m 3[2mms[22m[39m
 [32mΓ£ô[39m src/utils/__tests__/recommendations.test.js[2m > [22mrecommendations engine[2m > [22meach recommendation has required properties[32m 1[2mms[22m[39m
 [32mΓ£ô[39m src/pages/__tests__/SystemPerformanceAnalyzer.test.jsx[2m > [22maverageHourlyRows helper[2m > [22maverages numeric columns and picks the mode for non-numeric columns per hour[32m 6[2mms[22m[39m
[90mstdout[2m | src/pages/__tests__/Home.test.jsx[2m > [22m[2mHome annual estimate method toggle[2m > [22m[2mrenders Annual Energy Cost Est. card when quick estimate is used
[22m[39mHome: useDetailedAnnualEstimate [90mundefined[39m
Home: full settings snapshot {}

 [32mΓ£ô[39m src/pages/__tests__/SystemPerformanceAnalyzer.test.jsx[2m > [22maverageHourlyRows helper[2m > [22mshows heat loss tooltip content when toggled[33m 422[2mms[22m[39m
[90mstderr[2m | src/pages/__tests__/MonthlyBudgetPlanner.test.jsx[2m > 
[22m[2mMonthlyBudgetPlanner[2m > [22m[2mshows thermostat equivalency in comparison mode
[22m[39mCould not find state code for: CA

[90mstdout[2m | src/pages/__tests__/Home.test.jsx[2m > [22m[2mHome annual estimate method toggle[2m > [22m[2mrenders Annual Energy Cost Est. card when detailed estimate is used
[22m[39mHome: useDetailedAnnualEstimate [90mundefined[39m
Home: full settings snapshot {}

 [32mΓ£ô[39m src/pages/__tests__/Home.test.jsx[2m > [22mHome annual estimate method toggle[2m > [22mrenders Annual Energy Cost Est. card when quick estimate is used[32m 244[2mms[22m[39m
 [32mΓ£ô[39m src/pages/__tests__/MonthlyBudgetPlanner.test.jsx[2m > [22mMonthlyBudgetPlanner[2m > [22mshows aux heat toggle when primary system is heatPump[32m 188[2mms[22m[39m
 [32mΓ£ô[39m src/pages/__tests__/Settings.test.jsx[2m > [22mSettings placeholder[2m > [22mhas a passing placeholder[32m 3[2mms[22m[39m
[90mstdout[2m | src/pages/__tests__/Home.test.jsx[2m > [22m[2mHome annual estimate method toggle[2m > [22m[2madjusts heating and cooling costs when thermostats change (quick method)
[22m[39mHome: useDetailedAnnualEstimate [90mundefined[39m
Home: full settings snapshot {}
Home: useDetailedAnnualEstimate [90mundefined[39m
Home: full settings snapshot {}

 [32mΓ£ô[39m src/pages/__tests__/Home.test.jsx[2m > [22mHome annual estimate method toggle[2m > [22mrenders Annual Energy Cost Est. card when detailed estimate is used[32m 143[2mms[22m[39m
[90mstdout[2m | src/pages/__tests__/Home.test.jsx[2m > [22m[2mHome annual estimate method toggle[2m > [22m[2mreduces cooling cost when summer thermostat is increased (quick method)
[22m[39mHome: useDetailedAnnualEstimate [90mundefined[39m
Home: full settings snapshot {}
Home: useDetailedAnnualEstimate [90mundefined[39m
Home: full settings snapshot {}

 [32mΓ£ô[39m src/pages/__tests__/Home.test.jsx[2m > [22mHome annual estimate method toggle[2m > [22madjusts heating and cooling costs when thermostats change (quick method)[32m 126[2mms[22m[39m
 [32mΓ£ô[39m src/pages/__tests__/Settings.test.jsx[2m > [22mSettings placeholder[2m > [22mrenders useElectricAuxHeat toggle[33m 623[2mms[22m[39m
[90mstderr[2m | src/pages/__tests__/MonthlyBudgetPlanner.test.jsx[2m > 
[22m[2mMonthlyBudgetPlanner[2m > [22m[2mshows thermostat equivalency in comparison mode
[22m[39mCould not find state code for: IL

 [32mΓ£ô[39m src/pages/__tests__/HeatPumpChargingCalc.test.jsx[2m > [22mHeatPumpChargingCalc[2m > [22mBasic Rendering[2m > [22mrenders the calculator title[32m 292[2mms[22m[39m
 [32mΓ£ô[39m src/pages/__tests__/HeatPumpChargingCalc.test.jsx[2m > [22mHeatPumpChargingCalc[2m > [22mBasic Rendering[2m > [22mrenders subcooling method by default[33m 700[2mms[22m[39m
[90mstderr[2m | src/pages/__tests__/MonthlyBudgetPlanner.test.jsx[2m > 
[22m[2mMonthlyBudgetPlanner[2m > [22m[2muses fallback typical estimates when historical data 
fetch fails
[22m[39mError fetching historical data Error: Failed to fetch historical data
    at C:/Users/Thomas/calculators/engineering-tools/src/pages/MonthlyBudgetPlanner.jsx:272:31
An update to MonthlyBudgetPlanner inside a test was not wrapped in act(...).

When testing, code that causes React state updates should be wrapped into act(...):

act(() => {
  /* fire events that update state */
});
/* assert on the output */

This ensures that you're testing the behavior the user would see in the browser. Learn more at 
https://react.dev/link/wrap-tests-with-act
Could not find state code for: CA

[90mstderr[2m | src/pages/__tests__/MonthlyBudgetPlanner.test.jsx[2m > 
[22m[2mMonthlyBudgetPlanner[2m > [22m[2muses fallback typical estimates when historical data 
fetch fails
[22m[39mAn update to MonthlyBudgetPlanner inside a test was not wrapped in act(...).

When testing, code that causes React state updates should be wrapped into act(...):

act(() => {
  /* fire events that update state */
});
/* assert on the output */

This ensures that you're testing the behavior the user would see in the browser. Learn more at 
https://react.dev/link/wrap-tests-with-act
An update to MonthlyBudgetPlanner inside a test was not wrapped in act(...).

When testing, code that causes React state updates should be wrapped into act(...):

act(() => {
  /* fire events that update state */
});
/* assert on the output */

This ensures that you're testing the behavior the user would see in the browser. Learn more at 
https://react.dev/link/wrap-tests-with-act
An update to MonthlyBudgetPlanner inside a test was not wrapped in act(...).

When testing, code that causes React state updates should be wrapped into act(...):

act(() => {
  /* fire events that update state */
});
/* assert on the output */

This ensures that you're testing the behavior the user would see in the browser. Learn more at 
https://react.dev/link/wrap-tests-with-act

 [32mΓ£ô[39m src/pages/__tests__/MonthlyBudgetPlanner.test.jsx[2m > [22mMonthlyBudgetPlanner[2m > [22mshows thermostat equivalency in comparison mode[33m 715[2mms[22m[39m
 [32mΓ£ô[39m src/pages/__tests__/HeatPumpChargingCalc.test.jsx[2m > [22mHeatPumpChargingCalc[2m > [22mBasic Rendering[2m > [22mrenders pressure input controls[32m 104[2mms[22m[39m
 [32mΓ£ô[39m src/pages/__tests__/HeatPumpChargingCalc.test.jsx[2m > [22mHeatPumpChargingCalc[2m > [22mBluetooth Manifold Data Parsing[2m > [22mcorrectly parses float32 pressure data from Fieldpiece SMAN format[32m 1[2mms[22m[39m
 [32mΓ£ô[39m src/pages/__tests__/HeatPumpChargingCalc.test.jsx[2m > [22mHeatPumpChargingCalc[2m > [22mBluetooth Manifold Data Parsing[2m > [22mcorrectly parses int16 pressure data from alternative manifold format[32m 1[2mms[22m[39m
 [32mΓ£ô[39m src/pages/__tests__/HeatPumpChargingCalc.test.jsx[2m > [22mHeatPumpChargingCalc[2m > [22mBluetooth Manifold Data Parsing[2m > [22mcorrectly parses temperature data when available[32m 1[2mms[22m[39m
 [32mΓ£ô[39m src/pages/__tests__/HeatPumpChargingCalc.test.jsx[2m > [22mHeatPumpChargingCalc[2m > [22mBluetooth Environmental Probe Data Parsing[2m > [22mcorrectly converts Celsius to Fahrenheit for temperature readings[32m 1[2mms[22m[39m
 [32mΓ£ô[39m src/pages/__tests__/HeatPumpChargingCalc.test.jsx[2m > [22mHeatPumpChargingCalc[2m > [22mBluetooth Environmental Probe Data Parsing[2m > [22mcorrectly parses humidity percentage[32m 0[2mms[22m[39m
 [32mΓ£ô[39m src/pages/__tests__/MonthlyBudgetPlanner.test.jsx[2m > [22mMonthlyBudgetPlanner[2m > [22muses fallback typical estimates when historical data fetch fails[32m 248[2mms[22m[39m
[90mstderr[2m | src/pages/__tests__/MonthlyBudgetPlanner.test.jsx[2m > 
[22m[2mMonthlyBudgetPlanner[2m > [22m[2muses CDD fallback estimates when historical data fetch 
fails in cooling mode
[22m[39mError fetching historical data Error: Failed to fetch historical data
    at C:/Users/Thomas/calculators/engineering-tools/src/pages/MonthlyBudgetPlanner.jsx:272:31
[90m    at processTicksAndRejections (node:internal/process/task_queues:103:5)[39m

 [32mΓ£ô[39m src/pages/__tests__/MonthlyBudgetPlanner.test.jsx[2m > [22mMonthlyBudgetPlanner[2m > [22mfalls back to state hardcoded rates when EIA API fails[32m 157[2mms[22m[39m
 [32mΓ£ô[39m src/pages/__tests__/MonthlyBudgetPlanner.test.jsx[2m > [22mMonthlyBudgetPlanner[2m > [22muses CDD fallback estimates when historical data fetch fails in cooling mode[32m 135[2mms[22m[39m
[90mstdout[2m | src/pages/__tests__/Home.test.jsx[2m > [22m[2mHome annual estimate method toggle[2m > [22m[2mshows guidance with settings link for thermostat preferences
[22m[39mHome: useDetailedAnnualEstimate [90mundefined[39m
Home: full settings snapshot {}

 [32mΓ£ô[39m src/pages/__tests__/Home.test.jsx[2m > [22mHome annual estimate method toggle[2m > [22mreduces cooling cost when summer thermostat is increased (quick method)[32m 105[2mms[22m[39m
[90mstdout[2m | src/pages/__tests__/Home.test.jsx[2m > [22m[2mHome annual estimate method toggle[2m > [22m[2mdisplays a visual breakdown bar with correct percentage widths for heating/cooling
[22m[39mHome: useDetailedAnnualEstimate [90mundefined[39m
Home: full settings snapshot {}

 [32mΓ£ô[39m src/pages/__tests__/HeatPumpChargingCalc.test.jsx[2m > [22mHeatPumpChargingCalc[2m > [22mBluetooth Connection Flow[2m > [22mshows Connect Manifold button when not connected[32m 298[2mms[22m[39m
[90mstdout[2m | src/pages/__tests__/Home.test.jsx[2m > [22m[2mHome annual estimate method toggle[2m > [22m[2mshows elevation note in the last forecast when homeElevation is set in context
[22m[39mHome: useDetailedAnnualEstimate [90mundefined[39m
Home: full settings snapshot {}

 [32mΓ£ô[39m src/pages/__tests__/Home.test.jsx[2m > [22mHome annual estimate method toggle[2m > [22mshows guidance with settings link for thermostat preferences[33m 884[2mms[22m[39m
 [32mΓ£ô[39m src/pages/__tests__/Home.test.jsx[2m > [22mHome annual estimate method toggle[2m > [22mdisplays a visual breakdown bar with correct percentage widths for heating/cooling[32m 67[2mms[22m[39m
 [32mΓ£ô[39m src/pages/__tests__/Home.test.jsx[2m > [22mHome annual estimate method toggle[2m > [22mshows elevation note in the last forecast when homeElevation is set in context[32m 78[2mms[22m[39m
[90mstderr[2m | src/pages/__tests__/HeatPumpChargingCalc.test.jsx[2m > 
[22m[2mHeatPumpChargingCalc[2m > [22m[2mBluetooth Connection Flow[2m > [22m[2mshows error 
when Web Bluetooth is not supported
[22m[39mManifold BLE connection error: Error: Bluetooth is not supported on this device/browser. 
Web Bluetooth requires Chrome, Edge, or Opera on Android, Windows, macOS, or ChromeOS.
    at connectManifoldGauge 
(C:/Users/Thomas/calculators/engineering-tools/src/pages/HeatPumpChargingCalc.jsx:470:15)
    at executeDispatch [90m(C:\Users\Thomas\calculators\engineering-tools\[39mnode_modules\[4mrea
ct-dom[24m\cjs\react-dom-client.development.js:19116:9[90m)[39m
    at runWithFiberInDEV [90m(C:\Users\Thomas\calculators\engineering-tools\[39mnode_modules\[4mr
eact-dom[24m\cjs\react-dom-client.development.js:874:13[90m)[39m
    at processDispatchQueue [90m(C:\Users\Thomas\calculators\engineering-tools\[39mnode_modules\[
4mreact-dom[24m\cjs\react-dom-client.development.js:19166:19[90m)[39m
    at [90mC:\Users\Thomas\calculators\engineering-tools\[39mnode_modules\[4mreact-dom[24m\cjs\r
eact-dom-client.development.js:19767:9
    at batchedUpdates$1 [90m(C:\Users\Thomas\calculators\engineering-tools\[39mnode_modules\[4mre
act-dom[24m\cjs\react-dom-client.development.js:3255:40[90m)[39m
    at dispatchEventForPluginEventSystem [90m(C:\Users\Thomas\calculators\engineering-tools\[39mno
de_modules\[4mreact-dom[24m\cjs\react-dom-client.development.js:19320:7[90m)[39m
    at dispatchEvent [90m(C:\Users\Thomas\calculators\engineering-tools\[39mnode_modules\[4mreact
-dom[24m\cjs\react-dom-client.development.js:23585:11[90m)[39m
    at dispatchDiscreteEvent [90m(C:\Users\Thomas\calculators\engineering-tools\[39mnode_modules\
[4mreact-dom[24m\cjs\react-dom-client.development.js:23553:11[90m)[39m
    at HTMLDivElement.callTheUserObjectsOperation [90m(C:\Users\Thomas\calculators\engineering-tool
s\[39mnode_modules\[4mjsdom[24m\lib\jsdom\living\generated\EventListener.js:26:30[90m)[39m

 [32mΓ£ô[39m src/pages/__tests__/HeatPumpChargingCalc.test.jsx[2m > [22mHeatPumpChargingCalc[2m > [22mBluetooth Connection Flow[2m > [22mdisables manifold button during scanning[33m 339[2mms[22m[39m
 [32mΓ£ô[39m src/pages/__tests__/HeatPumpChargingCalc.test.jsx[2m > [22mHeatPumpChargingCalc[2m > [22mBluetooth Connection Flow[2m > [22mshows error when Web Bluetooth is not supported[32m 274[2mms[22m[39m
 [32mΓ£ô[39m src/pages/__tests__/HeatPumpChargingCalc.test.jsx[2m > [22mHeatPumpChargingCalc[2m > [22mMethod Switching[2m > [22mswitches from subcooling to superheat method[32m 231[2mms[22m[39m
 [32mΓ£ô[39m src/pages/__tests__/HeatPumpChargingCalc.test.jsx[2m > [22mHeatPumpChargingCalc[2m > [22mMethod Switching[2m > [22mpreserves pressure values when switching methods[33m 496[2mms[22m[39m
 [32mΓ£ô[39m src/pages/__tests__/HeatPumpChargingCalc.test.jsx[2m > [22mHeatPumpChargingCalc[2m > [22mRefrigerant Selection[2m > [22mdisplays R-410A as default refrigerant[32m 71[2mms[22m[39m
 [32mΓ£ô[39m src/pages/__tests__/HeatPumpChargingCalc.test.jsx[2m > [22mHeatPumpChargingCalc[2m > [22mRefrigerant Selection[2m > [22mallows changing refrigerant type[32m 87[2mms[22m[39m
 [32mΓ£ô[39m src/pages/__tests__/HeatPumpChargingCalc.test.jsx[2m > [22mHeatPumpChargingCalc[2m > [22mCalculations[2m > [22mcalculates subcooling correctly[32m 129[2mms[22m[39m
 [32mΓ£ô[39m src/pages/__tests__/HeatPumpChargingCalc.test.jsx[2m > [22mHeatPumpChargingCalc[2m > [22mCalculations[2m > [22mcalculates superheat correctly[33m 365[2mms[22m[39m
[90mstdout[2m | src/pages/__tests__/SevenDayCostForecaster.test.jsx[2m > [22m[2mSevenDayCostForecaster[2m > [22m[2mrenders onboarding for first-time users
[22m[39mmanualDayMetrics perf: {
  perf: {
    electricalKw: [33m2.1988636363636367[39m,
    runtime: [33m35.50989476956649[39m,
    actualIndoorTemp: [33m70[39m,
    auxKw: [33m0[39m,
    defrostPenalty: [33m1.075[39m
  },
  manualTemp: [33m35[39m,
  manualHumidity: [33m50[39m,
  utilityCost: [33m0.1[39m
}
manualDayMetrics values: {
  electricalKw: [33m2.1988636363636367[39m,
  runtime: [33m35.50989476956649[39m,
  hourlyEnergy: [33m0.7808141633989906[39m,
  dailyEnergy: [33m18.739539921575773[39m,
  dailyCost: [33m1.8739539921575774[39m,
  compressorPower: [33m1.8[39m,
  tons: [33m2[39m,
  heatLoss: [33m15000[39m,
  indoorTemp: [33m70[39m,
  utilityCost: [33m0.1[39m
}
manualDayMetrics: {
  dailyEnergy: [33m18.739539921575773[39m,
  dailyCost: [33m1.8739539921575774[39m,
  defrostPenalty: [33m1.075[39m,
  humidity: [33m50[39m,
  outdoorTemp: [33m35[39m
}
manualDayMetrics.dailyEnergy: [33m18.739539921575773[39m
manualDayMetrics.dailyCost: [33m1.8739539921575774[39m
manualDayMetrics.defrostPenalty: [33m1.075[39m
Debugging effectiveHeatLoss: {
  useCalculatedFactor: [33mfalse[39m,
  heatLossFactor: [33m0.5[39m,
  heatLoss: [33m15000[39m,
  effectiveHeatLoss: [33m15000[39m
}
manualDayMetrics: {
  dailyEnergy: [33m18.739539921575773[39m,
  dailyCost: [33m1.8739539921575774[39m,
  defrostPenalty: [33m1.075[39m,
  humidity: [33m50[39m,
  outdoorTemp: [33m35[39m
}
manualDayMetrics.dailyEnergy: [33m18.739539921575773[39m
manualDayMetrics.dailyCost: [33m1.8739539921575774[39m
manualDayMetrics.defrostPenalty: [33m1.075[39m
manualDayMetrics: {
  dailyEnergy: [33m18.739539921575773[39m,
  dailyCost: [33m1.8739539921575774[39m,
  defrostPenalty: [33m1.075[39m,
  humidity: [33m50[39m,
  outdoorTemp: [33m35[39m
}
manualDayMetrics.dailyEnergy: [33m18.739539921575773[39m
manualDayMetrics.dailyCost: [33m1.8739539921575774[39m
manualDayMetrics.defrostPenalty: [33m1.075[39m

[90mstdout[2m | src/pages/__tests__/SevenDayCostForecaster.test.jsx[2m > [22m[2mSevenDayCostForecaster[2m > [22m[2mrenders main UI for returning users
[22m[39mmanualDayMetrics perf: {
  perf: {
    electricalKw: [33m2.1988636363636367[39m,
    runtime: [33m35.50989476956649[39m,
    actualIndoorTemp: [33m70[39m,
    auxKw: [33m0[39m,
    defrostPenalty: [33m1.075[39m
  },
  manualTemp: [33m35[39m,
  manualHumidity: [33m50[39m,
  utilityCost: [33m0.1[39m
}
manualDayMetrics values: {
  electricalKw: [33m2.1988636363636367[39m,
  runtime: [33m35.50989476956649[39m,
  hourlyEnergy: [33m0.7808141633989906[39m,
  dailyEnergy: [33m18.739539921575773[39m,
  dailyCost: [33m1.8739539921575774[39m,
  compressorPower: [33m1.8[39m,
  tons: [33m2[39m,
  heatLoss: [33m15000[39m,
  indoorTemp: [33m70[39m,
  utilityCost: [33m0.1[39m
}
manualDayMetrics: {
  dailyEnergy: [33m18.739539921575773[39m,
  dailyCost: [33m1.8739539921575774[39m,
  defrostPenalty: [33m1.075[39m,
  humidity: [33m50[39m,
  outdoorTemp: [33m35[39m
}
manualDayMetrics.dailyEnergy: [33m18.739539921575773[39m
manualDayMetrics.dailyCost: [33m1.8739539921575774[39m
manualDayMetrics.defrostPenalty: [33m1.075[39m
Debugging effectiveHeatLoss: {
  useCalculatedFactor: [33mfalse[39m,
  heatLossFactor: [33m0.5[39m,
  heatLoss: [33m15000[39m,
  effectiveHeatLoss: [33m15000[39m
}

[90mstdout[2m | src/pages/__tests__/SevenDayCostForecaster.test.jsx[2m > [22m[2mSevenDayCostForecaster[2m > [22m[2monboarding Show Feature Tour starts the tour
[22m[39mmanualDayMetrics perf: {
  perf: {
    electricalKw: [33m2.1988636363636367[39m,
    runtime: [33m35.50989476956649[39m,
    actualIndoorTemp: [33m70[39m,
    auxKw: [33m0[39m,
    defrostPenalty: [33m1.075[39m
  },
  manualTemp: [33m35[39m,
  manualHumidity: [33m50[39m,
  utilityCost: [33m0.1[39m
}
manualDayMetrics values: {
  electricalKw: [33m2.1988636363636367[39m,
  runtime: [33m35.50989476956649[39m,
  hourlyEnergy: [33m0.7808141633989906[39m,
  dailyEnergy: [33m18.739539921575773[39m,
  dailyCost: [33m1.8739539921575774[39m,
  compressorPower: [33m1.8[39m,
  tons: [33m2[39m,
  heatLoss: [33m15000[39m,
  indoorTemp: [33m70[39m,
  utilityCost: [33m0.1[39m
}
manualDayMetrics: {
  dailyEnergy: [33m18.739539921575773[39m,
  dailyCost: [33m1.8739539921575774[39m,
  defrostPenalty: [33m1.075[39m,
  humidity: [33m50[39m,
  outdoorTemp: [33m35[39m
}
manualDayMetrics.dailyEnergy: [33m18.739539921575773[39m
manualDayMetrics.dailyCost: [33m1.8739539921575774[39m
manualDayMetrics.defrostPenalty: [33m1.075[39m
Debugging effectiveHeatLoss: {
  useCalculatedFactor: [33mfalse[39m,
  heatLossFactor: [33m0.5[39m,
  heatLoss: [33m15000[39m,
  effectiveHeatLoss: [33m15000[39m
}
manualDayMetrics: {
  dailyEnergy: [33m18.739539921575773[39m,
  dailyCost: [33m1.8739539921575774[39m,
  defrostPenalty: [33m1.075[39m,
  humidity: [33m50[39m,
  outdoorTemp: [33m35[39m
}
manualDayMetrics.dailyEnergy: [33m18.739539921575773[39m
manualDayMetrics.dailyCost: [33m1.8739539921575774[39m
manualDayMetrics.defrostPenalty: [33m1.075[39m

[90mstdout[2m | src/pages/__tests__/SevenDayCostForecaster.test.jsx[2m > [22m[2mSevenDayCostForecaster[2m > [22m[2monboarding Show Feature Tour starts the tour
[22m[39mmanualDayMetrics: {
  dailyEnergy: [33m18.739539921575773[39m,
  dailyCost: [33m1.8739539921575774[39m,
  defrostPenalty: [33m1.075[39m,
  humidity: [33m50[39m,
  outdoorTemp: [33m35[39m
}
manualDayMetrics.dailyEnergy: [33m18.739539921575773[39m
manualDayMetrics.dailyCost: [33m1.8739539921575774[39m
manualDayMetrics.defrostPenalty: [33m1.075[39m

 [32mΓ£ô[39m src/pages/__tests__/SevenDayCostForecaster.test.jsx[2m > [22mSevenDayCostForecaster[2m > [22mrenders onboarding for first-time users[33m 409[2mms[22m[39m
 [32mΓ£ô[39m src/pages/__tests__/SevenDayCostForecaster.test.jsx[2m > [22mSevenDayCostForecaster[2m > [22mrenders main UI for returning users[32m 23[2mms[22m[39m
[90mstdout[2m | src/pages/__tests__/SevenDayCostForecaster.test.jsx[2m > [22m[2mSevenDayCostForecaster[2m > [22m[2monboarding Show Feature Tour starts the tour
[22m[39mmanualDayMetrics: {
  dailyEnergy: [33m18.739539921575773[39m,
  dailyCost: [33m1.8739539921575774[39m,
  defrostPenalty: [33m1.075[39m,
  humidity: [33m50[39m,
  outdoorTemp: [33m35[39m
}
manualDayMetrics.dailyEnergy: [33m18.739539921575773[39m
manualDayMetrics.dailyCost: [33m1.8739539921575774[39m
manualDayMetrics.defrostPenalty: [33m1.075[39m

[90mstdout[2m | src/pages/__tests__/SevenDayCostForecaster.test.jsx[2m > [22m[2mSevenDayCostForecaster[2m > [22m[2monboarding Show Feature Tour starts the tour
[22m[39mmanualDayMetrics: {
  dailyEnergy: [33m18.739539921575773[39m,
  dailyCost: [33m1.8739539921575774[39m,
  defrostPenalty: [33m1.075[39m,
  humidity: [33m50[39m,
  outdoorTemp: [33m35[39m
}
manualDayMetrics.dailyEnergy: [33m18.739539921575773[39m
manualDayMetrics.dailyCost: [33m1.8739539921575774[39m
manualDayMetrics.defrostPenalty: [33m1.075[39m

 [32mΓ£ô[39m src/pages/__tests__/HeatPumpChargingCalc.test.jsx[2m > [22mHeatPumpChargingCalc[2m > [22mLocalStorage Persistence[2m > [22msaves liquid pressure to localStorage[32m 119[2mms[22m[39m
 [32mΓ£ô[39m src/pages/__tests__/HeatPumpChargingCalc.test.jsx[2m > [22mHeatPumpChargingCalc[2m > [22mLocalStorage Persistence[2m > [22mloads saved values from localStorage on mount[32m 87[2mms[22m[39m
[90mstdout[2m | src/pages/__tests__/SevenDayCostForecaster.test.jsx[2m > [22m[2mSevenDayCostForecaster[2m > [22m[2monboarding Show Feature Tour starts the tour
[22m[39mmanualDayMetrics: {
  dailyEnergy: [33m18.739539921575773[39m,
  dailyCost: [33m1.8739539921575774[39m,
  defrostPenalty: [33m1.075[39m,
  humidity: [33m50[39m,
  outdoorTemp: [33m35[39m
}
manualDayMetrics.dailyEnergy: [33m18.739539921575773[39m
manualDayMetrics.dailyCost: [33m1.8739539921575774[39m
manualDayMetrics.defrostPenalty: [33m1.075[39m

 [32mΓ£ô[39m src/pages/__tests__/HeatPumpChargingCalc.test.jsx[2m > [22mHeatPumpChargingCalc[2m > [22mPress and Hold Functionality[2m > [22mincrements pressure on button click[32m 136[2mms[22m[39m
[90mstderr[2m | src/pages/__tests__/SevenDayCostForecaster.test.jsx[2m > 
[22m[2mSevenDayCostForecaster[2m > [22m[2monboarding Show Feature Tour starts the tour
[22m[39mInvalid state code for EIA API: [1mnull[22m

[90mstdout[2m | src/pages/__tests__/SevenDayCostForecaster.test.jsx[2m > [22m[2mSevenDayCostForecaster[2m > [22m[2monboarding Show Feature Tour starts the tour
[22m[39mmanualDayMetrics: {
  dailyEnergy: [33m18.739539921575773[39m,
  dailyCost: [33m1.8739539921575774[39m,
  defrostPenalty: [33m1.075[39m,
  humidity: [33m50[39m,
  outdoorTemp: [33m35[39m
}
manualDayMetrics.dailyEnergy: [33m18.739539921575773[39m
manualDayMetrics.dailyCost: [33m1.8739539921575774[39m
manualDayMetrics.defrostPenalty: [33m1.075[39m
manualDayMetrics: {
  dailyEnergy: [33m18.739539921575773[39m,
  dailyCost: [33m1.8739539921575774[39m,
  defrostPenalty: [33m1.075[39m,
  humidity: [33m50[39m,
  outdoorTemp: [33m35[39m
}
manualDayMetrics.dailyEnergy: [33m18.739539921575773[39m
manualDayMetrics.dailyCost: [33m1.8739539921575774[39m
manualDayMetrics.defrostPenalty: [33m1.075[39m
No match for "NY", using default: $0.150/kWh
Fallback: Using national average electricity rate for NY: [33m0.15[39m

[90mstderr[2m | src/pages/__tests__/SevenDayCostForecaster.test.jsx[2m > 
[22m[2mSevenDayCostForecaster[2m > [22m[2monboarding Show Feature Tour starts the tour
[22m[39mInvalid state code for EIA API: [1mnull[22m

[90mstdout[2m | src/pages/__tests__/SevenDayCostForecaster.test.jsx[2m > [22m[2mSevenDayCostForecaster[2m > [22m[2monboarding Show Feature Tour starts the tour
[22m[39mNo gas rate match for "NY", using default: $1.200/therm
Fallback: Using national average gas rate for NY: [33m1.2[39m

[90mstdout[2m | src/pages/__tests__/SevenDayCostForecaster.test.jsx[2m > [22m[2mSevenDayCostForecaster[2m > [22m[2monboarding Show Feature Tour starts the tour
[22m[39mmanualDayMetrics: {
  dailyEnergy: [33m18.739539921575773[39m,
  dailyCost: [33m1.8739539921575774[39m,
  defrostPenalty: [33m1.075[39m,
  humidity: [33m50[39m,
  outdoorTemp: [33m35[39m
}
manualDayMetrics.dailyEnergy: [33m18.739539921575773[39m
manualDayMetrics.dailyCost: [33m1.8739539921575774[39m
manualDayMetrics.defrostPenalty: [33m1.075[39m
manualDayMetrics: {
  dailyEnergy: [33m18.739539921575773[39m,
  dailyCost: [33m1.8739539921575774[39m,
  defrostPenalty: [33m1.075[39m,
  humidity: [33m50[39m,
  outdoorTemp: [33m35[39m
}
manualDayMetrics.dailyEnergy: [33m18.739539921575773[39m
manualDayMetrics.dailyCost: [33m1.8739539921575774[39m
manualDayMetrics.defrostPenalty: [33m1.075[39m

[90mstdout[2m | src/pages/__tests__/SevenDayCostForecaster.test.jsx[2m > [22m[2mSevenDayCostForecaster[2m > [22m[2monboarding Show Feature Tour starts the tour
[22m[39mmanualDayMetrics: {
  dailyEnergy: [33m18.739539921575773[39m,
  dailyCost: [33m1.8739539921575774[39m,
  defrostPenalty: [33m1.075[39m,
  humidity: [33m50[39m,
  outdoorTemp: [33m35[39m
}
manualDayMetrics.dailyEnergy: [33m18.739539921575773[39m
manualDayMetrics.dailyCost: [33m1.8739539921575774[39m
manualDayMetrics.defrostPenalty: [33m1.075[39m

 [32mΓ£ô[39m src/pages/__tests__/HeatPumpChargingCalc.test.jsx[2m > [22mHeatPumpChargingCalc[2m > [22mPress and Hold Functionality[2m > [22mdecrements pressure on button click[32m 137[2mms[22m[39m
[90mstdout[2m | src/pages/__tests__/SevenDayCostForecaster.test.jsx[2m > [22m[2mSevenDayCostForecaster[2m > [22m[2monboarding Show Feature Tour starts the tour
[22m[39mmanualDayMetrics: {
  dailyEnergy: [33m18.739539921575773[39m,
  dailyCost: [33m1.8739539921575774[39m,
  defrostPenalty: [33m1.075[39m,
  humidity: [33m50[39m,
  outdoorTemp: [33m35[39m
}
manualDayMetrics.dailyEnergy: [33m18.739539921575773[39m
manualDayMetrics.dailyCost: [33m1.8739539921575774[39m
manualDayMetrics.defrostPenalty: [33m1.075[39m

[90mstderr[2m | src/pages/__tests__/SevenDayCostForecaster.test.jsx[2m > 
[22m[2mSevenDayCostForecaster[2m > [22m[2monboarding Show Feature Tour starts the tour
[22m[39mSome Joyride targets are not yet mounted: [
  [32m'#indoor-temp-slider'[39m,
  [32m'#weekly-energy-card'[39m,
  [32m'#weekly-cost-card'[39m,
  [32m'#weekly-cost-card'[39m,
  [32m'#upgrade-button'[39m,
  [32m'#daily-breakdown-section'[39m,
  [32m'#energy-mode-toggle'[39m
]

 [32mΓ£ô[39m src/pages/__tests__/HeatPumpChargingCalc.test.jsx[2m > [22mHeatPumpChargingCalc[2m > [22mUser Manual Modal[2m > [22mopens user manual when button is clicked[32m 195[2mms[22m[39m
[90mstdout[2m | src/pages/__tests__/SevenDayCostForecaster.test.jsx[2m > [22m[2mSevenDayCostForecaster[2m > [22m[2mwhen searching a city, setHomeElevation is called with geocoded elevation
[22m[39mmanualDayMetrics perf: {
  perf: {
    electricalKw: [33m2.1988636363636367[39m,
    runtime: [33m35.50989476956649[39m,
    actualIndoorTemp: [33m70[39m,
    auxKw: [33m0[39m,
    defrostPenalty: [33m1.075[39m
  },
  manualTemp: [33m35[39m,
  manualHumidity: [33m50[39m,
  utilityCost: [33m0.1[39m
}
manualDayMetrics values: {
  electricalKw: [33m2.1988636363636367[39m,
  runtime: [33m35.50989476956649[39m,
  hourlyEnergy: [33m0.7808141633989906[39m,
  dailyEnergy: [33m18.739539921575773[39m,
  dailyCost: [33m1.8739539921575774[39m,
  compressorPower: [33m1.8[39m,
  tons: [33m2[39m,
  heatLoss: [33m15000[39m,
  indoorTemp: [33m70[39m,
  utilityCost: [33m0.1[39m
}
manualDayMetrics: {
  dailyEnergy: [33m18.739539921575773[39m,
  dailyCost: [33m1.8739539921575774[39m,
  defrostPenalty: [33m1.075[39m,
  humidity: [33m50[39m,
  outdoorTemp: [33m35[39m
}
manualDayMetrics.dailyEnergy: [33m18.739539921575773[39m
manualDayMetrics.dailyCost: [33m1.8739539921575774[39m
manualDayMetrics.defrostPenalty: [33m1.075[39m
Debugging effectiveHeatLoss: {
  useCalculatedFactor: [33mfalse[39m,
  heatLossFactor: [33m0.5[39m,
  heatLoss: [33m15000[39m,
  effectiveHeatLoss: [33m15000[39m
}
manualDayMetrics: {
  dailyEnergy: [33m18.739539921575773[39m,
  dailyCost: [33m1.8739539921575774[39m,
  defrostPenalty: [33m1.075[39m,
  humidity: [33m50[39m,
  outdoorTemp: [33m35[39m
}
manualDayMetrics.dailyEnergy: [33m18.739539921575773[39m
manualDayMetrics.dailyCost: [33m1.8739539921575774[39m
manualDayMetrics.defrostPenalty: [33m1.075[39m

 [32mΓ£ô[39m src/pages/__tests__/HeatPumpChargingCalc.test.jsx[2m > [22mHeatPumpChargingCalc[2m > [22mUser Manual Modal[2m > [22mcloses user manual when X is clicked[32m 211[2mms[22m[39m
 [32mΓ£ô[39m src/pages/__tests__/HeatPumpChargingCalc.test.jsx[2m > [22mHeatPumpChargingCalc[2m > [22mAccessibility[2m > [22mhas proper ARIA labels for pressure controls[32m 61[2mms[22m[39m
[90mstdout[2m | src/pages/__tests__/SevenDayCostForecaster.test.jsx[2m > [22m[2mSevenDayCostForecaster[2m > [22m[2mwhen searching a city, setHomeElevation is called with geocoded elevation
[22m[39mmanualDayMetrics: {
  dailyEnergy: [33m18.739539921575773[39m,
  dailyCost: [33m1.8739539921575774[39m,
  defrostPenalty: [33m1.075[39m,
  humidity: [33m50[39m,
  outdoorTemp: [33m35[39m
}
manualDayMetrics.dailyEnergy: [33m18.739539921575773[39m
manualDayMetrics.dailyCost: [33m1.8739539921575774[39m
manualDayMetrics.defrostPenalty: [33m1.075[39m

 [32mΓ£ô[39m src/pages/__tests__/HeatPumpChargingCalc.test.jsx[2m > [22mHeatPumpChargingCalc[2m > [22mAccessibility[2m > [22mhas proper ARIA labels for temperature controls[32m 72[2mms[22m[39m
 [32mΓ£ô[39m src/pages/__tests__/SevenDayCostForecaster.test.jsx[2m > [22mSevenDayCostForecaster[2m > [22monboarding Show Feature Tour starts the tour[33m 742[2mms[22m[39m
[90mstdout[2m | src/pages/__tests__/SevenDayCostForecaster.test.jsx[2m > [22m[2mSevenDayCostForecaster[2m > [22m[2mwhen searching a city, setHomeElevation is called with geocoded elevation
[22m[39mmanualDayMetrics: {
  dailyEnergy: [33m18.739539921575773[39m,
  dailyCost: [33m1.8739539921575774[39m,
  defrostPenalty: [33m1.075[39m,
  humidity: [33m50[39m,
  outdoorTemp: [33m35[39m
}
manualDayMetrics.dailyEnergy: [33m18.739539921575773[39m
manualDayMetrics.dailyCost: [33m1.8739539921575774[39m
manualDayMetrics.defrostPenalty: [33m1.075[39m
manualDayMetrics: {
  dailyEnergy: [33m18.739539921575773[39m,
  dailyCost: [33m1.8739539921575774[39m,
  defrostPenalty: [33m1.075[39m,
  humidity: [33m50[39m,
  outdoorTemp: [33m35[39m
}
manualDayMetrics.dailyEnergy: [33m18.739539921575773[39m
manualDayMetrics.dailyCost: [33m1.8739539921575774[39m
manualDayMetrics.defrostPenalty: [33m1.075[39m
manualDayMetrics: {
  dailyEnergy: [33m18.739539921575773[39m,
  dailyCost: [33m1.8739539921575774[39m,
  defrostPenalty: [33m1.075[39m,
  humidity: [33m50[39m,
  outdoorTemp: [33m35[39m
}
manualDayMetrics.dailyEnergy: [33m18.739539921575773[39m
manualDayMetrics.dailyCost: [33m1.8739539921575774[39m
manualDayMetrics.defrostPenalty: [33m1.075[39m

[90mstderr[2m | src/pages/__tests__/SevenDayCostForecaster.test.jsx[2m > 
[22m[2mSevenDayCostForecaster[2m > [22m[2mwhen searching a city, setHomeElevation is called 
with geocoded elevation
[22m[39mInvalid state code for EIA API: [1mnull[22m

[90mstdout[2m | src/pages/__tests__/SevenDayCostForecaster.test.jsx[2m > [22m[2mSevenDayCostForecaster[2m > [22m[2mwhen searching a city, setHomeElevation is called with geocoded elevation
[22m[39mmanualDayMetrics: {
  dailyEnergy: [33m18.739539921575773[39m,
  dailyCost: [33m1.8739539921575774[39m,
  defrostPenalty: [33m1.075[39m,
  humidity: [33m50[39m,
  outdoorTemp: [33m35[39m
}
manualDayMetrics.dailyEnergy: [33m18.739539921575773[39m
manualDayMetrics.dailyCost: [33m1.8739539921575774[39m
manualDayMetrics.defrostPenalty: [33m1.075[39m
manualDayMetrics: {
  dailyEnergy: [33m18.739539921575773[39m,
  dailyCost: [33m1.8739539921575774[39m,
  defrostPenalty: [33m1.075[39m,
  humidity: [33m50[39m,
  outdoorTemp: [33m35[39m
}
manualDayMetrics.dailyEnergy: [33m18.739539921575773[39m
manualDayMetrics.dailyCost: [33m1.8739539921575774[39m
manualDayMetrics.defrostPenalty: [33m1.075[39m
No match for "GA", using default: $0.150/kWh
Fallback: Using national average electricity rate for GA: [33m0.15[39m

[90mstderr[2m | src/pages/__tests__/SevenDayCostForecaster.test.jsx[2m > 
[22m[2mSevenDayCostForecaster[2m > [22m[2mwhen searching a city, setHomeElevation is called 
with geocoded elevation
[22m[39mInvalid state code for EIA API: [1mnull[22m

[90mstdout[2m | src/pages/__tests__/SevenDayCostForecaster.test.jsx[2m > [22m[2mSevenDayCostForecaster[2m > [22m[2mwhen searching a city, setHomeElevation is called with geocoded elevation
[22m[39mNo gas rate match for "GA", using default: $1.200/therm
Fallback: Using national average gas rate for GA: [33m1.2[39m

[90mstdout[2m | src/pages/__tests__/SevenDayCostForecaster.test.jsx[2m > [22m[2mSevenDayCostForecaster[2m > [22m[2mwhen searching a city, setHomeElevation is called with geocoded elevation
[22m[39mmanualDayMetrics: {
  dailyEnergy: [33m18.739539921575773[39m,
  dailyCost: [33m1.8739539921575774[39m,
  defrostPenalty: [33m1.075[39m,
  humidity: [33m50[39m,
  outdoorTemp: [33m35[39m
}
manualDayMetrics.dailyEnergy: [33m18.739539921575773[39m
manualDayMetrics.dailyCost: [33m1.8739539921575774[39m
manualDayMetrics.defrostPenalty: [33m1.075[39m
manualDayMetrics: {
  dailyEnergy: [33m18.739539921575773[39m,
  dailyCost: [33m1.8739539921575774[39m,
  defrostPenalty: [33m1.075[39m,
  humidity: [33m50[39m,
  outdoorTemp: [33m35[39m
}
manualDayMetrics.dailyEnergy: [33m18.739539921575773[39m
manualDayMetrics.dailyCost: [33m1.8739539921575774[39m
manualDayMetrics.defrostPenalty: [33m1.075[39m

[90mstdout[2m | src/pages/__tests__/SevenDayCostForecaster.test.jsx[2m > [22m[2mSevenDayCostForecaster[2m > [22m[2mdisplays heat loss tooltip in Custom Scenario when toggled
[22m[39mmanualDayMetrics perf: {
  perf: {
    electricalKw: [33m2.1988636363636367[39m,
    runtime: [33m35.50989476956649[39m,
    actualIndoorTemp: [33m70[39m,
    auxKw: [33m0[39m,
    defrostPenalty: [33m1.075[39m
  },
  manualTemp: [33m35[39m,
  manualHumidity: [33m50[39m,
  utilityCost: [33m0.1[39m
}
manualDayMetrics values: {
  electricalKw: [33m2.1988636363636367[39m,
  runtime: [33m35.50989476956649[39m,
  hourlyEnergy: [33m0.7808141633989906[39m,
  dailyEnergy: [33m18.739539921575773[39m,
  dailyCost: [33m1.8739539921575774[39m,
  compressorPower: [33m1.8[39m,
  tons: [33m2[39m,
  heatLoss: [33m15000[39m,
  indoorTemp: [33m70[39m,
  utilityCost: [33m0.1[39m
}
manualDayMetrics: {
  dailyEnergy: [33m18.739539921575773[39m,
  dailyCost: [33m1.8739539921575774[39m,
  defrostPenalty: [33m1.075[39m,
  humidity: [33m50[39m,
  outdoorTemp: [33m35[39m
}
manualDayMetrics.dailyEnergy: [33m18.739539921575773[39m
manualDayMetrics.dailyCost: [33m1.8739539921575774[39m
manualDayMetrics.defrostPenalty: [33m1.075[39m
Debugging effectiveHeatLoss: {
  useCalculatedFactor: [33mfalse[39m,
  heatLossFactor: [33m0.5[39m,
  heatLoss: [33m15000[39m,
  effectiveHeatLoss: [33m15000[39m
}

[90mstdout[2m | src/pages/__tests__/SevenDayCostForecaster.test.jsx[2m > [22m[2mSevenDayCostForecaster[2m > [22m[2mdisplays heat loss tooltip in Custom Scenario when toggled
[22m[39mmanualDayMetrics: {
  dailyEnergy: [33m18.739539921575773[39m,
  dailyCost: [33m1.8739539921575774[39m,
  defrostPenalty: [33m1.075[39m,
  humidity: [33m50[39m,
  outdoorTemp: [33m35[39m
}
manualDayMetrics.dailyEnergy: [33m18.739539921575773[39m
manualDayMetrics.dailyCost: [33m1.8739539921575774[39m
manualDayMetrics.defrostPenalty: [33m1.075[39m
manualDayMetrics: {
  dailyEnergy: [33m18.739539921575773[39m,
  dailyCost: [33m1.8739539921575774[39m,
  defrostPenalty: [33m1.075[39m,
  humidity: [33m50[39m,
  outdoorTemp: [33m35[39m
}
manualDayMetrics.dailyEnergy: [33m18.739539921575773[39m
manualDayMetrics.dailyCost: [33m1.8739539921575774[39m
manualDayMetrics.defrostPenalty: [33m1.075[39m

 [32mΓ£ô[39m src/pages/__tests__/SevenDayCostForecaster.test.jsx[2m > [22mSevenDayCostForecaster[2m > [22mwhen searching a city, setHomeElevation is called with geocoded elevation[33m 386[2mms[22m[39m
 [32mΓ£ô[39m src/pages/__tests__/SevenDayCostForecaster.test.jsx[2m > [22mSevenDayCostForecaster[2m > [22msimple test case[32m 0[2mms[22m[39m
[90mstdout[2m | src/pages/__tests__/SevenDayCostForecaster.test.jsx[2m > [22m[2mSevenDayCostForecaster[2m > [22m[2mdisplays heat loss tooltip in Custom Scenario when toggled
[22m[39mmanualDayMetrics: {
  dailyEnergy: [33m18.739539921575773[39m,
  dailyCost: [33m1.8739539921575774[39m,
  defrostPenalty: [33m1.075[39m,
  humidity: [33m50[39m,
  outdoorTemp: [33m35[39m
}
manualDayMetrics.dailyEnergy: [33m18.739539921575773[39m
manualDayMetrics.dailyCost: [33m1.8739539921575774[39m
manualDayMetrics.defrostPenalty: [33m1.075[39m

 [32mΓ£ô[39m src/pages/__tests__/SevenDayCostForecaster.test.jsx[2m > [22mSevenDayCostForecaster[2m > [22mdisplays heat loss tooltip in Custom Scenario when toggled[32m 172[2mms[22m[39m
